Archive member included to satisfy reference by file (symbol)

c:/altera/15.0/nios2eds/bin/gnu/h-x86_64-mingw32/bin/../lib/gcc/nios2-elf/4.9.1/../../../../../H-x86_64-mingw32/nios2-elf/lib\libc.a(lib_a-exit.o)
                              obj/default/alt_ucosii_simple_error_check.o (exit)
c:/altera/15.0/nios2eds/bin/gnu/h-x86_64-mingw32/bin/../lib/gcc/nios2-elf/4.9.1/../../../../../H-x86_64-mingw32/nios2-elf/lib\libc.a(lib_a-fprintf.o)
                              obj/default/alt_ucosii_simple_error_check.o (fprintf)
c:/altera/15.0/nios2eds/bin/gnu/h-x86_64-mingw32/bin/../lib/gcc/nios2-elf/4.9.1/../../../../../H-x86_64-mingw32/nios2-elf/lib\libc.a(lib_a-fwrite.o)
                              obj/default/alt_ucosii_simple_error_check.o (fwrite)
c:/altera/15.0/nios2eds/bin/gnu/h-x86_64-mingw32/bin/../lib/gcc/nios2-elf/4.9.1/../../../../../H-x86_64-mingw32/nios2-elf/lib\libc.a(lib_a-impure.o)
                              c:/altera/15.0/nios2eds/bin/gnu/h-x86_64-mingw32/bin/../lib/gcc/nios2-elf/4.9.1/../../../../../H-x86_64-mingw32/nios2-elf/lib\libc.a(lib_a-exit.o) (_global_impure_ptr)
c:/altera/15.0/nios2eds/bin/gnu/h-x86_64-mingw32/bin/../lib/gcc/nios2-elf/4.9.1/../../../../../H-x86_64-mingw32/nios2-elf/lib\libc.a(lib_a-printf.o)
                              obj/default/ucosii_tutorial.o (printf)
c:/altera/15.0/nios2eds/bin/gnu/h-x86_64-mingw32/bin/../lib/gcc/nios2-elf/4.9.1/../../../../../H-x86_64-mingw32/nios2-elf/lib\libc.a(lib_a-putchar.o)
                              obj/default/ucosii_tutorial.o (putchar)
c:/altera/15.0/nios2eds/bin/gnu/h-x86_64-mingw32/bin/../lib/gcc/nios2-elf/4.9.1/../../../../../H-x86_64-mingw32/nios2-elf/lib\libc.a(lib_a-puts.o)
                              obj/default/alt_ucosii_simple_error_check.o (puts)
c:/altera/15.0/nios2eds/bin/gnu/h-x86_64-mingw32/bin/../lib/gcc/nios2-elf/4.9.1/../../../../../H-x86_64-mingw32/nios2-elf/lib\libc.a(lib_a-strlen.o)
                              c:/altera/15.0/nios2eds/bin/gnu/h-x86_64-mingw32/bin/../lib/gcc/nios2-elf/4.9.1/../../../../../H-x86_64-mingw32/nios2-elf/lib\libc.a(lib_a-puts.o) (strlen)
c:/altera/15.0/nios2eds/bin/gnu/h-x86_64-mingw32/bin/../lib/gcc/nios2-elf/4.9.1/../../../../../H-x86_64-mingw32/nios2-elf/lib\libc.a(lib_a-vfprintf.o)
                              c:/altera/15.0/nios2eds/bin/gnu/h-x86_64-mingw32/bin/../lib/gcc/nios2-elf/4.9.1/../../../../../H-x86_64-mingw32/nios2-elf/lib\libc.a(lib_a-printf.o) (___vfprintf_internal_r)
c:/altera/15.0/nios2eds/bin/gnu/h-x86_64-mingw32/bin/../lib/gcc/nios2-elf/4.9.1/../../../../../H-x86_64-mingw32/nios2-elf/lib\libc.a(lib_a-wsetup.o)
                              c:/altera/15.0/nios2eds/bin/gnu/h-x86_64-mingw32/bin/../lib/gcc/nios2-elf/4.9.1/../../../../../H-x86_64-mingw32/nios2-elf/lib\libc.a(lib_a-vfprintf.o) (__swsetup_r)
c:/altera/15.0/nios2eds/bin/gnu/h-x86_64-mingw32/bin/../lib/gcc/nios2-elf/4.9.1/../../../../../H-x86_64-mingw32/nios2-elf/lib\libc.a(lib_a-__call_atexit.o)
                              c:/altera/15.0/nios2eds/bin/gnu/h-x86_64-mingw32/bin/../lib/gcc/nios2-elf/4.9.1/../../../../../H-x86_64-mingw32/nios2-elf/lib\libc.a(lib_a-exit.o) (__call_exitprocs)
c:/altera/15.0/nios2eds/bin/gnu/h-x86_64-mingw32/bin/../lib/gcc/nios2-elf/4.9.1/../../../../../H-x86_64-mingw32/nios2-elf/lib\libc.a(lib_a-dtoa.o)
                              c:/altera/15.0/nios2eds/bin/gnu/h-x86_64-mingw32/bin/../lib/gcc/nios2-elf/4.9.1/../../../../../H-x86_64-mingw32/nios2-elf/lib\libc.a(lib_a-vfprintf.o) (_dtoa_r)
c:/altera/15.0/nios2eds/bin/gnu/h-x86_64-mingw32/bin/../lib/gcc/nios2-elf/4.9.1/../../../../../H-x86_64-mingw32/nios2-elf/lib\libc.a(lib_a-fflush.o)
                              c:/altera/15.0/nios2eds/bin/gnu/h-x86_64-mingw32/bin/../lib/gcc/nios2-elf/4.9.1/../../../../../H-x86_64-mingw32/nios2-elf/lib\libc.a(lib_a-vfprintf.o) (_fflush_r)
c:/altera/15.0/nios2eds/bin/gnu/h-x86_64-mingw32/bin/../lib/gcc/nios2-elf/4.9.1/../../../../../H-x86_64-mingw32/nios2-elf/lib\libc.a(lib_a-findfp.o)
                              c:/altera/15.0/nios2eds/bin/gnu/h-x86_64-mingw32/bin/../lib/gcc/nios2-elf/4.9.1/../../../../../H-x86_64-mingw32/nios2-elf/lib\libc.a(lib_a-fwrite.o) (__sinit)
c:/altera/15.0/nios2eds/bin/gnu/h-x86_64-mingw32/bin/../lib/gcc/nios2-elf/4.9.1/../../../../../H-x86_64-mingw32/nios2-elf/lib\libc.a(lib_a-freer.o)
                              c:/altera/15.0/nios2eds/bin/gnu/h-x86_64-mingw32/bin/../lib/gcc/nios2-elf/4.9.1/../../../../../H-x86_64-mingw32/nios2-elf/lib\libc.a(lib_a-wsetup.o) (_free_r)
c:/altera/15.0/nios2eds/bin/gnu/h-x86_64-mingw32/bin/../lib/gcc/nios2-elf/4.9.1/../../../../../H-x86_64-mingw32/nios2-elf/lib\libc.a(lib_a-fvwrite.o)
                              c:/altera/15.0/nios2eds/bin/gnu/h-x86_64-mingw32/bin/../lib/gcc/nios2-elf/4.9.1/../../../../../H-x86_64-mingw32/nios2-elf/lib\libc.a(lib_a-fwrite.o) (__sfvwrite_r)
[...]
Memory Configuration

Name             Origin             Length             Attributes
reset            0x0000000000800000 0x0000000000000020
ext_flash_ctl    0x0000000000800020 0x00000000007fffe0
ext_ram_ctl_BEFORE_EXCEPTION 0x0000000001200000 0x0000000000000020
ext_ram_ctl      0x0000000001200020 0x00000000001fffe0
instruction_tcm  0x0000000002000000 0x0000000000004000
*default*        0x0000000000000000 0xffffffffffffffff

Linker script and memory map

LOAD D:\Altera\IU3-17M\Gutnikov\embsw\nios_II_lab_1\SysBuild\CodeGenerated\DE2_115\Lab1_POVS\software\ucosii_tutorial_bsp/obj/HAL/src/crt0.o
LOAD obj/default/alt_ucosii_simple_error_check.o
LOAD obj/default/ucosii_tutorial.o
LOAD c:/altera/15.0/nios2eds/bin/gnu/h-x86_64-mingw32/bin/../lib/gcc/nios2-elf/4.9.1/../../../../../H-x86_64-mingw32/nios2-elf/lib\libstdc++.a
LOAD c:/altera/15.0/nios2eds/bin/gnu/h-x86_64-mingw32/bin/../lib/gcc/nios2-elf/4.9.1/../../../../../H-x86_64-mingw32/nios2-elf/lib\libm.a
LOAD c:/altera/15.0/nios2eds/bin/gnu/h-x86_64-mingw32/bin/../lib/gcc/nios2-elf/4.9.1\libgcc.a
START GROUP
LOAD c:/altera/15.0/nios2eds/bin/gnu/h-x86_64-mingw32/bin/../lib/gcc/nios2-elf/4.9.1/../../../../../H-x86_64-mingw32/nios2-elf/lib\libc.a
LOAD c:/altera/15.0/nios2eds/bin/gnu/h-x86_64-mingw32/bin/../lib/gcc/nios2-elf/4.9.1\libgcc.a
LOAD D:\Altera\IU3-17M\Gutnikov\embsw\nios_II_lab_1\SysBuild\CodeGenerated\DE2_115\Lab1_POVS\software\ucosii_tutorial_bsp\libucosii_bsp.a
LOAD c:/altera/15.0/nios2eds/bin/gnu/h-x86_64-mingw32/bin/../lib/gcc/nios2-elf/4.9.1/../../../../../H-x86_64-mingw32/nios2-elf/lib\libm.a
END GROUP
LOAD c:/altera/15.0/nios2eds/bin/gnu/h-x86_64-mingw32/bin/../lib/gcc/nios2-elf/4.9.1\libgcc.a
                0x0000000000800000                __alt_mem_ext_flash_ctl = 0x800000
                0x0000000001200000                __alt_mem_ext_ram_ctl = 0x1200000
                0x0000000002000000                __alt_mem_instruction_tcm = 0x2000000

.entry          0x0000000000800000        0x0
 *(.entry)
 .entry         0x0000000000800000        0x0 D:\Altera\IU3-17M\Gutnikov\embsw\nios_II_lab_1\SysBuild\CodeGenerated\DE2_115\Lab1_POVS\software\ucosii_tutorial_bsp/obj/HAL/src/crt0.o
                0x0000000000800000                __reset

.exceptions     0x0000000001200020      0x220
                0x0000000001200020                PROVIDE (__ram_exceptions_start, ABSOLUTE (.))
                0x0000000001200020                . = ALIGN (0x20)
 *(.irq)
 *(.exceptions.entry.label)
 .exceptions.entry.label
                0x0000000001200020        0x0 D:\Altera\IU3-17M\Gutnikov\embsw\nios_II_lab_1\SysBuild\CodeGenerated\DE2_115\Lab1_POVS\software\ucosii_tutorial_bsp\libucosii_bsp.a(alt_irq_entry.o)
                0x0000000001200020                alt_irq_entry
 .exceptions.entry.label
                0x0000000001200020        0x0 D:\Altera\IU3-17M\Gutnikov\embsw\nios_II_lab_1\SysBuild\CodeGenerated\DE2_115\Lab1_POVS\software\ucosii_tutorial_bsp\libucosii_bsp.a(alt_exception_entry.o)
                0x0000000001200020                alt_exception
 *(.exceptions.entry.user)
 *(.exceptions.entry.ecc_fatal)
 *(.exceptions.entry)
 .exceptions.entry
                0x0000000001200020       0x54 D:\Altera\IU3-17M\Gutnikov\embsw\nios_II_lab_1\SysBuild\CodeGenerated\DE2_115\Lab1_POVS\software\ucosii_tutorial_bsp\libucosii_bsp.a(alt_exception_entry.o)
 *(.exceptions.irqtest.user)
 *(.exceptions.irqtest)
 .exceptions.irqtest
                0x0000000001200074       0x10 D:\Altera\IU3-17M\Gutnikov\embsw\nios_II_lab_1\SysBuild\CodeGenerated\DE2_115\Lab1_POVS\software\ucosii_tutorial_bsp\libucosii_bsp.a(alt_irq_entry.o)
 *(.exceptions.irqhandler.user)
 *(.exceptions.irqhandler)
 .exceptions.irqhandler
                0x0000000001200084        0x4 D:\Altera\IU3-17M\Gutnikov\embsw\nios_II_lab_1\SysBuild\CodeGenerated\DE2_115\Lab1_POVS\software\ucosii_tutorial_bsp\libucosii_bsp.a(alt_irq_entry.o)
 *(.exceptions.irqreturn.user)
 *(.exceptions.irqreturn)
 .exceptions.irqreturn
                0x0000000001200088        0x4 D:\Altera\IU3-17M\Gutnikov\embsw\nios_II_lab_1\SysBuild\CodeGenerated\DE2_115\Lab1_POVS\software\ucosii_tutorial_bsp\libucosii_bsp.a(alt_irq_entry.o)
 *(.exceptions.notirq.label)
 .exceptions.notirq.label
                0x000000000120008c        0x0 D:\Altera\IU3-17M\Gutnikov\embsw\nios_II_lab_1\SysBuild\CodeGenerated\DE2_115\Lab1_POVS\software\ucosii_tutorial_bsp\libucosii_bsp.a(alt_irq_entry.o)
 *(.exceptions.notirq.user)
 *(.exceptions.notirq)
 .exceptions.notirq
                0x000000000120008c        0x8 D:\Altera\IU3-17M\Gutnikov\embsw\nios_II_lab_1\SysBuild\CodeGenerated\DE2_115\Lab1_POVS\software\ucosii_tutorial_bsp\libucosii_bsp.a(alt_exception_entry.o)
 *(.exceptions.soft.user)
 *(.exceptions.soft)
 *(.exceptions.unknown.user)
 *(.exceptions.unknown)
 .exceptions.unknown
                0x0000000001200094       0x14 D:\Altera\IU3-17M\Gutnikov\embsw\nios_II_lab_1\SysBuild\CodeGenerated\DE2_115\Lab1_POVS\software\ucosii_tutorial_bsp\libucosii_bsp.a(alt_exception_entry.o)
 *(.exceptions.exit.label)
 .exceptions.exit.label
                0x00000000012000a8        0x0 D:\Altera\IU3-17M\Gutnikov\embsw\nios_II_lab_1\SysBuild\CodeGenerated\DE2_115\Lab1_POVS\software\ucosii_tutorial_bsp\libucosii_bsp.a(alt_irq_entry.o)
 .exceptions.exit.label
                0x00000000012000a8        0x0 D:\Altera\IU3-17M\Gutnikov\embsw\nios_II_lab_1\SysBuild\CodeGenerated\DE2_115\Lab1_POVS\software\ucosii_tutorial_bsp\libucosii_bsp.a(alt_exception_entry.o)
 *(.exceptions.exit.user)
 *(.exceptions.exit)
 .exceptions.exit
                0x00000000012000a8       0x54 D:\Altera\IU3-17M\Gutnikov\embsw\nios_II_lab_1\SysBuild\CodeGenerated\DE2_115\Lab1_POVS\software\ucosii_tutorial_bsp\libucosii_bsp.a(alt_exception_entry.o)
 *(.exceptions)
 .exceptions    0x00000000012000fc       0xd0 D:\Altera\IU3-17M\Gutnikov\embsw\nios_II_lab_1\SysBuild\CodeGenerated\DE2_115\Lab1_POVS\software\ucosii_tutorial_bsp\libucosii_bsp.a(alt_irq_handler.o)
                0x00000000012000fc                alt_irq_handler
 .exceptions    0x00000000012001cc       0x74 D:\Altera\IU3-17M\Gutnikov\embsw\nios_II_lab_1\SysBuild\CodeGenerated\DE2_115\Lab1_POVS\software\ucosii_tutorial_bsp\libucosii_bsp.a(alt_instruction_exception_entry.o)
                0x00000000012001cc                alt_instruction_exception_entry
                0x0000000001200240                PROVIDE (__ram_exceptions_end, ABSOLUTE (.))
                0x0000000001200020                PROVIDE (__flash_exceptions_start, LOADADDR (.exceptions))

.text           0x0000000001200240    0x1a9ec
                0x0000000001200240                PROVIDE (stext, ABSOLUTE (.))
 *(.interp)
 *(.hash)
 *(.dynsym)
 *(.dynstr)
 *(.gnu.version)
 *(.gnu.version_d)
 *(.gnu.version_r)
 *(.rel.init)
 *(.rela.init)
 *(.rel.text .rel.text.* .rel.gnu.linkonce.t.*)
 *(.rela.text .rela.text.* .rela.gnu.linkonce.t.*)
 *(.rel.fini)
 *(.rela.fini)
 *(.rel.rodata .rel.rodata.* .rel.gnu.linkonce.r.*)
 *(.rela.rodata .rela.rodata.* .rela.gnu.linkonce.r.*)
 *(.rel.data .rel.data.* .rel.gnu.linkonce.d.*)
 *(.rela.data .rela.data.* .rela.gnu.linkonce.d.*)
 *(.rel.tdata .rel.tdata.* .rel.gnu.linkonce.td.*)
 *(.rela.tdata .rela.tdata.* .rela.gnu.linkonce.td.*)
 *(.rel.tbss .rel.tbss.* .rel.gnu.linkonce.tb.*)
 *(.rela.tbss .rela.tbss.* .rela.gnu.linkonce.tb.*)
 *(.rel.ctors)
 *(.rela.ctors)
 *(.rel.dtors)
 *(.rela.dtors)
 *(.rel.got)
 *(.rela.got)
 *(.rel.sdata .rel.sdata.* .rel.gnu.linkonce.s.*)
 *(.rela.sdata .rela.sdata.* .rela.gnu.linkonce.s.*)
 *(.rel.sbss .rel.sbss.* .rel.gnu.linkonce.sb.*)
 *(.rela.sbss .rela.sbss.* .rela.gnu.linkonce.sb.*)
 *(.rel.sdata2 .rel.sdata2.* .rel.gnu.linkonce.s2.*)
 *(.rela.sdata2 .rela.sdata2.* .rela.gnu.linkonce.s2.*)
 *(.rel.sbss2 .rel.sbss2.* .rel.gnu.linkonce.sb2.*)
 *(.rela.sbss2 .rela.sbss2.* .rela.gnu.linkonce.sb2.*)
 *(.rel.bss .rel.bss.* .rel.gnu.linkonce.b.*)
 *(.rela.bss .rela.bss.* .rela.gnu.linkonce.b.*)
 *(.rel.plt)
 *(.rela.plt)
 *(.rel.dyn)
 *(.init)
 *(.plt)
 *(.text .stub .text.* .gnu.linkonce.t.*)
 .text          0x0000000001200240       0x48 D:\Altera\IU3-17M\Gutnikov\embsw\nios_II_lab_1\SysBuild\CodeGenerated\DE2_115\Lab1_POVS\software\ucosii_tutorial_bsp/obj/HAL/src/crt0.o
                0x0000000001200240                _start
 .text          0x0000000001200288      0x530 obj/default/alt_ucosii_simple_error_check.o
                0x0000000001200288                alt_ucosii_check_return_code
                0x00000000012002d0                alt_ucosii_simple_error_handler
 .text          0x00000000012007b8      0x6c4 obj/default/ucosii_tutorial.o
                0x00000000012007b8                print_status_task
                0x0000000001200910                getsem_task1
                0x0000000001200a20                getsem_task2
                0x0000000001200af8                send_task
                0x0000000001200ba4                receive_task1
                0x0000000001200c0c                receive_task2
                0x0000000001200c74                initialize_task
                0x0000000001200cb0                main
                0x0000000001200d18                initOSDataStructs
                0x0000000001200d60                initCreateTasks
 .text          0x0000000001200e7c       0x38 c:/altera/15.0/nios2eds/bin/gnu/h-x86_64-mingw32/bin/../lib/gcc/nios2-elf/4.9.1/../../../../../H-x86_64-mingw32/nios2-elf/lib\libc.a(lib_a-exit.o)
                0x0000000001200e7c                exit
 .text          0x0000000001200eb4       0x4c c:/altera/15.0/nios2eds/bin/gnu/h-x86_64-mingw32/bin/../lib/gcc/nios2-elf/4.9.1/../../../../../H-x86_64-mingw32/nios2-elf/lib\libc.a(lib_a-fprintf.o)
                0x0000000001200eb4                _fprintf_r
                0x0000000001200edc                fprintf
 .text          0x0000000001200f00      0x10c c:/altera/15.0/nios2eds/bin/gnu/h-x86_64-mingw32/bin/../lib/gcc/nios2-elf/4.9.1/../../../../../H-x86_64-mingw32/nios2-elf/lib\libc.a(lib_a-fwrite.o)
                0x0000000001200f00                _fwrite_r
                0x0000000001200fcc                fwrite
 .text          0x000000000120100c        0x0 c:/altera/15.0/nios2eds/bin/gnu/h-x86_64-mingw32/bin/../lib/gcc/nios2-elf/4.9.1/../../../../../H-x86_64-mingw32/nios2-elf/lib\libc.a(lib_a-impure.o)
 .text          0x000000000120100c       0x68 c:/altera/15.0/nios2eds/bin/gnu/h-x86_64-mingw32/bin/../lib/gcc/nios2-elf/4.9.1/../../../../../H-x86_64-mingw32/nios2-elf/lib\libc.a(lib_a-printf.o)
                0x000000000120100c                _printf_r
                0x0000000001201038                printf
 .text          0x0000000001201074       0x20 c:/altera/15.0/nios2eds/bin/gnu/h-x86_64-mingw32/bin/../lib/gcc/nios2-elf/4.9.1/../../../../../H-x86_64-mingw32/nios2-elf/lib\libc.a(lib_a-putchar.o)
                0x0000000001201074                _putchar_r
                0x000000000120107c                putchar
 .text          0x0000000001201094       0xcc c:/altera/15.0/nios2eds/bin/gnu/h-x86_64-mingw32/bin/../lib/gcc/nios2-elf/4.9.1/../../../../../H-x86_64-mingw32/nios2-elf/lib\libc.a(lib_a-puts.o)
                0x0000000001201094                _puts_r
                0x000000000120114c                puts
 .text          0x0000000001201160       0x98 c:/altera/15.0/nios2eds/bin/gnu/h-x86_64-mingw32/bin/../lib/gcc/nios2-elf/4.9.1/../../../../../H-x86_64-mingw32/nios2-elf/lib\libc.a(lib_a-strlen.o)
                0x0000000001201160                strlen
 .text          0x00000000012011f8     0x2020 c:/altera/15.0/nios2eds/bin/gnu/h-x86_64-mingw32/bin/../lib/gcc/nios2-elf/4.9.1/../../../../../H-x86_64-mingw32/nios2-elf/lib\libc.a(lib_a-vfprintf.o)
                0x00000000012011f8                ___vfprintf_internal_r
                0x00000000012031f4                __vfprintf_internal
 .text          0x0000000001203218      0x130 c:/altera/15.0/nios2eds/bin/gnu/h-x86_64-mingw32/bin/../lib/gcc/nios2-elf/4.9.1/../../../../../H-x86_64-mingw32/nios2-elf/lib\libc.a(lib_a-wsetup.o)
                0x0000000001203218                __swsetup_r
 .text          0x0000000001203348      0x194 c:/altera/15.0/nios2eds/bin/gnu/h-x86_64-mingw32/bin/../lib/gcc/nios2-elf/4.9.1/../../../../../H-x86_64-mingw32/nios2-elf/lib\libc.a(lib_a-__call_atexit.o)
                0x0000000001203348                __call_exitprocs
 .text          0x00000000012034dc     0x1928 c:/altera/15.0/nios2eds/bin/gnu/h-x86_64-mingw32/bin/../lib/gcc/nios2-elf/4.9.1/../../../../../H-x86_64-mingw32/nios2-elf/lib\libc.a(lib_a-dtoa.o)
                0x00000000012036dc                _dtoa_r
 .text          0x0000000001204e04      0x258 c:/altera/15.0/nios2eds/bin/gnu/h-x86_64-mingw32/bin/../lib/gcc/nios2-elf/4.9.1/../../../../../H-x86_64-mingw32/nios2-elf/lib\libc.a(lib_a-fflush.o)
                0x0000000001204e04                _fflush_r
                0x000000000120502c                fflush
 .text          0x000000000120505c      0x3a0 c:/altera/15.0/nios2eds/bin/gnu/h-x86_64-mingw32/bin/../lib/gcc/nios2-elf/4.9.1/../../../../../H-x86_64-mingw32/nios2-elf/lib\libc.a(lib_a-findfp.o)
                0x000000000120506c                _cleanup_r
                0x0000000001205218                __sfmoreglue
                0x000000000120527c                __sfp
                0x0000000001205394                _cleanup
                0x00000000012053ac                __sinit
                0x00000000012053bc                __sfp_lock_acquire
                0x00000000012053c0                __sfp_lock_release
                0x00000000012053c4                __sinit_lock_acquire
                0x00000000012053c8                __sinit_lock_release
                0x00000000012053cc                __fp_lock_all
                0x00000000012053e4                __fp_unlock_all
 .text          0x00000000012053fc      0x414 c:/altera/15.0/nios2eds/bin/gnu/h-x86_64-mingw32/bin/../lib/gcc/nios2-elf/4.9.1/../../../../../H-x86_64-mingw32/nios2-elf/lib\libc.a(lib_a-freer.o)
                0x00000000012053fc                _malloc_trim_r
                0x0000000001205520                _free_r
 .text          0x0000000001205810      0x4a4 c:/altera/15.0/nios2eds/bin/gnu/h-x86_64-mingw32/bin/../lib/gcc/nios2-elf/4.9.1/../../../../../H-x86_64-mingw32/nios2-elf/lib\libc.a(lib_a-fvwrite.o)
                0x0000000001205810                __sfvwrite_r
 .text          0x0000000001205cb4      0x170 c:/altera/15.0/nios2eds/bin/gnu/h-x86_64-mingw32/bin/../lib/gcc/nios2-elf/4.9.1/../../../../../H-x86_64-mingw32/nios2-elf/lib\libc.a(lib_a-fwalk.o)
                0x0000000001205cb4                _fwalk
                0x0000000001205d6c                _fwalk_reent
 .text          0x0000000001205e24       0xe0 c:/altera/15.0/nios2eds/bin/gnu/h-x86_64-mingw32/bin/../lib/gcc/nios2-elf/4.9.1/../../../../../H-x86_64-mingw32/nios2-elf/lib\libc.a(lib_a-locale.o)
                0x0000000001205e24                _setlocale_r
                0x0000000001205ea0                __locale_charset
                0x0000000001205eac                __locale_mb_cur_max
                0x0000000001205ebc                __locale_msgcharset
                0x0000000001205ec8                __locale_cjk_lang
                0x0000000001205ed0                _localeconv_r
                0x0000000001205edc                setlocale
                0x0000000001205ef8                localeconv
 .text          0x0000000001205f04      0x1b8 c:/altera/15.0/nios2eds/bin/gnu/h-x86_64-mingw32/bin/../lib/gcc/nios2-elf/4.9.1/../../../../../H-x86_64-mingw32/nios2-elf/lib\libc.a(lib_a-makebuf.o)
                0x0000000001205f04                __smakebuf_r
 .text          0x00000000012060bc      0x7a8 c:/altera/15.0/nios2eds/bin/gnu/h-x86_64-mingw32/bin/../lib/gcc/nios2-elf/4.9.1/../../../../../H-x86_64-mingw32/nios2-elf/lib\libc.a(lib_a-mallocr.o)
                0x00000000012060bc                _malloc_r
 .text          0x0000000001206864       0xe8 c:/altera/15.0/nios2eds/bin/gnu/h-x86_64-mingw32/bin/../lib/gcc/nios2-elf/4.9.1/../../../../../H-x86_64-mingw32/nios2-elf/lib\libc.a(lib_a-memchr.o)
                0x0000000001206864                memchr
 .text          0x000000000120694c      0x138 c:/altera/15.0/nios2eds/bin/gnu/h-x86_64-mingw32/bin/../lib/gcc/nios2-elf/4.9.1/../../../../../H-x86_64-mingw32/nios2-elf/lib\libc.a(lib_a-memcpy.o)
                0x000000000120694c                memcpy
 .text          0x0000000001206a84      0x15c c:/altera/15.0/nios2eds/bin/gnu/h-x86_64-mingw32/bin/../lib/gcc/nios2-elf/4.9.1/../../../../../H-x86_64-mingw32/nios2-elf/lib\libc.a(lib_a-memmove.o)
                0x0000000001206a84                memmove
 .text          0x0000000001206be0      0x124 c:/altera/15.0/nios2eds/bin/gnu/h-x86_64-mingw32/bin/../lib/gcc/nios2-elf/4.9.1/../../../../../H-x86_64-mingw32/nios2-elf/lib\libc.a(lib_a-memset.o)
                0x0000000001206be0                memset
 .text          0x0000000001206d04      0xf8c c:/altera/15.0/nios2eds/bin/gnu/h-x86_64-mingw32/bin/../lib/gcc/nios2-elf/4.9.1/../../../../../H-x86_64-mingw32/nios2-elf/lib\libc.a(lib_a-mprec.o)
                0x0000000001206d04                _Balloc
                0x0000000001206dac                _Bfree
                0x0000000001206dd4                __multadd
                0x0000000001206ee8                __s2b
                0x0000000001206fec                __hi0bits
                0x0000000001207054                __lo0bits
                0x0000000001207104                __i2b
                0x0000000001207140                __multiply
                0x000000000120733c                __pow5mult
                0x000000000120747c                __lshift
                0x00000000012075c4                __mcmp
                0x0000000001207624                __mdiff
                0x00000000012077bc                __ulp
                0x000000000120781c                __b2d
                0x0000000001207938                __d2b
                0x0000000001207a74                __ratio
                0x0000000001207b18                _mprec_log10
                0x0000000001207b8c                __copybits
                0x0000000001207c04                __any_on
 .text          0x0000000001207c90      0x168 c:/altera/15.0/nios2eds/bin/gnu/h-x86_64-mingw32/bin/../lib/gcc/nios2-elf/4.9.1/../../../../../H-x86_64-mingw32/nios2-elf/lib\libc.a(lib_a-putc.o)
                0x0000000001207c90                _putc_r
                0x0000000001207d30                putc
 .text          0x0000000001207df8      0x5a0 c:/altera/15.0/nios2eds/bin/gnu/h-x86_64-mingw32/bin/../lib/gcc/nios2-elf/4.9.1/../../../../../H-x86_64-mingw32/nios2-elf/lib\libc.a(lib_a-reallocr.o)
                0x0000000001207df8                _realloc_r
 .text          0x0000000001208398       0x74 c:/altera/15.0/nios2eds/bin/gnu/h-x86_64-mingw32/bin/../lib/gcc/nios2-elf/4.9.1/../../../../../H-x86_64-mingw32/nios2-elf/lib\libc.a(lib_a-s_fpclassify.o)
                0x0000000001208398                __fpclassifyd
 .text          0x000000000120840c       0x54 c:/altera/15.0/nios2eds/bin/gnu/h-x86_64-mingw32/bin/../lib/gcc/nios2-elf/4.9.1/../../../../../H-x86_64-mingw32/nios2-elf/lib\libc.a(lib_a-sbrkr.o)
                0x000000000120840c                _sbrk_r
 .text          0x0000000001208460      0x13c c:/altera/15.0/nios2eds/bin/gnu/h-x86_64-mingw32/bin/../lib/gcc/nios2-elf/4.9.1/../../../../../H-x86_64-mingw32/nios2-elf/lib\libc.a(lib_a-stdio.o)
                0x0000000001208460                __sread
                0x00000000012084b4                __seofread
                0x00000000012084bc                __swrite
                0x0000000001208538                __sseek
                0x0000000001208594                __sclose
 .text          0x000000000120859c       0xa4 c:/altera/15.0/nios2eds/bin/gnu/h-x86_64-mingw32/bin/../lib/gcc/nios2-elf/4.9.1/../../../../../H-x86_64-mingw32/nios2-elf/lib\libc.a(lib_a-strcmp.o)
                0x000000000120859c                strcmp
 .text          0x0000000001208640     0x1494 c:/altera/15.0/nios2eds/bin/gnu/h-x86_64-mingw32/bin/../lib/gcc/nios2-elf/4.9.1/../../../../../H-x86_64-mingw32/nios2-elf/lib\libc.a(lib_a-vfiprintf.o)
                0x000000000120873c                __sprint_r
                0x0000000001208754                ___vfiprintf_internal_r
                0x0000000001209ab0                __vfiprintf_internal
 .text          0x0000000001209ad4      0x170 c:/altera/15.0/nios2eds/bin/gnu/h-x86_64-mingw32/bin/../lib/gcc/nios2-elf/4.9.1/../../../../../H-x86_64-mingw32/nios2-elf/lib\libc.a(lib_a-wbuf.o)
                0x0000000001209ad4                __swbuf_r
                0x0000000001209c28                __swbuf
 .text          0x0000000001209c44       0x5c c:/altera/15.0/nios2eds/bin/gnu/h-x86_64-mingw32/bin/../lib/gcc/nios2-elf/4.9.1/../../../../../H-x86_64-mingw32/nios2-elf/lib\libc.a(lib_a-writer.o)
                0x0000000001209c44                _write_r
 .text          0x0000000001209ca0       0x54 c:/altera/15.0/nios2eds/bin/gnu/h-x86_64-mingw32/bin/../lib/gcc/nios2-elf/4.9.1/../../../../../H-x86_64-mingw32/nios2-elf/lib\libc.a(closer.o)
                0x0000000001209ca0                _close_r
 .text          0x0000000001209cf4       0xc4 c:/altera/15.0/nios2eds/bin/gnu/h-x86_64-mingw32/bin/../lib/gcc/nios2-elf/4.9.1/../../../../../H-x86_64-mingw32/nios2-elf/lib\libc.a(lib_a-callocr.o)
                0x0000000001209cf4                _calloc_r
 .text          0x0000000001209db8      0x114 c:/altera/15.0/nios2eds/bin/gnu/h-x86_64-mingw32/bin/../lib/gcc/nios2-elf/4.9.1/../../../../../H-x86_64-mingw32/nios2-elf/lib\libc.a(lib_a-fclose.o)
                0x0000000001209db8                _fclose_r
                0x0000000001209eb8                fclose
 .text          0x0000000001209ecc      0x1dc c:/altera/15.0/nios2eds/bin/gnu/h-x86_64-mingw32/bin/../lib/gcc/nios2-elf/4.9.1/../../../../../H-x86_64-mingw32/nios2-elf/lib\libc.a(lib_a-fputwc.o)
                0x0000000001209ecc                _fputwc_r
                0x000000000120a050                fputwc
 .text          0x000000000120a0a8       0x58 c:/altera/15.0/nios2eds/bin/gnu/h-x86_64-mingw32/bin/../lib/gcc/nios2-elf/4.9.1/../../../../../H-x86_64-mingw32/nios2-elf/lib\libc.a(lib_a-fstatr.o)
                0x000000000120a0a8                _fstat_r
 .text          0x000000000120a100        0x0 c:/altera/15.0/nios2eds/bin/gnu/h-x86_64-mingw32/bin/../lib/gcc/nios2-elf/4.9.1/../../../../../H-x86_64-mingw32/nios2-elf/lib\libc.a(lib_a-int_errno.o)
 .text          0x000000000120a100       0x54 c:/altera/15.0/nios2eds/bin/gnu/h-x86_64-mingw32/bin/../lib/gcc/nios2-elf/4.9.1/../../../../../H-x86_64-mingw32/nios2-elf/lib\libc.a(lib_a-isattyr.o)
                0x000000000120a100                _isatty_r
 .text          0x000000000120a154       0x5c c:/altera/15.0/nios2eds/bin/gnu/h-x86_64-mingw32/bin/../lib/gcc/nios2-elf/4.9.1/../../../../../H-x86_64-mingw32/nios2-elf/lib\libc.a(lib_a-lseekr.o)
                0x000000000120a154                _lseek_r
 .text          0x000000000120a1b0       0x5c c:/altera/15.0/nios2eds/bin/gnu/h-x86_64-mingw32/bin/../lib/gcc/nios2-elf/4.9.1/../../../../../H-x86_64-mingw32/nios2-elf/lib\libc.a(lib_a-readr.o)
                0x000000000120a1b0                _read_r
 .text          0x000000000120a20c      0x174 c:/altera/15.0/nios2eds/bin/gnu/h-x86_64-mingw32/bin/../lib/gcc/nios2-elf/4.9.1/../../../../../H-x86_64-mingw32/nios2-elf/lib\libc.a(lib_a-wcrtomb.o)
                0x000000000120a20c                _wcrtomb_r
                0x000000000120a2a8                wcrtomb
 .text          0x000000000120a380       0x8c c:/altera/15.0/nios2eds/bin/gnu/h-x86_64-mingw32/bin/../lib/gcc/nios2-elf/4.9.1/../../../../../H-x86_64-mingw32/nios2-elf/lib\libc.a(lib_a-wctomb_r.o)
                0x000000000120a380                __ascii_wctomb
                0x000000000120a3b0                _wctomb_r
 .text          0x000000000120a40c      0x5c0 c:/altera/15.0/nios2eds/bin/gnu/h-x86_64-mingw32/bin/../lib/gcc/nios2-elf/4.9.1\libgcc.a(_udivdi3.o)
                0x000000000120a40c                __udivdi3
 .text          0x000000000120a9cc      0x590 c:/altera/15.0/nios2eds/bin/gnu/h-x86_64-mingw32/bin/../lib/gcc/nios2-elf/4.9.1\libgcc.a(_umoddi3.o)
                0x000000000120a9cc                __umoddi3
 .text          0x000000000120af5c      0x12c c:/altera/15.0/nios2eds/bin/gnu/h-x86_64-mingw32/bin/../lib/gcc/nios2-elf/4.9.1\libgcc.a(lib2-divmod.o)
                0x000000000120afc8                __divsi3
                0x000000000120b01c                __modsi3
                0x000000000120b078                __udivsi3
                0x000000000120b080                __umodsi3
 .text          0x000000000120b088      0x89c c:/altera/15.0/nios2eds/bin/gnu/h-x86_64-mingw32/bin/../lib/gcc/nios2-elf/4.9.1\libgcc.a(adddf3.o)
                0x000000000120b088                __adddf3
 .text          0x000000000120b924      0x8cc c:/altera/15.0/nios2eds/bin/gnu/h-x86_64-mingw32/bin/../lib/gcc/nios2-elf/4.9.1\libgcc.a(divdf3.o)
                0x000000000120b924                __divdf3
 .text          0x000000000120c1f0       0x84 c:/altera/15.0/nios2eds/bin/gnu/h-x86_64-mingw32/bin/../lib/gcc/nios2-elf/4.9.1\libgcc.a(eqdf2.o)
                0x000000000120c1f0                __nedf2
                0x000000000120c1f0                __eqdf2
 .text          0x000000000120c274       0xe0 c:/altera/15.0/nios2eds/bin/gnu/h-x86_64-mingw32/bin/../lib/gcc/nios2-elf/4.9.1\libgcc.a(gedf2.o)
                0x000000000120c274                __gedf2
                0x000000000120c274                __gtdf2
 .text          0x000000000120c354       0xe0 c:/altera/15.0/nios2eds/bin/gnu/h-x86_64-mingw32/bin/../lib/gcc/nios2-elf/4.9.1\libgcc.a(ledf2.o)
                0x000000000120c354                __ledf2
                0x000000000120c354                __ltdf2
 .text          0x000000000120c434      0x724 c:/altera/15.0/nios2eds/bin/gnu/h-x86_64-mingw32/bin/../lib/gcc/nios2-elf/4.9.1\libgcc.a(muldf3.o)
                0x000000000120c434                __muldf3
 .text          0x000000000120cb58      0x8d0 c:/altera/15.0/nios2eds/bin/gnu/h-x86_64-mingw32/bin/../lib/gcc/nios2-elf/4.9.1\libgcc.a(subdf3.o)
                0x000000000120cb58                __subdf3
 .text          0x000000000120d428       0x88 c:/altera/15.0/nios2eds/bin/gnu/h-x86_64-mingw32/bin/../lib/gcc/nios2-elf/4.9.1\libgcc.a(fixdfsi.o)
                0x000000000120d428                __fixdfsi
 .text          0x000000000120d4b0       0xd0 c:/altera/15.0/nios2eds/bin/gnu/h-x86_64-mingw32/bin/../lib/gcc/nios2-elf/4.9.1\libgcc.a(floatsidf.o)
                0x000000000120d4b0                __floatsidf
 .text          0x000000000120d580       0xa4 c:/altera/15.0/nios2eds/bin/gnu/h-x86_64-mingw32/bin/../lib/gcc/nios2-elf/4.9.1\libgcc.a(floatunsidf.o)
                0x000000000120d580                __floatunsidf
 .text          0x000000000120d624        0x0 c:/altera/15.0/nios2eds/bin/gnu/h-x86_64-mingw32/bin/../lib/gcc/nios2-elf/4.9.1\libgcc.a(_clz.o)
 .text          0x000000000120d624       0x64 c:/altera/15.0/nios2eds/bin/gnu/h-x86_64-mingw32/bin/../lib/gcc/nios2-elf/4.9.1\libgcc.a(_clzsi2.o)
                0x000000000120d624                __clzsi2
 .text          0x000000000120d688      0x120 D:\Altera\IU3-17M\Gutnikov\embsw\nios_II_lab_1\SysBuild\CodeGenerated\DE2_115\Lab1_POVS\software\ucosii_tutorial_bsp\libucosii_bsp.a(alt_close.o)
                0x000000000120d6d8                close
 .text          0x000000000120d7a8       0x2c D:\Altera\IU3-17M\Gutnikov\embsw\nios_II_lab_1\SysBuild\CodeGenerated\DE2_115\Lab1_POVS\software\ucosii_tutorial_bsp\libucosii_bsp.a(alt_dev.o)
 .text          0x000000000120d7d4        0x0 D:\Altera\IU3-17M\Gutnikov\embsw\nios_II_lab_1\SysBuild\CodeGenerated\DE2_115\Lab1_POVS\software\ucosii_tutorial_bsp\libucosii_bsp.a(alt_errno.o)
 .text          0x000000000120d7d4       0x3c D:\Altera\IU3-17M\Gutnikov\embsw\nios_II_lab_1\SysBuild\CodeGenerated\DE2_115\Lab1_POVS\software\ucosii_tutorial_bsp\libucosii_bsp.a(alt_exit.o)
                0x000000000120d7d4                _exit
 .text          0x000000000120d810      0x100 D:\Altera\IU3-17M\Gutnikov\embsw\nios_II_lab_1\SysBuild\CodeGenerated\DE2_115\Lab1_POVS\software\ucosii_tutorial_bsp\libucosii_bsp.a(alt_fstat.o)
                0x000000000120d860                fstat
 .text          0x000000000120d910       0xf4 D:\Altera\IU3-17M\Gutnikov\embsw\nios_II_lab_1\SysBuild\CodeGenerated\DE2_115\Lab1_POVS\software\ucosii_tutorial_bsp\libucosii_bsp.a(alt_isatty.o)
                0x000000000120d960                isatty
 .text          0x000000000120da04      0x124 D:\Altera\IU3-17M\Gutnikov\embsw\nios_II_lab_1\SysBuild\CodeGenerated\DE2_115\Lab1_POVS\software\ucosii_tutorial_bsp\libucosii_bsp.a(alt_lseek.o)
                0x000000000120da54                lseek
 .text          0x000000000120db28       0xd4 D:\Altera\IU3-17M\Gutnikov\embsw\nios_II_lab_1\SysBuild\CodeGenerated\DE2_115\Lab1_POVS\software\ucosii_tutorial_bsp\libucosii_bsp.a(alt_main.o)
                0x000000000120db28                alt_main
 .text          0x000000000120dbfc      0x14c D:\Altera\IU3-17M\Gutnikov\embsw\nios_II_lab_1\SysBuild\CodeGenerated\DE2_115\Lab1_POVS\software\ucosii_tutorial_bsp\libucosii_bsp.a(alt_read.o)
                0x000000000120dc4c                read
 .text          0x000000000120dd48       0x60 D:\Altera\IU3-17M\Gutnikov\embsw\nios_II_lab_1\SysBuild\CodeGenerated\DE2_115\Lab1_POVS\software\ucosii_tutorial_bsp\libucosii_bsp.a(alt_release_fd.o)
                0x000000000120dd48                alt_release_fd
 .text          0x000000000120dda8       0xb0 D:\Altera\IU3-17M\Gutnikov\embsw\nios_II_lab_1\SysBuild\CodeGenerated\DE2_115\Lab1_POVS\software\ucosii_tutorial_bsp\libucosii_bsp.a(alt_sbrk.o)
                0x000000000120dda8                sbrk
 .text          0x000000000120de58      0x148 D:\Altera\IU3-17M\Gutnikov\embsw\nios_II_lab_1\SysBuild\CodeGenerated\DE2_115\Lab1_POVS\software\ucosii_tutorial_bsp\libucosii_bsp.a(alt_write.o)
                0x000000000120dea8                write
 .text          0x000000000120dfa0      0x11c D:\Altera\IU3-17M\Gutnikov\embsw\nios_II_lab_1\SysBuild\CodeGenerated\DE2_115\Lab1_POVS\software\ucosii_tutorial_bsp\libucosii_bsp.a(alt_env_lock.o)
                0x000000000120dfa0                __env_lock
                0x000000000120e060                __env_unlock
 .text          0x000000000120e0bc      0x1f0 D:\Altera\IU3-17M\Gutnikov\embsw\nios_II_lab_1\SysBuild\CodeGenerated\DE2_115\Lab1_POVS\software\ucosii_tutorial_bsp\libucosii_bsp.a(alt_malloc_lock.o)
                0x000000000120e0bc                __malloc_lock
                0x000000000120e1dc                __malloc_unlock
 .text          0x000000000120e2ac     0x1fe0 D:\Altera\IU3-17M\Gutnikov\embsw\nios_II_lab_1\SysBuild\CodeGenerated\DE2_115\Lab1_POVS\software\ucosii_tutorial_bsp\libucosii_bsp.a(os_core.o)
                0x000000000120e2ac                OSEventNameGet
                0x000000000120e3cc                OSEventNameSet
                0x000000000120e508                OSEventPendMulti
                0x000000000120eb18                OSInit
                0x000000000120eb6c                OSIntEnter
                0x000000000120ebe8                OSIntExit
                0x000000000120ecdc                OSSchedLock
                0x000000000120ed64                OSSchedUnlock
                0x000000000120ee3c                OSStart
                0x000000000120eea8                OSStatInit
                0x000000000120ef54                OSTimeTick
                0x000000000120f170                OSVersion
                0x000000000120f190                OS_Dummy
                0x000000000120f1ac                OS_EventTaskRdy
                0x000000000120f344                OS_EventTaskWait
                0x000000000120f450                OS_EventTaskWaitMulti
                0x000000000120f59c                OS_EventTaskRemove
                0x000000000120f650                OS_EventTaskRemoveMulti
                0x000000000120f74c                OS_EventWaitListInit
                0x000000000120fb10                OS_MemClr
                0x000000000120fb60                OS_MemCopy
                0x000000000120fbc4                OS_Sched
                0x000000000120fd00                OS_StrCopy
                0x000000000120fd74                OS_StrLen
                0x000000000120fdc8                OS_TaskIdle
                0x000000000120fe24                OS_TaskStat
                0x000000000120fef0                OS_TaskStatStkChk
                0x000000000120ffb8                OS_TCBInit
 .text          0x000000000121028c      0x18c D:\Altera\IU3-17M\Gutnikov\embsw\nios_II_lab_1\SysBuild\CodeGenerated\DE2_115\Lab1_POVS\software\ucosii_tutorial_bsp\libucosii_bsp.a(os_dbg.o)
                0x000000000121028c                OSDebugInit
 .text          0x0000000001210418     0x181c D:\Altera\IU3-17M\Gutnikov\embsw\nios_II_lab_1\SysBuild\CodeGenerated\DE2_115\Lab1_POVS\software\ucosii_tutorial_bsp\libucosii_bsp.a(os_flag.o)
                0x0000000001210418                OSFlagAccept
                0x0000000001210720                OSFlagCreate
                0x0000000001210848                OSFlagDel
                0x0000000001210ab8                OSFlagNameGet
                0x0000000001210be8                OSFlagNameSet
                0x0000000001210d38                OSFlagPend
                0x0000000001211328                OSFlagPendGetFlagsRdy
                0x0000000001211390                OSFlagPost
                0x0000000001211718                OSFlagQuery
                0x00000000012119a0                OS_FlagInit
                0x0000000001211b94                OS_FlagUnlink
 .text          0x0000000001211c34      0x784 D:\Altera\IU3-17M\Gutnikov\embsw\nios_II_lab_1\SysBuild\CodeGenerated\DE2_115\Lab1_POVS\software\ucosii_tutorial_bsp\libucosii_bsp.a(os_mem.o)
                0x0000000001211c34                OSMemCreate
                0x0000000001211e28                OSMemGet
                0x0000000001211f18                OSMemNameGet
                0x0000000001212010                OSMemNameSet
                0x0000000001212128                OSMemPut
                0x0000000001212200                OSMemQuery
                0x00000000012122e8                OS_MemInit
 .text          0x00000000012123b8     0x1210 D:\Altera\IU3-17M\Gutnikov\embsw\nios_II_lab_1\SysBuild\CodeGenerated\DE2_115\Lab1_POVS\software\ucosii_tutorial_bsp\libucosii_bsp.a(os_q.o)
                0x00000000012123b8                OSQAccept
                0x00000000012124f8                OSQCreate
                0x00000000012126f4                OSQDel
                0x00000000012129bc                OSQFlush
                0x0000000001212a74                OSQPend
                0x0000000001212d70                OSQPendAbort
                0x0000000001212edc                OSQPost
                0x0000000001213044                OSQPostFront
                0x00000000012131b4                OSQPostOpt
                0x00000000012133c0                OSQQuery
                0x000000000121351c                OS_QInit
 .text          0x00000000012135c8      0xb08 D:\Altera\IU3-17M\Gutnikov\embsw\nios_II_lab_1\SysBuild\CodeGenerated\DE2_115\Lab1_POVS\software\ucosii_tutorial_bsp\libucosii_bsp.a(os_sem.o)
                0x00000000012135c8                OSSemAccept
                0x0000000001213678                OSSemCreate
                0x0000000001213778                OSSemDel
                0x00000000012139e0                OSSemPend
                0x0000000001213c48                OSSemPendAbort
                0x0000000001213db4                OSSemPost
                0x0000000001213ec4                OSSemQuery
                0x0000000001213fd4                OSSemSet
 .text          0x00000000012140d0     0x18f4 D:\Altera\IU3-17M\Gutnikov\embsw\nios_II_lab_1\SysBuild\CodeGenerated\DE2_115\Lab1_POVS\software\ucosii_tutorial_bsp\libucosii_bsp.a(os_task.o)
                0x00000000012140d0                OSTaskChangePrio
                0x0000000001214610                OSTaskCreate
                0x00000000012147cc                OSTaskCreateExt
                0x00000000012149b8                OSTaskDel
                0x0000000001214d98                OSTaskDelReq
                0x0000000001214ef0                OSTaskNameGet
                0x0000000001215098                OSTaskNameSet
                0x0000000001215258                OSTaskResume
                0x0000000001215450                OSTaskStkChk
                0x0000000001215618                OSTaskSuspend
                0x000000000121582c                OSTaskQuery
                0x0000000001215958                OS_TaskStkClr
 .text          0x00000000012159c4      0x55c D:\Altera\IU3-17M\Gutnikov\embsw\nios_II_lab_1\SysBuild\CodeGenerated\DE2_115\Lab1_POVS\software\ucosii_tutorial_bsp\libucosii_bsp.a(os_time.o)
                0x00000000012159c4                OSTimeDly
                0x0000000001215b0c                OSTimeDlyHMSM
                0x0000000001215c68                OSTimeDlyResume
                0x0000000001215e58                OSTimeGet
                0x0000000001215ebc                OSTimeSet
 .text          0x0000000001215f20       0xd8 D:\Altera\IU3-17M\Gutnikov\embsw\nios_II_lab_1\SysBuild\CodeGenerated\DE2_115\Lab1_POVS\software\ucosii_tutorial_bsp\libucosii_bsp.a(alt_sys_init.o)
                0x0000000001215f58                alt_irq_init
                0x0000000001215f8c                alt_sys_init
 .text          0x0000000001215ff8      0x88c D:\Altera\IU3-17M\Gutnikov\embsw\nios_II_lab_1\SysBuild\CodeGenerated\DE2_115\Lab1_POVS\software\ucosii_tutorial_bsp\libucosii_bsp.a(altera_avalon_cfi_flash.o)
                0x0000000001216030                alt_flash_cfi_init
                0x00000000012160c0                alt_flash_cfi_write
                0x0000000001216368                alt_flash_cfi_get_info
                0x00000000012163f4                alt_flash_cfi_read
                0x0000000001216458                alt_write_value_to_flash
                0x00000000012165b0                alt_flash_program_block
 .text          0x0000000001216884     0x1454 D:\Altera\IU3-17M\Gutnikov\embsw\nios_II_lab_1\SysBuild\CodeGenerated\DE2_115\Lab1_POVS\software\ucosii_tutorial_bsp\libucosii_bsp.a(altera_avalon_cfi_flash_table.o)
                0x0000000001216884                alt_read_query_entry_8bit
                0x00000000012168c0                alt_read_query_entry_16bit
                0x0000000001216900                alt_read_query_entry_32bit
                0x0000000001216940                alt_write_flash_command_8bit_device_8bit_mode
                0x0000000001216984                alt_write_flash_command_16bit_device_8bit_mode
                0x00000000012169fc                alt_write_flash_command_32bit_device_8bit_mode
                0x0000000001216a4c                alt_write_flash_command_16bit_device_16bit_mode
                0x0000000001216a98                alt_write_flash_command_32bit_device_16bit_mode
                0x0000000001216ae8                alt_write_flash_command_32bit_device_32bit_mode
                0x0000000001216b38                alt_write_native_8bit
                0x0000000001216b70                alt_write_native_16bit
                0x0000000001216ba8                alt_write_native_32bit
                0x0000000001216bdc                alt_set_flash_width_func
                0x0000000001216d98                alt_set_flash_algorithm_func
                0x0000000001216eb4                alt_read_cfi_table
                0x000000000121747c                alt_read_cfi_width
                0x0000000001217c00                alt_check_primary_table
 .text          0x0000000001217cd8      0x164 D:\Altera\IU3-17M\Gutnikov\embsw\nios_II_lab_1\SysBuild\CodeGenerated\DE2_115\Lab1_POVS\software\ucosii_tutorial_bsp\libucosii_bsp.a(altera_avalon_jtag_uart_fd.o)
                0x0000000001217cd8                altera_avalon_jtag_uart_read_fd
                0x0000000001217d38                altera_avalon_jtag_uart_write_fd
                0x0000000001217d98                altera_avalon_jtag_uart_close_fd
                0x0000000001217de8                altera_avalon_jtag_uart_ioctl_fd
 .text          0x0000000001217e3c      0x568 D:\Altera\IU3-17M\Gutnikov\embsw\nios_II_lab_1\SysBuild\CodeGenerated\DE2_115\Lab1_POVS\software\ucosii_tutorial_bsp\libucosii_bsp.a(altera_avalon_jtag_uart_init.o)
                0x0000000001217e3c                altera_avalon_jtag_uart_init
                0x000000000121833c                altera_avalon_jtag_uart_close
 .text          0x00000000012183a4       0xec D:\Altera\IU3-17M\Gutnikov\embsw\nios_II_lab_1\SysBuild\CodeGenerated\DE2_115\Lab1_POVS\software\ucosii_tutorial_bsp\libucosii_bsp.a(altera_avalon_jtag_uart_ioctl.o)
                0x00000000012183a4                altera_avalon_jtag_uart_ioctl
 .text          0x0000000001218490      0x2b4 D:\Altera\IU3-17M\Gutnikov\embsw\nios_II_lab_1\SysBuild\CodeGenerated\DE2_115\Lab1_POVS\software\ucosii_tutorial_bsp\libucosii_bsp.a(altera_avalon_jtag_uart_read.o)
                0x0000000001218490                altera_avalon_jtag_uart_read
 .text          0x0000000001218744      0x2c0 D:\Altera\IU3-17M\Gutnikov\embsw\nios_II_lab_1\SysBuild\CodeGenerated\DE2_115\Lab1_POVS\software\ucosii_tutorial_bsp\libucosii_bsp.a(altera_avalon_jtag_uart_write.o)
                0x0000000001218744                altera_avalon_jtag_uart_write
 .text          0x0000000001218a04       0xfc D:\Altera\IU3-17M\Gutnikov\embsw\nios_II_lab_1\SysBuild\CodeGenerated\DE2_115\Lab1_POVS\software\ucosii_tutorial_bsp\libucosii_bsp.a(altera_avalon_timer_sc.o)
                0x0000000001218a78                alt_avalon_timer_sc_init
 .text          0x0000000001218b00      0x140 D:\Altera\IU3-17M\Gutnikov\embsw\nios_II_lab_1\SysBuild\CodeGenerated\DE2_115\Lab1_POVS\software\ucosii_tutorial_bsp\libucosii_bsp.a(alt_alarm_start.o)
                0x0000000001218b00                alt_alarm_start
 .text          0x0000000001218c40       0x74 D:\Altera\IU3-17M\Gutnikov\embsw\nios_II_lab_1\SysBuild\CodeGenerated\DE2_115\Lab1_POVS\software\ucosii_tutorial_bsp\libucosii_bsp.a(alt_dcache_flush.o)
                0x0000000001218c40                alt_dcache_flush
 .text          0x0000000001218cb4       0xf4 D:\Altera\IU3-17M\Gutnikov\embsw\nios_II_lab_1\SysBuild\CodeGenerated\DE2_115\Lab1_POVS\software\ucosii_tutorial_bsp\libucosii_bsp.a(alt_dev_llist_insert.o)
                0x0000000001218d04                alt_dev_llist_insert
 .text          0x0000000001218da8       0x5c D:\Altera\IU3-17M\Gutnikov\embsw\nios_II_lab_1\SysBuild\CodeGenerated\DE2_115\Lab1_POVS\software\ucosii_tutorial_bsp\libucosii_bsp.a(alt_do_ctors.o)
                0x0000000001218da8                _do_ctors
 .text          0x0000000001218e04       0x5c D:\Altera\IU3-17M\Gutnikov\embsw\nios_II_lab_1\SysBuild\CodeGenerated\DE2_115\Lab1_POVS\software\ucosii_tutorial_bsp\libucosii_bsp.a(alt_do_dtors.o)
                0x0000000001218e04                _do_dtors
 .text          0x0000000001218e60       0xb8 D:\Altera\IU3-17M\Gutnikov\embsw\nios_II_lab_1\SysBuild\CodeGenerated\DE2_115\Lab1_POVS\software\ucosii_tutorial_bsp\libucosii_bsp.a(alt_flash_dev.o)
                0x0000000001218e60                alt_flash_open_dev
                0x0000000001218ec8                alt_flash_close_dev
 .text          0x0000000001218f18      0x1e0 D:\Altera\IU3-17M\Gutnikov\embsw\nios_II_lab_1\SysBuild\CodeGenerated\DE2_115\Lab1_POVS\software\ucosii_tutorial_bsp\libucosii_bsp.a(alt_iic.o)
                0x0000000001218f18                alt_ic_isr_register
                0x0000000001218f68                alt_ic_irq_enable
                0x0000000001219008                alt_ic_irq_disable
                0x00000000012190ac                alt_ic_irq_enabled
 .text          0x00000000012190f8       0xf0 D:\Altera\IU3-17M\Gutnikov\embsw\nios_II_lab_1\SysBuild\CodeGenerated\DE2_115\Lab1_POVS\software\ucosii_tutorial_bsp\libucosii_bsp.a(alt_iic_isr_register.o)
                0x00000000012190f8                alt_iic_isr_register
 .text          0x00000000012191e8      0x138 D:\Altera\IU3-17M\Gutnikov\embsw\nios_II_lab_1\SysBuild\CodeGenerated\DE2_115\Lab1_POVS\software\ucosii_tutorial_bsp\libucosii_bsp.a(alt_io_redirect.o)
                0x00000000012192a8                alt_io_redirect
 .text          0x0000000001219320        0x0 D:\Altera\IU3-17M\Gutnikov\embsw\nios_II_lab_1\SysBuild\CodeGenerated\DE2_115\Lab1_POVS\software\ucosii_tutorial_bsp\libucosii_bsp.a(alt_irq_entry.o)
 .text          0x0000000001219320        0x0 D:\Altera\IU3-17M\Gutnikov\embsw\nios_II_lab_1\SysBuild\CodeGenerated\DE2_115\Lab1_POVS\software\ucosii_tutorial_bsp\libucosii_bsp.a(alt_irq_handler.o)
 .text          0x0000000001219320        0x0 D:\Altera\IU3-17M\Gutnikov\embsw\nios_II_lab_1\SysBuild\CodeGenerated\DE2_115\Lab1_POVS\software\ucosii_tutorial_bsp\libucosii_bsp.a(alt_irq_vars.o)
 .text          0x0000000001219320      0x274 D:\Altera\IU3-17M\Gutnikov\embsw\nios_II_lab_1\SysBuild\CodeGenerated\DE2_115\Lab1_POVS\software\ucosii_tutorial_bsp\libucosii_bsp.a(alt_open.o)
                0x000000000121943c                open
 .text          0x0000000001219594      0x19c D:\Altera\IU3-17M\Gutnikov\embsw\nios_II_lab_1\SysBuild\CodeGenerated\DE2_115\Lab1_POVS\software\ucosii_tutorial_bsp\libucosii_bsp.a(alt_tick.o)
                0x0000000001219594                alt_alarm_stop
                0x000000000121962c                alt_tick
 .text          0x0000000001219730       0x20 D:\Altera\IU3-17M\Gutnikov\embsw\nios_II_lab_1\SysBuild\CodeGenerated\DE2_115\Lab1_POVS\software\ucosii_tutorial_bsp\libucosii_bsp.a(altera_nios2_gen2_irq.o)
                0x0000000001219730                altera_nios2_gen2_irq_init
 .text          0x0000000001219750       0xd0 D:\Altera\IU3-17M\Gutnikov\embsw\nios_II_lab_1\SysBuild\CodeGenerated\DE2_115\Lab1_POVS\software\ucosii_tutorial_bsp\libucosii_bsp.a(os_cpu_a.o)
                0x0000000001219750                OSCtxSw
                0x0000000001219750                OSIntCtxSw
                0x00000000012197dc                OSStartHighRdy
                0x00000000012197fc                OSStartTsk
 .text          0x0000000001219820      0x3fc D:\Altera\IU3-17M\Gutnikov\embsw\nios_II_lab_1\SysBuild\CodeGenerated\DE2_115\Lab1_POVS\software\ucosii_tutorial_bsp\libucosii_bsp.a(os_cpu_c.o)
                0x0000000001219820                OSTaskStkInit
                0x0000000001219b14                OSTaskCreateHook
                0x0000000001219b34                OSTaskDelHook
                0x0000000001219b54                OSTaskSwHook
                0x0000000001219b70                OSTaskStatHook
                0x0000000001219b8c                OSTimeTickHook
                0x0000000001219ba8                OSInitHookBegin
                0x0000000001219bc4                OSInitHookEnd
                0x0000000001219be0                OSTaskIdleHook
                0x0000000001219bfc                OSTCBInitHook
 .text          0x0000000001219c1c      0x460 D:\Altera\IU3-17M\Gutnikov\embsw\nios_II_lab_1\SysBuild\CodeGenerated\DE2_115\Lab1_POVS\software\ucosii_tutorial_bsp\libucosii_bsp.a(altera_avalon_cfi_flash_amd.o)
                0x0000000001219c1c                alt_program_amd
                0x0000000001219c84                alt_erase_block_amd
 .text          0x000000000121a07c      0x454 D:\Altera\IU3-17M\Gutnikov\embsw\nios_II_lab_1\SysBuild\CodeGenerated\DE2_115\Lab1_POVS\software\ucosii_tutorial_bsp\libucosii_bsp.a(altera_avalon_cfi_flash_intel.o)
                0x000000000121a07c                alt_program_intel
                0x000000000121a0fc                alt_erase_block_intel
 .text          0x000000000121a4d0        0x0 D:\Altera\IU3-17M\Gutnikov\embsw\nios_II_lab_1\SysBuild\CodeGenerated\DE2_115\Lab1_POVS\software\ucosii_tutorial_bsp\libucosii_bsp.a(alt_exception_entry.o)
 .text          0x000000000121a4d0       0x90 D:\Altera\IU3-17M\Gutnikov\embsw\nios_II_lab_1\SysBuild\CodeGenerated\DE2_115\Lab1_POVS\software\ucosii_tutorial_bsp\libucosii_bsp.a(alt_find_dev.o)
                0x000000000121a4d0                alt_find_dev
 .text          0x000000000121a560      0x114 D:\Altera\IU3-17M\Gutnikov\embsw\nios_II_lab_1\SysBuild\CodeGenerated\DE2_115\Lab1_POVS\software\ucosii_tutorial_bsp\libucosii_bsp.a(alt_find_file.o)
                0x000000000121a560                alt_find_file
 .text          0x000000000121a674       0xfc D:\Altera\IU3-17M\Gutnikov\embsw\nios_II_lab_1\SysBuild\CodeGenerated\DE2_115\Lab1_POVS\software\ucosii_tutorial_bsp\libucosii_bsp.a(alt_get_fd.o)
                0x000000000121a674                alt_get_fd
 .text          0x000000000121a770       0x9c D:\Altera\IU3-17M\Gutnikov\embsw\nios_II_lab_1\SysBuild\CodeGenerated\DE2_115\Lab1_POVS\software\ucosii_tutorial_bsp\libucosii_bsp.a(alt_instruction_exception_entry.o)
                0x000000000121a770                alt_exception_cause_generated_bad_addr
 .text          0x000000000121a80c      0x124 D:\Altera\IU3-17M\Gutnikov\embsw\nios_II_lab_1\SysBuild\CodeGenerated\DE2_115\Lab1_POVS\software\ucosii_tutorial_bsp\libucosii_bsp.a(alt_usleep.o)
                0x000000000121a80c                usleep
 .text          0x000000000121a930      0x158 D:\Altera\IU3-17M\Gutnikov\embsw\nios_II_lab_1\SysBuild\CodeGenerated\DE2_115\Lab1_POVS\software\ucosii_tutorial_bsp\libucosii_bsp.a(alt_busy_sleep.o)
                0x000000000121a930                alt_busy_sleep
 .text          0x000000000121aa88       0x14 c:/altera/15.0/nios2eds/bin/gnu/h-x86_64-mingw32/bin/../lib/gcc/nios2-elf/4.9.1/../../../../../H-x86_64-mingw32/nios2-elf/lib\libc.a(lib_a-atexit.o)
                0x000000000121aa88                atexit
 .text          0x000000000121aa9c       0x7c c:/altera/15.0/nios2eds/bin/gnu/h-x86_64-mingw32/bin/../lib/gcc/nios2-elf/4.9.1/../../../../../H-x86_64-mingw32/nios2-elf/lib\libc.a(lib_a-memcmp.o)
                0x000000000121aa9c                memcmp
 .text          0x000000000121ab18      0x114 c:/altera/15.0/nios2eds/bin/gnu/h-x86_64-mingw32/bin/../lib/gcc/nios2-elf/4.9.1/../../../../../H-x86_64-mingw32/nios2-elf/lib\libc.a(lib_a-__atexit.o)
                0x000000000121ab18                __register_exitproc
 *(.gnu.warning.*)
 *(.fini)
                0x000000000121ac2c                PROVIDE (__etext, ABSOLUTE (.))
                0x000000000121ac2c                PROVIDE (_etext, ABSOLUTE (.))
                0x000000000121ac2c                PROVIDE (etext, ABSOLUTE (.))
 *(.eh_frame_hdr)
                0x000000000121ac2c                . = ALIGN (0x4)
                0x000000000121ac2c                PROVIDE (__preinit_array_start, ABSOLUTE (.))
 *(.preinit_array)
                0x000000000121ac2c                PROVIDE (__preinit_array_end, ABSOLUTE (.))
                0x000000000121ac2c                PROVIDE (__init_array_start, ABSOLUTE (.))
 *(.init_array)
                0x000000000121ac2c                PROVIDE (__init_array_end, ABSOLUTE (.))
                0x000000000121ac2c                PROVIDE (__fini_array_start, ABSOLUTE (.))
 *(.fini_array)
                0x000000000121ac2c                PROVIDE (__fini_array_end, ABSOLUTE (.))
 *(.eh_frame)
 *(.gcc_except_table .gcc_except_table.*)
 *(.dynamic)
                0x000000000121ac2c                PROVIDE (__CTOR_LIST__, ABSOLUTE (.))
 *(.ctors)
 *(SORT(.ctors.*))
                0x000000000121ac2c                PROVIDE (__CTOR_END__, ABSOLUTE (.))
                0x000000000121ac2c                PROVIDE (__DTOR_LIST__, ABSOLUTE (.))
 *(.dtors)
 *(SORT(.dtors.*))
                0x000000000121ac2c                PROVIDE (__DTOR_END__, ABSOLUTE (.))
 *(.jcr)
                0x000000000121ac2c                . = ALIGN (0x4)

.rodata         0x000000000121ac2c      0x9ac
                0x000000000121ac2c                PROVIDE (__ram_rodata_start, ABSOLUTE (.))
                0x000000000121ac2c                . = ALIGN (0x4)
 *(.rodata .rodata.* .gnu.linkonce.r.*)
 .rodata        0x000000000121ac2c      0x378 obj/default/alt_ucosii_simple_error_check.o
 .rodata        0x000000000121afa4      0x204 obj/default/ucosii_tutorial.o
 .rodata.str1.4
                0x000000000121b1a8        0x2 c:/altera/15.0/nios2eds/bin/gnu/h-x86_64-mingw32/bin/../lib/gcc/nios2-elf/4.9.1/../../../../../H-x86_64-mingw32/nios2-elf/lib\libc.a(lib_a-impure.o)
                                          0x4 (size before relaxing)
 *fill*         0x000000000121b1aa        0x2 
 .rodata.str1.4
                0x000000000121b1ac        0x2 c:/altera/15.0/nios2eds/bin/gnu/h-x86_64-mingw32/bin/../lib/gcc/nios2-elf/4.9.1/../../../../../H-x86_64-mingw32/nios2-elf/lib\libc.a(lib_a-puts.o)
                                          0x4 (size before relaxing)
 *fill*         0x000000000121b1ae        0x2 
 .rodata.str1.4
                0x000000000121b1b0       0x42 c:/altera/15.0/nios2eds/bin/gnu/h-x86_64-mingw32/bin/../lib/gcc/nios2-elf/4.9.1/../../../../../H-x86_64-mingw32/nios2-elf/lib\libc.a(lib_a-vfprintf.o)
                                         0x44 (size before relaxing)
 .rodata        0x000000000121b1f2       0x20 c:/altera/15.0/nios2eds/bin/gnu/h-x86_64-mingw32/bin/../lib/gcc/nios2-elf/4.9.1/../../../../../H-x86_64-mingw32/nios2-elf/lib\libc.a(lib_a-vfprintf.o)
 *fill*         0x000000000121b212        0x2 
 .rodata.str1.4
                0x000000000121b214       0x10 c:/altera/15.0/nios2eds/bin/gnu/h-x86_64-mingw32/bin/../lib/gcc/nios2-elf/4.9.1/../../../../../H-x86_64-mingw32/nios2-elf/lib\libc.a(lib_a-dtoa.o)
                                         0x14 (size before relaxing)
 .rodata.str1.4
                0x000000000121b224        0xc c:/altera/15.0/nios2eds/bin/gnu/h-x86_64-mingw32/bin/../lib/gcc/nios2-elf/4.9.1/../../../../../H-x86_64-mingw32/nios2-elf/lib\libc.a(lib_a-locale.o)
                                         0x14 (size before relaxing)
 .rodata        0x000000000121b230      0x124 c:/altera/15.0/nios2eds/bin/gnu/h-x86_64-mingw32/bin/../lib/gcc/nios2-elf/4.9.1/../../../../../H-x86_64-mingw32/nios2-elf/lib\libc.a(lib_a-mprec.o)
                0x000000000121b23c                __mprec_tinytens
                0x000000000121b264                __mprec_bigtens
                0x000000000121b28c                __mprec_tens
 .rodata.str1.4
                0x0000000000000000       0x30 c:/altera/15.0/nios2eds/bin/gnu/h-x86_64-mingw32/bin/../lib/gcc/nios2-elf/4.9.1/../../../../../H-x86_64-mingw32/nios2-elf/lib\libc.a(lib_a-vfiprintf.o)
 .rodata        0x000000000121b354       0x20 c:/altera/15.0/nios2eds/bin/gnu/h-x86_64-mingw32/bin/../lib/gcc/nios2-elf/4.9.1/../../../../../H-x86_64-mingw32/nios2-elf/lib\libc.a(lib_a-vfiprintf.o)
 .rodata        0x000000000121b374      0x100 c:/altera/15.0/nios2eds/bin/gnu/h-x86_64-mingw32/bin/../lib/gcc/nios2-elf/4.9.1\libgcc.a(_clz.o)
                0x000000000121b374                __clz_tab
 .rodata        0x000000000121b474        0xc D:\Altera\IU3-17M\Gutnikov\embsw\nios_II_lab_1\SysBuild\CodeGenerated\DE2_115\Lab1_POVS\software\ucosii_tutorial_bsp\libucosii_bsp.a(alt_dev.o)
 .rodata        0x000000000121b480       0x10 D:\Altera\IU3-17M\Gutnikov\embsw\nios_II_lab_1\SysBuild\CodeGenerated\DE2_115\Lab1_POVS\software\ucosii_tutorial_bsp\libucosii_bsp.a(alt_main.o)
 .rodata        0x000000000121b490      0x120 D:\Altera\IU3-17M\Gutnikov\embsw\nios_II_lab_1\SysBuild\CodeGenerated\DE2_115\Lab1_POVS\software\ucosii_tutorial_bsp\libucosii_bsp.a(os_core.o)
                0x000000000121b490                OSUnMapTbl
 .rodata        0x000000000121b5b0       0x24 D:\Altera\IU3-17M\Gutnikov\embsw\nios_II_lab_1\SysBuild\CodeGenerated\DE2_115\Lab1_POVS\software\ucosii_tutorial_bsp\libucosii_bsp.a(alt_sys_init.o)
 .rodata        0x000000000121b5d4        0x4 D:\Altera\IU3-17M\Gutnikov\embsw\nios_II_lab_1\SysBuild\CodeGenerated\DE2_115\Lab1_POVS\software\ucosii_tutorial_bsp\libucosii_bsp.a(os_cpu_c.o)
 *(.rodata1)
                0x000000000121b5d8                . = ALIGN (0x4)
                0x000000000121b5d8                PROVIDE (__ram_rodata_end, ABSOLUTE (.))
                0x000000000121ac2c                PROVIDE (__flash_rodata_start, LOADADDR (.rodata))

.rwdata         0x000000000121b5d8     0x1c58
                0x000000000121b5d8                PROVIDE (__ram_rwdata_start, ABSOLUTE (.))
                0x000000000121b5d8                . = ALIGN (0x4)
 *(.got.plt)
 *(.got)
 *(.data1)
 *(.data .data.* .gnu.linkonce.d.*)
 .data          0x000000000121b5d8        0x0 D:\Altera\IU3-17M\Gutnikov\embsw\nios_II_lab_1\SysBuild\CodeGenerated\DE2_115\Lab1_POVS\software\ucosii_tutorial_bsp/obj/HAL/src/crt0.o
 .data          0x000000000121b5d8        0x0 obj/default/alt_ucosii_simple_error_check.o
 .data          0x000000000121b5d8        0x0 obj/default/ucosii_tutorial.o
 .data          0x000000000121b5d8        0x0 c:/altera/15.0/nios2eds/bin/gnu/h-x86_64-mingw32/bin/../lib/gcc/nios2-elf/4.9.1/../../../../../H-x86_64-mingw32/nios2-elf/lib\libc.a(lib_a-exit.o)
 .data          0x000000000121b5d8        0x0 c:/altera/15.0/nios2eds/bin/gnu/h-x86_64-mingw32/bin/../lib/gcc/nios2-elf/4.9.1/../../../../../H-x86_64-mingw32/nios2-elf/lib\libc.a(lib_a-fprintf.o)
 .data          0x000000000121b5d8        0x0 c:/altera/15.0/nios2eds/bin/gnu/h-x86_64-mingw32/bin/../lib/gcc/nios2-elf/4.9.1/../../../../../H-x86_64-mingw32/nios2-elf/lib\libc.a(lib_a-fwrite.o)
 .data          0x000000000121b5d8      0x424 c:/altera/15.0/nios2eds/bin/gnu/h-x86_64-mingw32/bin/../lib/gcc/nios2-elf/4.9.1/../../../../../H-x86_64-mingw32/nios2-elf/lib\libc.a(lib_a-impure.o)
 .data          0x000000000121b9fc        0x0 c:/altera/15.0/nios2eds/bin/gnu/h-x86_64-mingw32/bin/../lib/gcc/nios2-elf/4.9.1/../../../../../H-x86_64-mingw32/nios2-elf/lib\libc.a(lib_a-printf.o)
 .data          0x000000000121b9fc        0x0 c:/altera/15.0/nios2eds/bin/gnu/h-x86_64-mingw32/bin/../lib/gcc/nios2-elf/4.9.1/../../../../../H-x86_64-mingw32/nios2-elf/lib\libc.a(lib_a-putchar.o)
 .data          0x000000000121b9fc        0x0 c:/altera/15.0/nios2eds/bin/gnu/h-x86_64-mingw32/bin/../lib/gcc/nios2-elf/4.9.1/../../../../../H-x86_64-mingw32/nios2-elf/lib\libc.a(lib_a-puts.o)
 .data          0x000000000121b9fc        0x0 c:/altera/15.0/nios2eds/bin/gnu/h-x86_64-mingw32/bin/../lib/gcc/nios2-elf/4.9.1/../../../../../H-x86_64-mingw32/nios2-elf/lib\libc.a(lib_a-strlen.o)
 .data          0x000000000121b9fc        0x0 c:/altera/15.0/nios2eds/bin/gnu/h-x86_64-mingw32/bin/../lib/gcc/nios2-elf/4.9.1/../../../../../H-x86_64-mingw32/nios2-elf/lib\libc.a(lib_a-vfprintf.o)
 .data          0x000000000121b9fc        0x0 c:/altera/15.0/nios2eds/bin/gnu/h-x86_64-mingw32/bin/../lib/gcc/nios2-elf/4.9.1/../../../../../H-x86_64-mingw32/nios2-elf/lib\libc.a(lib_a-wsetup.o)
 .data          0x000000000121b9fc        0x0 c:/altera/15.0/nios2eds/bin/gnu/h-x86_64-mingw32/bin/../lib/gcc/nios2-elf/4.9.1/../../../../../H-x86_64-mingw32/nios2-elf/lib\libc.a(lib_a-__call_atexit.o)
 .data          0x000000000121b9fc        0x0 c:/altera/15.0/nios2eds/bin/gnu/h-x86_64-mingw32/bin/../lib/gcc/nios2-elf/4.9.1/../../../../../H-x86_64-mingw32/nios2-elf/lib\libc.a(lib_a-dtoa.o)
 .data          0x000000000121b9fc        0x0 c:/altera/15.0/nios2eds/bin/gnu/h-x86_64-mingw32/bin/../lib/gcc/nios2-elf/4.9.1/../../../../../H-x86_64-mingw32/nios2-elf/lib\libc.a(lib_a-fflush.o)
 .data          0x000000000121b9fc        0x0 c:/altera/15.0/nios2eds/bin/gnu/h-x86_64-mingw32/bin/../lib/gcc/nios2-elf/4.9.1/../../../../../H-x86_64-mingw32/nios2-elf/lib\libc.a(lib_a-findfp.o)
 .data          0x000000000121b9fc        0x0 c:/altera/15.0/nios2eds/bin/gnu/h-x86_64-mingw32/bin/../lib/gcc/nios2-elf/4.9.1/../../../../../H-x86_64-mingw32/nios2-elf/lib\libc.a(lib_a-freer.o)
 .data          0x000000000121b9fc        0x0 c:/altera/15.0/nios2eds/bin/gnu/h-x86_64-mingw32/bin/../lib/gcc/nios2-elf/4.9.1/../../../../../H-x86_64-mingw32/nios2-elf/lib\libc.a(lib_a-fvwrite.o)
 .data          0x000000000121b9fc        0x0 c:/altera/15.0/nios2eds/bin/gnu/h-x86_64-mingw32/bin/../lib/gcc/nios2-elf/4.9.1/../../../../../H-x86_64-mingw32/nios2-elf/lib\libc.a(lib_a-fwalk.o)
 .data          0x000000000121b9fc       0x78 c:/altera/15.0/nios2eds/bin/gnu/h-x86_64-mingw32/bin/../lib/gcc/nios2-elf/4.9.1/../../../../../H-x86_64-mingw32/nios2-elf/lib\libc.a(lib_a-locale.o)
 .data          0x000000000121ba74        0x0 c:/altera/15.0/nios2eds/bin/gnu/h-x86_64-mingw32/bin/../lib/gcc/nios2-elf/4.9.1/../../../../../H-x86_64-mingw32/nios2-elf/lib\libc.a(lib_a-makebuf.o)
 .data          0x000000000121ba74      0x408 c:/altera/15.0/nios2eds/bin/gnu/h-x86_64-mingw32/bin/../lib/gcc/nios2-elf/4.9.1/../../../../../H-x86_64-mingw32/nios2-elf/lib\libc.a(lib_a-mallocr.o)
                0x000000000121ba74                __malloc_av_
 .data          0x000000000121be7c        0x0 c:/altera/15.0/nios2eds/bin/gnu/h-x86_64-mingw32/bin/../lib/gcc/nios2-elf/4.9.1/../../../../../H-x86_64-mingw32/nios2-elf/lib\libc.a(lib_a-memchr.o)
 .data          0x000000000121be7c        0x0 c:/altera/15.0/nios2eds/bin/gnu/h-x86_64-mingw32/bin/../lib/gcc/nios2-elf/4.9.1/../../../../../H-x86_64-mingw32/nios2-elf/lib\libc.a(lib_a-memcpy.o)
 .data          0x000000000121be7c        0x0 c:/altera/15.0/nios2eds/bin/gnu/h-x86_64-mingw32/bin/../lib/gcc/nios2-elf/4.9.1/../../../../../H-x86_64-mingw32/nios2-elf/lib\libc.a(lib_a-memmove.o)
 .data          0x000000000121be7c        0x0 c:/altera/15.0/nios2eds/bin/gnu/h-x86_64-mingw32/bin/../lib/gcc/nios2-elf/4.9.1/../../../../../H-x86_64-mingw32/nios2-elf/lib\libc.a(lib_a-memset.o)
 .data          0x000000000121be7c        0x0 c:/altera/15.0/nios2eds/bin/gnu/h-x86_64-mingw32/bin/../lib/gcc/nios2-elf/4.9.1/../../../../../H-x86_64-mingw32/nios2-elf/lib\libc.a(lib_a-mprec.o)
 .data          0x000000000121be7c        0x0 c:/altera/15.0/nios2eds/bin/gnu/h-x86_64-mingw32/bin/../lib/gcc/nios2-elf/4.9.1/../../../../../H-x86_64-mingw32/nios2-elf/lib\libc.a(lib_a-putc.o)
 .data          0x000000000121be7c        0x0 c:/altera/15.0/nios2eds/bin/gnu/h-x86_64-mingw32/bin/../lib/gcc/nios2-elf/4.9.1/../../../../../H-x86_64-mingw32/nios2-elf/lib\libc.a(lib_a-reallocr.o)
 .data          0x000000000121be7c        0x0 c:/altera/15.0/nios2eds/bin/gnu/h-x86_64-mingw32/bin/../lib/gcc/nios2-elf/4.9.1/../../../../../H-x86_64-mingw32/nios2-elf/lib\libc.a(lib_a-s_fpclassify.o)
 .data          0x000000000121be7c        0x0 c:/altera/15.0/nios2eds/bin/gnu/h-x86_64-mingw32/bin/../lib/gcc/nios2-elf/4.9.1/../../../../../H-x86_64-mingw32/nios2-elf/lib\libc.a(lib_a-sbrkr.o)
 .data          0x000000000121be7c        0x0 c:/altera/15.0/nios2eds/bin/gnu/h-x86_64-mingw32/bin/../lib/gcc/nios2-elf/4.9.1/../../../../../H-x86_64-mingw32/nios2-elf/lib\libc.a(lib_a-stdio.o)
 .data          0x000000000121be7c        0x0 c:/altera/15.0/nios2eds/bin/gnu/h-x86_64-mingw32/bin/../lib/gcc/nios2-elf/4.9.1/../../../../../H-x86_64-mingw32/nios2-elf/lib\libc.a(lib_a-strcmp.o)
 .data          0x000000000121be7c        0x0 c:/altera/15.0/nios2eds/bin/gnu/h-x86_64-mingw32/bin/../lib/gcc/nios2-elf/4.9.1/../../../../../H-x86_64-mingw32/nios2-elf/lib\libc.a(lib_a-vfiprintf.o)
 .data          0x000000000121be7c        0x0 c:/altera/15.0/nios2eds/bin/gnu/h-x86_64-mingw32/bin/../lib/gcc/nios2-elf/4.9.1/../../../../../H-x86_64-mingw32/nios2-elf/lib\libc.a(lib_a-wbuf.o)
 .data          0x000000000121be7c        0x0 c:/altera/15.0/nios2eds/bin/gnu/h-x86_64-mingw32/bin/../lib/gcc/nios2-elf/4.9.1/../../../../../H-x86_64-mingw32/nios2-elf/lib\libc.a(lib_a-writer.o)
 .data          0x000000000121be7c        0x0 c:/altera/15.0/nios2eds/bin/gnu/h-x86_64-mingw32/bin/../lib/gcc/nios2-elf/4.9.1/../../../../../H-x86_64-mingw32/nios2-elf/lib\libc.a(closer.o)
 .data          0x000000000121be7c        0x0 c:/altera/15.0/nios2eds/bin/gnu/h-x86_64-mingw32/bin/../lib/gcc/nios2-elf/4.9.1/../../../../../H-x86_64-mingw32/nios2-elf/lib\libc.a(lib_a-callocr.o)
 .data          0x000000000121be7c        0x0 c:/altera/15.0/nios2eds/bin/gnu/h-x86_64-mingw32/bin/../lib/gcc/nios2-elf/4.9.1/../../../../../H-x86_64-mingw32/nios2-elf/lib\libc.a(lib_a-fclose.o)
 .data          0x000000000121be7c        0x0 c:/altera/15.0/nios2eds/bin/gnu/h-x86_64-mingw32/bin/../lib/gcc/nios2-elf/4.9.1/../../../../../H-x86_64-mingw32/nios2-elf/lib\libc.a(lib_a-fputwc.o)
 .data          0x000000000121be7c        0x0 c:/altera/15.0/nios2eds/bin/gnu/h-x86_64-mingw32/bin/../lib/gcc/nios2-elf/4.9.1/../../../../../H-x86_64-mingw32/nios2-elf/lib\libc.a(lib_a-fstatr.o)
 .data          0x000000000121be7c        0x0 c:/altera/15.0/nios2eds/bin/gnu/h-x86_64-mingw32/bin/../lib/gcc/nios2-elf/4.9.1/../../../../../H-x86_64-mingw32/nios2-elf/lib\libc.a(lib_a-int_errno.o)
 .data          0x000000000121be7c        0x0 c:/altera/15.0/nios2eds/bin/gnu/h-x86_64-mingw32/bin/../lib/gcc/nios2-elf/4.9.1/../../../../../H-x86_64-mingw32/nios2-elf/lib\libc.a(lib_a-isattyr.o)
 .data          0x000000000121be7c        0x0 c:/altera/15.0/nios2eds/bin/gnu/h-x86_64-mingw32/bin/../lib/gcc/nios2-elf/4.9.1/../../../../../H-x86_64-mingw32/nios2-elf/lib\libc.a(lib_a-lseekr.o)
 .data          0x000000000121be7c        0x0 c:/altera/15.0/nios2eds/bin/gnu/h-x86_64-mingw32/bin/../lib/gcc/nios2-elf/4.9.1/../../../../../H-x86_64-mingw32/nios2-elf/lib\libc.a(lib_a-readr.o)
 .data          0x000000000121be7c        0x0 c:/altera/15.0/nios2eds/bin/gnu/h-x86_64-mingw32/bin/../lib/gcc/nios2-elf/4.9.1/../../../../../H-x86_64-mingw32/nios2-elf/lib\libc.a(lib_a-wcrtomb.o)
 .data          0x000000000121be7c        0x0 c:/altera/15.0/nios2eds/bin/gnu/h-x86_64-mingw32/bin/../lib/gcc/nios2-elf/4.9.1/../../../../../H-x86_64-mingw32/nios2-elf/lib\libc.a(lib_a-wctomb_r.o)
 .data          0x000000000121be7c        0x0 c:/altera/15.0/nios2eds/bin/gnu/h-x86_64-mingw32/bin/../lib/gcc/nios2-elf/4.9.1\libgcc.a(_udivdi3.o)
 .data          0x000000000121be7c        0x0 c:/altera/15.0/nios2eds/bin/gnu/h-x86_64-mingw32/bin/../lib/gcc/nios2-elf/4.9.1\libgcc.a(_umoddi3.o)
 .data          0x000000000121be7c        0x0 c:/altera/15.0/nios2eds/bin/gnu/h-x86_64-mingw32/bin/../lib/gcc/nios2-elf/4.9.1\libgcc.a(lib2-divmod.o)
 .data          0x000000000121be7c        0x0 c:/altera/15.0/nios2eds/bin/gnu/h-x86_64-mingw32/bin/../lib/gcc/nios2-elf/4.9.1\libgcc.a(adddf3.o)
 .data          0x000000000121be7c        0x0 c:/altera/15.0/nios2eds/bin/gnu/h-x86_64-mingw32/bin/../lib/gcc/nios2-elf/4.9.1\libgcc.a(divdf3.o)
 .data          0x000000000121be7c        0x0 c:/altera/15.0/nios2eds/bin/gnu/h-x86_64-mingw32/bin/../lib/gcc/nios2-elf/4.9.1\libgcc.a(eqdf2.o)
 .data          0x000000000121be7c        0x0 c:/altera/15.0/nios2eds/bin/gnu/h-x86_64-mingw32/bin/../lib/gcc/nios2-elf/4.9.1\libgcc.a(gedf2.o)
 .data          0x000000000121be7c        0x0 c:/altera/15.0/nios2eds/bin/gnu/h-x86_64-mingw32/bin/../lib/gcc/nios2-elf/4.9.1\libgcc.a(ledf2.o)
 .data          0x000000000121be7c        0x0 c:/altera/15.0/nios2eds/bin/gnu/h-x86_64-mingw32/bin/../lib/gcc/nios2-elf/4.9.1\libgcc.a(muldf3.o)
 .data          0x000000000121be7c        0x0 c:/altera/15.0/nios2eds/bin/gnu/h-x86_64-mingw32/bin/../lib/gcc/nios2-elf/4.9.1\libgcc.a(subdf3.o)
 .data          0x000000000121be7c        0x0 c:/altera/15.0/nios2eds/bin/gnu/h-x86_64-mingw32/bin/../lib/gcc/nios2-elf/4.9.1\libgcc.a(fixdfsi.o)
 .data          0x000000000121be7c        0x0 c:/altera/15.0/nios2eds/bin/gnu/h-x86_64-mingw32/bin/../lib/gcc/nios2-elf/4.9.1\libgcc.a(floatsidf.o)
 .data          0x000000000121be7c        0x0 c:/altera/15.0/nios2eds/bin/gnu/h-x86_64-mingw32/bin/../lib/gcc/nios2-elf/4.9.1\libgcc.a(floatunsidf.o)
 .data          0x000000000121be7c        0x0 c:/altera/15.0/nios2eds/bin/gnu/h-x86_64-mingw32/bin/../lib/gcc/nios2-elf/4.9.1\libgcc.a(_clz.o)
 .data          0x000000000121be7c        0x0 c:/altera/15.0/nios2eds/bin/gnu/h-x86_64-mingw32/bin/../lib/gcc/nios2-elf/4.9.1\libgcc.a(_clzsi2.o)
 .data          0x000000000121be7c        0x0 D:\Altera\IU3-17M\Gutnikov\embsw\nios_II_lab_1\SysBuild\CodeGenerated\DE2_115\Lab1_POVS\software\ucosii_tutorial_bsp\libucosii_bsp.a(alt_close.o)
 .data          0x000000000121be7c      0x1a8 D:\Altera\IU3-17M\Gutnikov\embsw\nios_II_lab_1\SysBuild\CodeGenerated\DE2_115\Lab1_POVS\software\ucosii_tutorial_bsp\libucosii_bsp.a(alt_dev.o)
                0x000000000121be7c                alt_dev_null
                0x000000000121bea4                alt_fd_list
 .data          0x000000000121c024        0x0 D:\Altera\IU3-17M\Gutnikov\embsw\nios_II_lab_1\SysBuild\CodeGenerated\DE2_115\Lab1_POVS\software\ucosii_tutorial_bsp\libucosii_bsp.a(alt_errno.o)
 .data          0x000000000121c024        0x0 D:\Altera\IU3-17M\Gutnikov\embsw\nios_II_lab_1\SysBuild\CodeGenerated\DE2_115\Lab1_POVS\software\ucosii_tutorial_bsp\libucosii_bsp.a(alt_exit.o)
 .data          0x000000000121c024        0x0 D:\Altera\IU3-17M\Gutnikov\embsw\nios_II_lab_1\SysBuild\CodeGenerated\DE2_115\Lab1_POVS\software\ucosii_tutorial_bsp\libucosii_bsp.a(alt_fstat.o)
 .data          0x000000000121c024        0x0 D:\Altera\IU3-17M\Gutnikov\embsw\nios_II_lab_1\SysBuild\CodeGenerated\DE2_115\Lab1_POVS\software\ucosii_tutorial_bsp\libucosii_bsp.a(alt_isatty.o)
 .data          0x000000000121c024        0x0 D:\Altera\IU3-17M\Gutnikov\embsw\nios_II_lab_1\SysBuild\CodeGenerated\DE2_115\Lab1_POVS\software\ucosii_tutorial_bsp\libucosii_bsp.a(alt_lseek.o)
 .data          0x000000000121c024        0x0 D:\Altera\IU3-17M\Gutnikov\embsw\nios_II_lab_1\SysBuild\CodeGenerated\DE2_115\Lab1_POVS\software\ucosii_tutorial_bsp\libucosii_bsp.a(alt_main.o)
 .data          0x000000000121c024        0x0 D:\Altera\IU3-17M\Gutnikov\embsw\nios_II_lab_1\SysBuild\CodeGenerated\DE2_115\Lab1_POVS\software\ucosii_tutorial_bsp\libucosii_bsp.a(alt_read.o)
 .data          0x000000000121c024        0x0 D:\Altera\IU3-17M\Gutnikov\embsw\nios_II_lab_1\SysBuild\CodeGenerated\DE2_115\Lab1_POVS\software\ucosii_tutorial_bsp\libucosii_bsp.a(alt_release_fd.o)
 .data          0x000000000121c024        0x0 D:\Altera\IU3-17M\Gutnikov\embsw\nios_II_lab_1\SysBuild\CodeGenerated\DE2_115\Lab1_POVS\software\ucosii_tutorial_bsp\libucosii_bsp.a(alt_sbrk.o)
 .data          0x000000000121c024        0x0 D:\Altera\IU3-17M\Gutnikov\embsw\nios_II_lab_1\SysBuild\CodeGenerated\DE2_115\Lab1_POVS\software\ucosii_tutorial_bsp\libucosii_bsp.a(alt_write.o)
 .data          0x000000000121c024        0x0 D:\Altera\IU3-17M\Gutnikov\embsw\nios_II_lab_1\SysBuild\CodeGenerated\DE2_115\Lab1_POVS\software\ucosii_tutorial_bsp\libucosii_bsp.a(alt_env_lock.o)
 .data          0x000000000121c024        0x0 D:\Altera\IU3-17M\Gutnikov\embsw\nios_II_lab_1\SysBuild\CodeGenerated\DE2_115\Lab1_POVS\software\ucosii_tutorial_bsp\libucosii_bsp.a(alt_malloc_lock.o)
 .data          0x000000000121c024        0x0 D:\Altera\IU3-17M\Gutnikov\embsw\nios_II_lab_1\SysBuild\CodeGenerated\DE2_115\Lab1_POVS\software\ucosii_tutorial_bsp\libucosii_bsp.a(os_core.o)
 .data          0x000000000121c024        0x0 D:\Altera\IU3-17M\Gutnikov\embsw\nios_II_lab_1\SysBuild\CodeGenerated\DE2_115\Lab1_POVS\software\ucosii_tutorial_bsp\libucosii_bsp.a(os_dbg.o)
 .data          0x000000000121c024        0x0 D:\Altera\IU3-17M\Gutnikov\embsw\nios_II_lab_1\SysBuild\CodeGenerated\DE2_115\Lab1_POVS\software\ucosii_tutorial_bsp\libucosii_bsp.a(os_flag.o)
 .data          0x000000000121c024        0x0 D:\Altera\IU3-17M\Gutnikov\embsw\nios_II_lab_1\SysBuild\CodeGenerated\DE2_115\Lab1_POVS\software\ucosii_tutorial_bsp\libucosii_bsp.a(os_mem.o)
 .data          0x000000000121c024        0x0 D:\Altera\IU3-17M\Gutnikov\embsw\nios_II_lab_1\SysBuild\CodeGenerated\DE2_115\Lab1_POVS\software\ucosii_tutorial_bsp\libucosii_bsp.a(os_q.o)
 .data          0x000000000121c024        0x0 D:\Altera\IU3-17M\Gutnikov\embsw\nios_II_lab_1\SysBuild\CodeGenerated\DE2_115\Lab1_POVS\software\ucosii_tutorial_bsp\libucosii_bsp.a(os_sem.o)
 .data          0x000000000121c024        0x0 D:\Altera\IU3-17M\Gutnikov\embsw\nios_II_lab_1\SysBuild\CodeGenerated\DE2_115\Lab1_POVS\software\ucosii_tutorial_bsp\libucosii_bsp.a(os_task.o)
 .data          0x000000000121c024        0x0 D:\Altera\IU3-17M\Gutnikov\embsw\nios_II_lab_1\SysBuild\CodeGenerated\DE2_115\Lab1_POVS\software\ucosii_tutorial_bsp\libucosii_bsp.a(os_time.o)
 .data          0x000000000121c024     0x1148 D:\Altera\IU3-17M\Gutnikov\embsw\nios_II_lab_1\SysBuild\CodeGenerated\DE2_115\Lab1_POVS\software\ucosii_tutorial_bsp\libucosii_bsp.a(alt_sys_init.o)
 .data          0x000000000121d16c        0x0 D:\Altera\IU3-17M\Gutnikov\embsw\nios_II_lab_1\SysBuild\CodeGenerated\DE2_115\Lab1_POVS\software\ucosii_tutorial_bsp\libucosii_bsp.a(altera_avalon_cfi_flash.o)
 .data          0x000000000121d16c        0x0 D:\Altera\IU3-17M\Gutnikov\embsw\nios_II_lab_1\SysBuild\CodeGenerated\DE2_115\Lab1_POVS\software\ucosii_tutorial_bsp\libucosii_bsp.a(altera_avalon_cfi_flash_table.o)
 .data          0x000000000121d16c        0x0 D:\Altera\IU3-17M\Gutnikov\embsw\nios_II_lab_1\SysBuild\CodeGenerated\DE2_115\Lab1_POVS\software\ucosii_tutorial_bsp\libucosii_bsp.a(altera_avalon_jtag_uart_fd.o)
 .data          0x000000000121d16c        0x0 D:\Altera\IU3-17M\Gutnikov\embsw\nios_II_lab_1\SysBuild\CodeGenerated\DE2_115\Lab1_POVS\software\ucosii_tutorial_bsp\libucosii_bsp.a(altera_avalon_jtag_uart_init.o)
 .data          0x000000000121d16c        0x0 D:\Altera\IU3-17M\Gutnikov\embsw\nios_II_lab_1\SysBuild\CodeGenerated\DE2_115\Lab1_POVS\software\ucosii_tutorial_bsp\libucosii_bsp.a(altera_avalon_jtag_uart_ioctl.o)
 .data          0x000000000121d16c        0x0 D:\Altera\IU3-17M\Gutnikov\embsw\nios_II_lab_1\SysBuild\CodeGenerated\DE2_115\Lab1_POVS\software\ucosii_tutorial_bsp\libucosii_bsp.a(altera_avalon_jtag_uart_read.o)
 .data          0x000000000121d16c        0x0 D:\Altera\IU3-17M\Gutnikov\embsw\nios_II_lab_1\SysBuild\CodeGenerated\DE2_115\Lab1_POVS\software\ucosii_tutorial_bsp\libucosii_bsp.a(altera_avalon_jtag_uart_write.o)
 .data          0x000000000121d16c        0x0 D:\Altera\IU3-17M\Gutnikov\embsw\nios_II_lab_1\SysBuild\CodeGenerated\DE2_115\Lab1_POVS\software\ucosii_tutorial_bsp\libucosii_bsp.a(altera_avalon_timer_sc.o)
 .data          0x000000000121d16c        0x0 D:\Altera\IU3-17M\Gutnikov\embsw\nios_II_lab_1\SysBuild\CodeGenerated\DE2_115\Lab1_POVS\software\ucosii_tutorial_bsp\libucosii_bsp.a(alt_alarm_start.o)
 .data          0x000000000121d16c        0x0 D:\Altera\IU3-17M\Gutnikov\embsw\nios_II_lab_1\SysBuild\CodeGenerated\DE2_115\Lab1_POVS\software\ucosii_tutorial_bsp\libucosii_bsp.a(alt_dcache_flush.o)
 .data          0x000000000121d16c        0x0 D:\Altera\IU3-17M\Gutnikov\embsw\nios_II_lab_1\SysBuild\CodeGenerated\DE2_115\Lab1_POVS\software\ucosii_tutorial_bsp\libucosii_bsp.a(alt_dev_llist_insert.o)
 .data          0x000000000121d16c        0x0 D:\Altera\IU3-17M\Gutnikov\embsw\nios_II_lab_1\SysBuild\CodeGenerated\DE2_115\Lab1_POVS\software\ucosii_tutorial_bsp\libucosii_bsp.a(alt_do_ctors.o)
 .data          0x000000000121d16c        0x0 D:\Altera\IU3-17M\Gutnikov\embsw\nios_II_lab_1\SysBuild\CodeGenerated\DE2_115\Lab1_POVS\software\ucosii_tutorial_bsp\libucosii_bsp.a(alt_do_dtors.o)
 .data          0x000000000121d16c        0x0 D:\Altera\IU3-17M\Gutnikov\embsw\nios_II_lab_1\SysBuild\CodeGenerated\DE2_115\Lab1_POVS\software\ucosii_tutorial_bsp\libucosii_bsp.a(alt_flash_dev.o)
 .data          0x000000000121d16c        0x0 D:\Altera\IU3-17M\Gutnikov\embsw\nios_II_lab_1\SysBuild\CodeGenerated\DE2_115\Lab1_POVS\software\ucosii_tutorial_bsp\libucosii_bsp.a(alt_iic.o)
 .data          0x000000000121d16c        0x0 D:\Altera\IU3-17M\Gutnikov\embsw\nios_II_lab_1\SysBuild\CodeGenerated\DE2_115\Lab1_POVS\software\ucosii_tutorial_bsp\libucosii_bsp.a(alt_iic_isr_register.o)
 .data          0x000000000121d16c        0x0 D:\Altera\IU3-17M\Gutnikov\embsw\nios_II_lab_1\SysBuild\CodeGenerated\DE2_115\Lab1_POVS\software\ucosii_tutorial_bsp\libucosii_bsp.a(alt_io_redirect.o)
 .data          0x000000000121d16c        0x0 D:\Altera\IU3-17M\Gutnikov\embsw\nios_II_lab_1\SysBuild\CodeGenerated\DE2_115\Lab1_POVS\software\ucosii_tutorial_bsp\libucosii_bsp.a(alt_irq_entry.o)
 .data          0x000000000121d16c        0x0 D:\Altera\IU3-17M\Gutnikov\embsw\nios_II_lab_1\SysBuild\CodeGenerated\DE2_115\Lab1_POVS\software\ucosii_tutorial_bsp\libucosii_bsp.a(alt_irq_handler.o)
 .data          0x000000000121d16c        0x0 D:\Altera\IU3-17M\Gutnikov\embsw\nios_II_lab_1\SysBuild\CodeGenerated\DE2_115\Lab1_POVS\software\ucosii_tutorial_bsp\libucosii_bsp.a(alt_irq_vars.o)
 .data          0x000000000121d16c        0x0 D:\Altera\IU3-17M\Gutnikov\embsw\nios_II_lab_1\SysBuild\CodeGenerated\DE2_115\Lab1_POVS\software\ucosii_tutorial_bsp\libucosii_bsp.a(alt_open.o)
 .data          0x000000000121d16c        0x0 D:\Altera\IU3-17M\Gutnikov\embsw\nios_II_lab_1\SysBuild\CodeGenerated\DE2_115\Lab1_POVS\software\ucosii_tutorial_bsp\libucosii_bsp.a(alt_tick.o)
 .data          0x000000000121d16c        0x0 D:\Altera\IU3-17M\Gutnikov\embsw\nios_II_lab_1\SysBuild\CodeGenerated\DE2_115\Lab1_POVS\software\ucosii_tutorial_bsp\libucosii_bsp.a(altera_nios2_gen2_irq.o)
 .data          0x000000000121d16c        0x0 D:\Altera\IU3-17M\Gutnikov\embsw\nios_II_lab_1\SysBuild\CodeGenerated\DE2_115\Lab1_POVS\software\ucosii_tutorial_bsp\libucosii_bsp.a(os_cpu_a.o)
 .data          0x000000000121d16c        0x0 D:\Altera\IU3-17M\Gutnikov\embsw\nios_II_lab_1\SysBuild\CodeGenerated\DE2_115\Lab1_POVS\software\ucosii_tutorial_bsp\libucosii_bsp.a(os_cpu_c.o)
 .data          0x000000000121d16c        0x0 D:\Altera\IU3-17M\Gutnikov\embsw\nios_II_lab_1\SysBuild\CodeGenerated\DE2_115\Lab1_POVS\software\ucosii_tutorial_bsp\libucosii_bsp.a(altera_avalon_cfi_flash_amd.o)
 .data          0x000000000121d16c        0x0 D:\Altera\IU3-17M\Gutnikov\embsw\nios_II_lab_1\SysBuild\CodeGenerated\DE2_115\Lab1_POVS\software\ucosii_tutorial_bsp\libucosii_bsp.a(altera_avalon_cfi_flash_intel.o)
 .data          0x000000000121d16c        0x0 D:\Altera\IU3-17M\Gutnikov\embsw\nios_II_lab_1\SysBuild\CodeGenerated\DE2_115\Lab1_POVS\software\ucosii_tutorial_bsp\libucosii_bsp.a(alt_exception_entry.o)
 .data          0x000000000121d16c        0x0 D:\Altera\IU3-17M\Gutnikov\embsw\nios_II_lab_1\SysBuild\CodeGenerated\DE2_115\Lab1_POVS\software\ucosii_tutorial_bsp\libucosii_bsp.a(alt_find_dev.o)
 .data          0x000000000121d16c        0x0 D:\Altera\IU3-17M\Gutnikov\embsw\nios_II_lab_1\SysBuild\CodeGenerated\DE2_115\Lab1_POVS\software\ucosii_tutorial_bsp\libucosii_bsp.a(alt_find_file.o)
 .data          0x000000000121d16c        0x0 D:\Altera\IU3-17M\Gutnikov\embsw\nios_II_lab_1\SysBuild\CodeGenerated\DE2_115\Lab1_POVS\software\ucosii_tutorial_bsp\libucosii_bsp.a(alt_get_fd.o)
 .data          0x000000000121d16c        0x0 D:\Altera\IU3-17M\Gutnikov\embsw\nios_II_lab_1\SysBuild\CodeGenerated\DE2_115\Lab1_POVS\software\ucosii_tutorial_bsp\libucosii_bsp.a(alt_instruction_exception_entry.o)
 .data          0x000000000121d16c        0x0 D:\Altera\IU3-17M\Gutnikov\embsw\nios_II_lab_1\SysBuild\CodeGenerated\DE2_115\Lab1_POVS\software\ucosii_tutorial_bsp\libucosii_bsp.a(alt_usleep.o)
 .data          0x000000000121d16c        0x0 D:\Altera\IU3-17M\Gutnikov\embsw\nios_II_lab_1\SysBuild\CodeGenerated\DE2_115\Lab1_POVS\software\ucosii_tutorial_bsp\libucosii_bsp.a(alt_busy_sleep.o)
 .data          0x000000000121d16c        0x0 c:/altera/15.0/nios2eds/bin/gnu/h-x86_64-mingw32/bin/../lib/gcc/nios2-elf/4.9.1/../../../../../H-x86_64-mingw32/nios2-elf/lib\libc.a(lib_a-atexit.o)
 .data          0x000000000121d16c        0x0 c:/altera/15.0/nios2eds/bin/gnu/h-x86_64-mingw32/bin/../lib/gcc/nios2-elf/4.9.1/../../../../../H-x86_64-mingw32/nios2-elf/lib\libc.a(lib_a-memcmp.o)
 .data          0x000000000121d16c        0x0 c:/altera/15.0/nios2eds/bin/gnu/h-x86_64-mingw32/bin/../lib/gcc/nios2-elf/4.9.1/../../../../../H-x86_64-mingw32/nios2-elf/lib\libc.a(lib_a-__atexit.o)
                0x000000000122516c                _gp = ABSOLUTE ((. + 0x8000))
                0x000000000122516c                PROVIDE (gp, _gp)
 *(.rwdata .rwdata.*)
 *(.sdata .sdata.* .gnu.linkonce.s.*)
 .sdata         0x000000000121d16c        0x8 c:/altera/15.0/nios2eds/bin/gnu/h-x86_64-mingw32/bin/../lib/gcc/nios2-elf/4.9.1/../../../../../H-x86_64-mingw32/nios2-elf/lib\libc.a(lib_a-impure.o)
                0x000000000121d16c                _global_impure_ptr
                0x000000000121d170                _impure_ptr
 .sdata         0x000000000121d174        0x4 c:/altera/15.0/nios2eds/bin/gnu/h-x86_64-mingw32/bin/../lib/gcc/nios2-elf/4.9.1/../../../../../H-x86_64-mingw32/nios2-elf/lib\libc.a(lib_a-locale.o)
                0x000000000121d174                __mb_cur_max
 .sdata         0x000000000121d178        0x8 c:/altera/15.0/nios2eds/bin/gnu/h-x86_64-mingw32/bin/../lib/gcc/nios2-elf/4.9.1/../../../../../H-x86_64-mingw32/nios2-elf/lib\libc.a(lib_a-mallocr.o)
                0x000000000121d178                __malloc_sbrk_base
                0x000000000121d17c                __malloc_trim_threshold
 .sdata         0x000000000121d180        0x4 c:/altera/15.0/nios2eds/bin/gnu/h-x86_64-mingw32/bin/../lib/gcc/nios2-elf/4.9.1/../../../../../H-x86_64-mingw32/nios2-elf/lib\libc.a(lib_a-wctomb_r.o)
                0x000000000121d180                __wctomb
 .sdata         0x000000000121d184       0x14 D:\Altera\IU3-17M\Gutnikov\embsw\nios_II_lab_1\SysBuild\CodeGenerated\DE2_115\Lab1_POVS\software\ucosii_tutorial_bsp\libucosii_bsp.a(alt_dev.o)
                0x000000000121d184                alt_fs_list
                0x000000000121d18c                alt_dev_list
                0x000000000121d194                alt_max_fd
 .sdata         0x000000000121d198        0x4 D:\Altera\IU3-17M\Gutnikov\embsw\nios_II_lab_1\SysBuild\CodeGenerated\DE2_115\Lab1_POVS\software\ucosii_tutorial_bsp\libucosii_bsp.a(alt_errno.o)
                0x000000000121d198                alt_errno
 .sdata         0x000000000121d19c        0x4 D:\Altera\IU3-17M\Gutnikov\embsw\nios_II_lab_1\SysBuild\CodeGenerated\DE2_115\Lab1_POVS\software\ucosii_tutorial_bsp\libucosii_bsp.a(alt_sbrk.o)
 .sdata         0x000000000121d1a0        0x4 D:\Altera\IU3-17M\Gutnikov\embsw\nios_II_lab_1\SysBuild\CodeGenerated\DE2_115\Lab1_POVS\software\ucosii_tutorial_bsp\libucosii_bsp.a(alt_env_lock.o)
 .sdata         0x000000000121d1a4        0x4 D:\Altera\IU3-17M\Gutnikov\embsw\nios_II_lab_1\SysBuild\CodeGenerated\DE2_115\Lab1_POVS\software\ucosii_tutorial_bsp\libucosii_bsp.a(alt_malloc_lock.o)
 .sdata         0x000000000121d1a8       0x74 D:\Altera\IU3-17M\Gutnikov\embsw\nios_II_lab_1\SysBuild\CodeGenerated\DE2_115\Lab1_POVS\software\ucosii_tutorial_bsp\libucosii_bsp.a(os_dbg.o)
                0x000000000121d1a8                OSDebugEn
                0x000000000121d1ac                OSEndiannessTest
                0x000000000121d1b0                OSEventEn
                0x000000000121d1b2                OSEventMax
                0x000000000121d1b4                OSEventNameSize
                0x000000000121d1b6                OSEventSize
                0x000000000121d1b8                OSEventTblSize
                0x000000000121d1ba                OSEventMultiEn
                0x000000000121d1bc                OSFlagEn
                0x000000000121d1be                OSFlagGrpSize
                0x000000000121d1c0                OSFlagNodeSize
                0x000000000121d1c2                OSFlagWidth
                0x000000000121d1c4                OSFlagMax
                0x000000000121d1c6                OSFlagNameSize
                0x000000000121d1c8                OSLowestPrio
                0x000000000121d1ca                OSMboxEn
                0x000000000121d1cc                OSMemEn
                0x000000000121d1ce                OSMemMax
                0x000000000121d1d0                OSMemNameSize
                0x000000000121d1d2                OSMemSize
                0x000000000121d1d4                OSMemTblSize
                0x000000000121d1d6                OSMutexEn
                0x000000000121d1d8                OSPtrSize
                0x000000000121d1da                OSQEn
                0x000000000121d1dc                OSQMax
                0x000000000121d1de                OSQSize
                0x000000000121d1e0                OSRdyTblSize
                0x000000000121d1e2                OSSemEn
                0x000000000121d1e4                OSStkWidth
                0x000000000121d1e6                OSTaskCreateEn
                0x000000000121d1e8                OSTaskCreateExtEn
                0x000000000121d1ea                OSTaskDelEn
                0x000000000121d1ec                OSTaskIdleStkSize
                0x000000000121d1ee                OSTaskProfileEn
                0x000000000121d1f0                OSTaskMax
                0x000000000121d1f2                OSTaskNameSize
                0x000000000121d1f4                OSTaskStatEn
                0x000000000121d1f6                OSTaskStatStkSize
                0x000000000121d1f8                OSTaskStatStkChkEn
                0x000000000121d1fa                OSTaskSwHookEn
                0x000000000121d1fc                OSTCBPrioTblMax
                0x000000000121d1fe                OSTCBSize
                0x000000000121d200                OSTicksPerSec
                0x000000000121d202                OSTimeTickHookEn
                0x000000000121d204                OSVersionNbr
                0x000000000121d206                OSTmrEn
                0x000000000121d208                OSTmrCfgMax
                0x000000000121d20a                OSTmrCfgNameSize
                0x000000000121d20c                OSTmrCfgWheelSize
                0x000000000121d20e                OSTmrCfgTicksPerSec
                0x000000000121d210                OSTmrSize
                0x000000000121d212                OSTmrTblSize
                0x000000000121d214                OSTmrWheelSize
                0x000000000121d216                OSTmrWheelTblSize
                0x000000000121d218                OSDataSize
 .sdata         0x000000000121d21c        0x8 D:\Altera\IU3-17M\Gutnikov\embsw\nios_II_lab_1\SysBuild\CodeGenerated\DE2_115\Lab1_POVS\software\ucosii_tutorial_bsp\libucosii_bsp.a(alt_flash_dev.o)
                0x000000000121d21c                alt_flash_dev_list
 .sdata         0x000000000121d224        0x4 D:\Altera\IU3-17M\Gutnikov\embsw\nios_II_lab_1\SysBuild\CodeGenerated\DE2_115\Lab1_POVS\software\ucosii_tutorial_bsp\libucosii_bsp.a(alt_irq_vars.o)
                0x000000000121d224                alt_priority_mask
 .sdata         0x000000000121d228        0x8 D:\Altera\IU3-17M\Gutnikov\embsw\nios_II_lab_1\SysBuild\CodeGenerated\DE2_115\Lab1_POVS\software\ucosii_tutorial_bsp\libucosii_bsp.a(alt_tick.o)
                0x000000000121d228                alt_alarm_list
 *(.sdata2 .sdata2.* .gnu.linkonce.s2.*)
                0x000000000121d230                . = ALIGN (0x4)
                0x000000000121d230                _edata = ABSOLUTE (.)
                0x000000000121d230                PROVIDE (edata, ABSOLUTE (.))
                0x000000000121d230                PROVIDE (__ram_rwdata_end, ABSOLUTE (.))
                0x000000000121b5d8                PROVIDE (__flash_rwdata_start, LOADADDR (.rwdata))

.bss            0x000000000121d230     0xa490
                0x000000000121d230                __bss_start = ABSOLUTE (.)
                0x000000000121d230                PROVIDE (__sbss_start, ABSOLUTE (.))
                0x000000000121d230                PROVIDE (___sbss_start, ABSOLUTE (.))
 *(.dynsbss)
 *(.sbss .sbss.* .gnu.linkonce.sb.*)
 .sbss          0x000000000121d230       0x14 obj/default/ucosii_tutorial.o
                0x000000000121d230                number_of_messages_sent
                0x000000000121d234                number_of_messages_received_task1
                0x000000000121d238                number_of_messages_received_task2
                0x000000000121d23c                getsem_task1_got_sem
                0x000000000121d240                getsem_task2_got_sem
 .sbss          0x000000000121d244        0x8 obj/default/ucosii_tutorial.o
                0x000000000121d244                msgqueue
                0x000000000121d248                shared_resource_sem
 .sbss          0x000000000121d24c        0xc c:/altera/15.0/nios2eds/bin/gnu/h-x86_64-mingw32/bin/../lib/gcc/nios2-elf/4.9.1/../../../../../H-x86_64-mingw32/nios2-elf/lib\libc.a(lib_a-locale.o)
                0x000000000121d24c                _PathLocale
                0x000000000121d250                __mlocale_changed
                0x000000000121d254                __nlocale_changed
 .sbss          0x000000000121d258        0xc c:/altera/15.0/nios2eds/bin/gnu/h-x86_64-mingw32/bin/../lib/gcc/nios2-elf/4.9.1/../../../../../H-x86_64-mingw32/nios2-elf/lib\libc.a(lib_a-mallocr.o)
                0x000000000121d258                __malloc_max_total_mem
                0x000000000121d25c                __malloc_max_sbrked_mem
                0x000000000121d260                __malloc_top_pad
 .sbss          0x000000000121d264        0x4 c:/altera/15.0/nios2eds/bin/gnu/h-x86_64-mingw32/bin/../lib/gcc/nios2-elf/4.9.1/../../../../../H-x86_64-mingw32/nios2-elf/lib\libc.a(lib_a-int_errno.o)
                0x000000000121d264                errno
 .sbss          0x000000000121d268        0x4 D:\Altera\IU3-17M\Gutnikov\embsw\nios_II_lab_1\SysBuild\CodeGenerated\DE2_115\Lab1_POVS\software\ucosii_tutorial_bsp\libucosii_bsp.a(alt_dev.o)
                0x000000000121d268                alt_fd_list_lock
 .sbss          0x000000000121d26c        0xc D:\Altera\IU3-17M\Gutnikov\embsw\nios_II_lab_1\SysBuild\CodeGenerated\DE2_115\Lab1_POVS\software\ucosii_tutorial_bsp\libucosii_bsp.a(alt_main.o)
                0x000000000121d26c                alt_argc
                0x000000000121d270                alt_argv
                0x000000000121d274                alt_envp
 .sbss          0x000000000121d278        0x8 D:\Altera\IU3-17M\Gutnikov\embsw\nios_II_lab_1\SysBuild\CodeGenerated\DE2_115\Lab1_POVS\software\ucosii_tutorial_bsp\libucosii_bsp.a(alt_env_lock.o)
                0x000000000121d27c                alt_envsem
 .sbss          0x000000000121d280        0x8 D:\Altera\IU3-17M\Gutnikov\embsw\nios_II_lab_1\SysBuild\CodeGenerated\DE2_115\Lab1_POVS\software\ucosii_tutorial_bsp\libucosii_bsp.a(alt_malloc_lock.o)
                0x000000000121d284                alt_heapsem
 .sbss          0x000000000121d288       0x50 D:\Altera\IU3-17M\Gutnikov\embsw\nios_II_lab_1\SysBuild\CodeGenerated\DE2_115\Lab1_POVS\software\ucosii_tutorial_bsp\libucosii_bsp.a(os_core.o)
                0x000000000121d288                OSLockNesting
                0x000000000121d289                OSRunning
                0x000000000121d28c                OSIdleCtr
                0x000000000121d290                OSPrioHighRdy
                0x000000000121d291                OSPrioCur
                0x000000000121d294                OSTCBList
                0x000000000121d298                OSTickStepState
                0x000000000121d29c                OSCtxSwCtr
                0x000000000121d2a0                OSIdleCtrMax
                0x000000000121d2a4                OSTCBFreeList
                0x000000000121d2a8                OSCPUUsage
                0x000000000121d2a9                OSTaskCtr
                0x000000000121d2ac                OSMemFreeList
                0x000000000121d2b0                OSTCBHighRdy
                0x000000000121d2b4                OSQFreeList
                0x000000000121d2b8                OSRdyGrp
                0x000000000121d2b9                OSRdyTbl
                0x000000000121d2bc                OSEventFreeList
                0x000000000121d2c0                OSIntNesting
                0x000000000121d2c4                OSTCBCur
                0x000000000121d2c8                OSTime
                0x000000000121d2cc                OSFlagFreeList
                0x000000000121d2d0                OSStatRdy
                0x000000000121d2d4                OSIdleCtrRun
 .sbss          0x000000000121d2d8        0x4 D:\Altera\IU3-17M\Gutnikov\embsw\nios_II_lab_1\SysBuild\CodeGenerated\DE2_115\Lab1_POVS\software\ucosii_tutorial_bsp\libucosii_bsp.a(alt_irq_vars.o)
                0x000000000121d2d8                alt_irq_active
 .sbss          0x000000000121d2dc        0x8 D:\Altera\IU3-17M\Gutnikov\embsw\nios_II_lab_1\SysBuild\CodeGenerated\DE2_115\Lab1_POVS\software\ucosii_tutorial_bsp\libucosii_bsp.a(alt_tick.o)
                0x000000000121d2dc                _alt_tick_rate
                0x000000000121d2e0                _alt_nticks
 .sbss          0x000000000121d2e4        0x4 D:\Altera\IU3-17M\Gutnikov\embsw\nios_II_lab_1\SysBuild\CodeGenerated\DE2_115\Lab1_POVS\software\ucosii_tutorial_bsp\libucosii_bsp.a(alt_instruction_exception_entry.o)
                0x000000000121d2e4                alt_instruction_exception_handler
 *(.sbss2 .sbss2.* .gnu.linkonce.sb2.*)
 *(.scommon)
                0x000000000121d2e8                PROVIDE (__sbss_end, ABSOLUTE (.))
                0x000000000121d2e8                PROVIDE (___sbss_end, ABSOLUTE (.))
 *(.dynbss)
 *(.bss .bss.* .gnu.linkonce.b.*)