Archive member included to satisfy reference by file (symbol)

c:/altera/15.0/nios2eds/bin/gnu/h-x86_64-mingw32/bin/../lib/gcc/nios2-elf/4.9.1/../../../../../H-x86_64-mingw32/nios2-elf/lib\libc.a(lib_a-puts.o)
                              obj/default/simple.o (puts)
c:/altera/15.0/nios2eds/bin/gnu/h-x86_64-mingw32/bin/../lib/gcc/nios2-elf/4.9.1/../../../../../H-x86_64-mingw32/nios2-elf/lib\libc.a(lib_a-strlen.o)
                              c:/altera/15.0/nios2eds/bin/gnu/h-x86_64-mingw32/bin/../lib/gcc/nios2-elf/4.9.1/../../../../../H-x86_64-mingw32/nios2-elf/lib\libc.a(lib_a-puts.o) (strlen)
c:/altera/15.0/nios2eds/bin/gnu/h-x86_64-mingw32/bin/../lib/gcc/nios2-elf/4.9.1/../../../../../H-x86_64-mingw32/nios2-elf/lib\libc.a(lib_a-fvwrite.o)
                              c:/altera/15.0/nios2eds/bin/gnu/h-x86_64-mingw32/bin/../lib/gcc/nios2-elf/4.9.1/../../../../../H-x86_64-mingw32/nios2-elf/lib\libc.a(lib_a-puts.o) (__sfvwrite_r)
c:/altera/15.0/nios2eds/bin/gnu/h-x86_64-mingw32/bin/../lib/gcc/nios2-elf/4.9.1/../../../../../H-x86_64-mingw32/nios2-elf/lib\libc.a(lib_a-impure.o)
                              c:/altera/15.0/nios2eds/bin/gnu/h-x86_64-mingw32/bin/../lib/gcc/nios2-elf/4.9.1/../../../../../H-x86_64-mingw32/nios2-elf/lib\libc.a(lib_a-puts.o) (_impure_ptr)
c:/altera/15.0/nios2eds/bin/gnu/h-x86_64-mingw32/bin/../lib/gcc/nios2-elf/4.9.1/../../../../../H-x86_64-mingw32/nios2-elf/lib\libc.a(lib_a-mallocr.o)
                              c:/altera/15.0/nios2eds/bin/gnu/h-x86_64-mingw32/bin/../lib/gcc/nios2-elf/4.9.1/../../../../../H-x86_64-mingw32/nios2-elf/lib\libc.a(lib_a-fvwrite.o) (_malloc_r)
c:/altera/15.0/nios2eds/bin/gnu/h-x86_64-mingw32/bin/../lib/gcc/nios2-elf/4.9.1/../../../../../H-x86_64-mingw32/nios2-elf/lib\libc.a(lib_a-memchr.o)
                              c:/altera/15.0/nios2eds/bin/gnu/h-x86_64-mingw32/bin/../lib/gcc/nios2-elf/4.9.1/../../../../../H-x86_64-mingw32/nios2-elf/lib\libc.a(lib_a-fvwrite.o) (memchr)
c:/altera/15.0/nios2eds/bin/gnu/h-x86_64-mingw32/bin/../lib/gcc/nios2-elf/4.9.1/../../../../../H-x86_64-mingw32/nios2-elf/lib\libc.a(lib_a-memcpy.o)
                              c:/altera/15.0/nios2eds/bin/gnu/h-x86_64-mingw32/bin/../lib/gcc/nios2-elf/4.9.1/../../../../../H-x86_64-mingw32/nios2-elf/lib\libc.a(lib_a-fvwrite.o) (memcpy)
c:/altera/15.0/nios2eds/bin/gnu/h-x86_64-mingw32/bin/../lib/gcc/nios2-elf/4.9.1/../../../../../H-x86_64-mingw32/nios2-elf/lib\libc.a(lib_a-memmove.o)
                              c:/altera/15.0/nios2eds/bin/gnu/h-x86_64-mingw32/bin/../lib/gcc/nios2-elf/4.9.1/../../../../../H-x86_64-mingw32/nios2-elf/lib\libc.a(lib_a-fvwrite.o) (memmove)
c:/altera/15.0/nios2eds/bin/gnu/h-x86_64-mingw32/bin/../lib/gcc/nios2-elf/4.9.1/../../../../../H-x86_64-mingw32/nios2-elf/lib\libc.a(lib_a-reallocr.o)
                              c:/altera/15.0/nios2eds/bin/gnu/h-x86_64-mingw32/bin/../lib/gcc/nios2-elf/4.9.1/../../../../../H-x86_64-mingw32/nios2-elf/lib\libc.a(lib_a-fvwrite.o) (_realloc_r)
c:/altera/15.0/nios2eds/bin/gnu/h-x86_64-mingw32/bin/../lib/gcc/nios2-elf/4.9.1/../../../../../H-x86_64-mingw32/nios2-elf/lib\libc.a(lib_a-sbrkr.o)
                              c:/altera/15.0/nios2eds/bin/gnu/h-x86_64-mingw32/bin/../lib/gcc/nios2-elf/4.9.1/../../../../../H-x86_64-mingw32/nios2-elf/lib\libc.a(lib_a-mallocr.o) (_sbrk_r)
c:/altera/15.0/nios2eds/bin/gnu/h-x86_64-mingw32/bin/../lib/gcc/nios2-elf/4.9.1/../../../../../H-x86_64-mingw32/nios2-elf/lib\libc.a(lib_a-wsetup.o)
                              c:/altera/15.0/nios2eds/bin/gnu/h-x86_64-mingw32/bin/../lib/gcc/nios2-elf/4.9.1/../../../../../H-x86_64-mingw32/nios2-elf/lib\libc.a(lib_a-fvwrite.o) (__swsetup_r)
c:/altera/15.0/nios2eds/bin/gnu/h-x86_64-mingw32/bin/../lib/gcc/nios2-elf/4.9.1/../../../../../H-x86_64-mingw32/nios2-elf/lib\libc.a(lib_a-fflush.o)
                              c:/altera/15.0/nios2eds/bin/gnu/h-x86_64-mingw32/bin/../lib/gcc/nios2-elf/4.9.1/../../../../../H-x86_64-mingw32/nios2-elf/lib\libc.a(lib_a-fvwrite.o) (_fflush_r)
c:/altera/15.0/nios2eds/bin/gnu/h-x86_64-mingw32/bin/../lib/gcc/nios2-elf/4.9.1/../../../../../H-x86_64-mingw32/nios2-elf/lib\libc.a(lib_a-findfp.o)
                              c:/altera/15.0/nios2eds/bin/gnu/h-x86_64-mingw32/bin/../lib/gcc/nios2-elf/4.9.1/../../../../../H-x86_64-mingw32/nios2-elf/lib\libc.a(lib_a-wsetup.o) (__sinit)
c:/altera/15.0/nios2eds/bin/gnu/h-x86_64-mingw32/bin/../lib/gcc/nios2-elf/4.9.1/../../../../../H-x86_64-mingw32/nios2-elf/lib\libc.a(lib_a-freer.o)
                              c:/altera/15.0/nios2eds/bin/gnu/h-x86_64-mingw32/bin/../lib/gcc/nios2-elf/4.9.1/../../../../../H-x86_64-mingw32/nios2-elf/lib\libc.a(lib_a-fvwrite.o) (_free_r)
c:/altera/15.0/nios2eds/bin/gnu/h-x86_64-mingw32/bin/../lib/gcc/nios2-elf/4.9.1/../../../../../H-x86_64-mingw32/nios2-elf/lib\libc.a(lib_a-fwalk.o)
[...]
Memory Configuration

Name             Origin             Length             Attributes
reset            0x0000000000800000 0x0000000000000020
ext_flash_ctl    0x0000000000800020 0x00000000007fffe0
ext_ram_ctl_BEFORE_EXCEPTION 0x0000000001200000 0x0000000000000020
ext_ram_ctl      0x0000000001200020 0x00000000001fffe0
instruction_tcm  0x0000000002000000 0x0000000000004000
*default*        0x0000000000000000 0xffffffffffffffff

Linker script and memory map

LOAD ../niosII_training_bsp//obj/HAL/src/crt0.o
LOAD obj/default/simple.o
LOAD c:/altera/15.0/nios2eds/bin/gnu/h-x86_64-mingw32/bin/../lib/gcc/nios2-elf/4.9.1/../../../../../H-x86_64-mingw32/nios2-elf/lib\libstdc++.a
LOAD c:/altera/15.0/nios2eds/bin/gnu/h-x86_64-mingw32/bin/../lib/gcc/nios2-elf/4.9.1/../../../../../H-x86_64-mingw32/nios2-elf/lib\libm.a
LOAD c:/altera/15.0/nios2eds/bin/gnu/h-x86_64-mingw32/bin/../lib/gcc/nios2-elf/4.9.1\libgcc.a
START GROUP
LOAD c:/altera/15.0/nios2eds/bin/gnu/h-x86_64-mingw32/bin/../lib/gcc/nios2-elf/4.9.1/../../../../../H-x86_64-mingw32/nios2-elf/lib\libc.a
LOAD c:/altera/15.0/nios2eds/bin/gnu/h-x86_64-mingw32/bin/../lib/gcc/nios2-elf/4.9.1\libgcc.a
LOAD ../niosII_training_bsp/\libhal_bsp.a
LOAD c:/altera/15.0/nios2eds/bin/gnu/h-x86_64-mingw32/bin/../lib/gcc/nios2-elf/4.9.1/../../../../../H-x86_64-mingw32/nios2-elf/lib\libm.a
END GROUP
LOAD c:/altera/15.0/nios2eds/bin/gnu/h-x86_64-mingw32/bin/../lib/gcc/nios2-elf/4.9.1\libgcc.a
                0x0000000000800000                __alt_mem_ext_flash_ctl = 0x800000
                0x0000000001200000                __alt_mem_ext_ram_ctl = 0x1200000
                0x0000000002000000                __alt_mem_instruction_tcm = 0x2000000

.entry          0x0000000000800000        0x0
 *(.entry)
 .entry         0x0000000000800000        0x0 ../niosII_training_bsp//obj/HAL/src/crt0.o
                0x0000000000800000                __reset

.exceptions     0x0000000001200020      0x220
                0x0000000001200020                PROVIDE (__ram_exceptions_start, ABSOLUTE (.))
                0x0000000001200020                . = ALIGN (0x20)
 *(.irq)
 *(.exceptions.entry.label)
 .exceptions.entry.label
                0x0000000001200020        0x0 ../niosII_training_bsp/\libhal_bsp.a(alt_irq_entry.o)
                0x0000000001200020                alt_irq_entry
 .exceptions.entry.label
                0x0000000001200020        0x0 ../niosII_training_bsp/\libhal_bsp.a(alt_exception_entry.o)
                0x0000000001200020                alt_exception
 *(.exceptions.entry.user)
 *(.exceptions.entry.ecc_fatal)
 *(.exceptions.entry)
 .exceptions.entry
                0x0000000001200020       0x54 ../niosII_training_bsp/\libhal_bsp.a(alt_exception_entry.o)
 *(.exceptions.irqtest.user)
 *(.exceptions.irqtest)
 .exceptions.irqtest
                0x0000000001200074       0x10 ../niosII_training_bsp/\libhal_bsp.a(alt_irq_entry.o)
 *(.exceptions.irqhandler.user)
 *(.exceptions.irqhandler)
 .exceptions.irqhandler
                0x0000000001200084        0x4 ../niosII_training_bsp/\libhal_bsp.a(alt_irq_entry.o)
 *(.exceptions.irqreturn.user)
 *(.exceptions.irqreturn)
 .exceptions.irqreturn
                0x0000000001200088        0x4 ../niosII_training_bsp/\libhal_bsp.a(alt_irq_entry.o)
 *(.exceptions.notirq.label)
 .exceptions.notirq.label
                0x000000000120008c        0x0 ../niosII_training_bsp/\libhal_bsp.a(alt_irq_entry.o)
 *(.exceptions.notirq.user)
 *(.exceptions.notirq)
 .exceptions.notirq
                0x000000000120008c        0x8 ../niosII_training_bsp/\libhal_bsp.a(alt_exception_entry.o)
 *(.exceptions.soft.user)
 *(.exceptions.soft)
 *(.exceptions.unknown.user)
 *(.exceptions.unknown)
 .exceptions.unknown
                0x0000000001200094       0x14 ../niosII_training_bsp/\libhal_bsp.a(alt_exception_entry.o)
 *(.exceptions.exit.label)
 .exceptions.exit.label
                0x00000000012000a8        0x0 ../niosII_training_bsp/\libhal_bsp.a(alt_irq_entry.o)
 .exceptions.exit.label
                0x00000000012000a8        0x0 ../niosII_training_bsp/\libhal_bsp.a(alt_exception_entry.o)
 *(.exceptions.exit.user)
 *(.exceptions.exit)
 .exceptions.exit
                0x00000000012000a8       0x54 ../niosII_training_bsp/\libhal_bsp.a(alt_exception_entry.o)
 *(.exceptions)
 .exceptions    0x00000000012000fc       0xd0 ../niosII_training_bsp/\libhal_bsp.a(alt_irq_handler.o)
                0x00000000012000fc                alt_irq_handler
 .exceptions    0x00000000012001cc       0x74 ../niosII_training_bsp/\libhal_bsp.a(alt_instruction_exception_entry.o)
                0x00000000012001cc                alt_instruction_exception_entry
                0x0000000001200240                PROVIDE (__ram_exceptions_end, ABSOLUTE (.))
                0x0000000001200020                PROVIDE (__flash_exceptions_start, LOADADDR (.exceptions))

.text           0x0000000001200240     0x7dec
                0x0000000001200240                PROVIDE (stext, ABSOLUTE (.))
 *(.interp)
 *(.hash)
 *(.dynsym)
 *(.dynstr)
 *(.gnu.version)
 *(.gnu.version_d)
 *(.gnu.version_r)
 *(.rel.init)
 *(.rela.init)
 *(.rel.text .rel.text.* .rel.gnu.linkonce.t.*)
 *(.rela.text .rela.text.* .rela.gnu.linkonce.t.*)
 *(.rel.fini)
 *(.rela.fini)
 *(.rel.rodata .rel.rodata.* .rel.gnu.linkonce.r.*)
 *(.rela.rodata .rela.rodata.* .rela.gnu.linkonce.r.*)
 *(.rel.data .rel.data.* .rel.gnu.linkonce.d.*)
 *(.rela.data .rela.data.* .rela.gnu.linkonce.d.*)
 *(.rel.tdata .rel.tdata.* .rel.gnu.linkonce.td.*)
 *(.rela.tdata .rela.tdata.* .rela.gnu.linkonce.td.*)
 *(.rel.tbss .rel.tbss.* .rel.gnu.linkonce.tb.*)
 *(.rela.tbss .rela.tbss.* .rela.gnu.linkonce.tb.*)
 *(.rel.ctors)
 *(.rela.ctors)
 *(.rel.dtors)
 *(.rela.dtors)
 *(.rel.got)
 *(.rela.got)
 *(.rel.sdata .rel.sdata.* .rel.gnu.linkonce.s.*)
 *(.rela.sdata .rela.sdata.* .rela.gnu.linkonce.s.*)
 *(.rel.sbss .rel.sbss.* .rel.gnu.linkonce.sb.*)
 *(.rela.sbss .rela.sbss.* .rela.gnu.linkonce.sb.*)
 *(.rel.sdata2 .rel.sdata2.* .rel.gnu.linkonce.s2.*)
 *(.rela.sdata2 .rela.sdata2.* .rela.gnu.linkonce.s2.*)
 *(.rel.sbss2 .rel.sbss2.* .rel.gnu.linkonce.sb2.*)
 *(.rela.sbss2 .rela.sbss2.* .rela.gnu.linkonce.sb2.*)
 *(.rel.bss .rel.bss.* .rel.gnu.linkonce.b.*)
 *(.rela.bss .rela.bss.* .rela.gnu.linkonce.b.*)
 *(.rel.plt)
 *(.rela.plt)
 *(.rel.dyn)
 *(.init)
 *(.plt)
 *(.text .stub .text.* .gnu.linkonce.t.*)
 .text          0x0000000001200240       0x48 ../niosII_training_bsp//obj/HAL/src/crt0.o
                0x0000000001200240                _start
 .text          0x0000000001200288      0x288 obj/default/simple.o
                0x0000000001200368                main
 .text          0x0000000001200510       0xcc c:/altera/15.0/nios2eds/bin/gnu/h-x86_64-mingw32/bin/../lib/gcc/nios2-elf/4.9.1/../../../../../H-x86_64-mingw32/nios2-elf/lib\libc.a(lib_a-puts.o)
                0x0000000001200510                _puts_r
                0x00000000012005c8                puts
 .text          0x00000000012005dc       0x98 c:/altera/15.0/nios2eds/bin/gnu/h-x86_64-mingw32/bin/../lib/gcc/nios2-elf/4.9.1/../../../../../H-x86_64-mingw32/nios2-elf/lib\libc.a(lib_a-strlen.o)
                0x00000000012005dc                strlen
 .text          0x0000000001200674      0x4a4 c:/altera/15.0/nios2eds/bin/gnu/h-x86_64-mingw32/bin/../lib/gcc/nios2-elf/4.9.1/../../../../../H-x86_64-mingw32/nios2-elf/lib\libc.a(lib_a-fvwrite.o)
                0x0000000001200674                __sfvwrite_r
 .text          0x0000000001200b18        0x0 c:/altera/15.0/nios2eds/bin/gnu/h-x86_64-mingw32/bin/../lib/gcc/nios2-elf/4.9.1/../../../../../H-x86_64-mingw32/nios2-elf/lib\libc.a(lib_a-impure.o)
 .text          0x0000000001200b18      0x7a8 c:/altera/15.0/nios2eds/bin/gnu/h-x86_64-mingw32/bin/../lib/gcc/nios2-elf/4.9.1/../../../../../H-x86_64-mingw32/nios2-elf/lib\libc.a(lib_a-mallocr.o)
                0x0000000001200b18                _malloc_r
 .text          0x00000000012012c0       0xe8 c:/altera/15.0/nios2eds/bin/gnu/h-x86_64-mingw32/bin/../lib/gcc/nios2-elf/4.9.1/../../../../../H-x86_64-mingw32/nios2-elf/lib\libc.a(lib_a-memchr.o)
                0x00000000012012c0                memchr
 .text          0x00000000012013a8      0x138 c:/altera/15.0/nios2eds/bin/gnu/h-x86_64-mingw32/bin/../lib/gcc/nios2-elf/4.9.1/../../../../../H-x86_64-mingw32/nios2-elf/lib\libc.a(lib_a-memcpy.o)
                0x00000000012013a8                memcpy
 .text          0x00000000012014e0      0x15c c:/altera/15.0/nios2eds/bin/gnu/h-x86_64-mingw32/bin/../lib/gcc/nios2-elf/4.9.1/../../../../../H-x86_64-mingw32/nios2-elf/lib\libc.a(lib_a-memmove.o)
                0x00000000012014e0                memmove
 .text          0x000000000120163c      0x5a0 c:/altera/15.0/nios2eds/bin/gnu/h-x86_64-mingw32/bin/../lib/gcc/nios2-elf/4.9.1/../../../../../H-x86_64-mingw32/nios2-elf/lib\libc.a(lib_a-reallocr.o)
                0x000000000120163c                _realloc_r
 .text          0x0000000001201bdc       0x54 c:/altera/15.0/nios2eds/bin/gnu/h-x86_64-mingw32/bin/../lib/gcc/nios2-elf/4.9.1/../../../../../H-x86_64-mingw32/nios2-elf/lib\libc.a(lib_a-sbrkr.o)
                0x0000000001201bdc                _sbrk_r
 .text          0x0000000001201c30      0x130 c:/altera/15.0/nios2eds/bin/gnu/h-x86_64-mingw32/bin/../lib/gcc/nios2-elf/4.9.1/../../../../../H-x86_64-mingw32/nios2-elf/lib\libc.a(lib_a-wsetup.o)
                0x0000000001201c30                __swsetup_r
 .text          0x0000000001201d60      0x258 c:/altera/15.0/nios2eds/bin/gnu/h-x86_64-mingw32/bin/../lib/gcc/nios2-elf/4.9.1/../../../../../H-x86_64-mingw32/nios2-elf/lib\libc.a(lib_a-fflush.o)
                0x0000000001201d60                _fflush_r
                0x0000000001201f88                fflush
 .text          0x0000000001201fb8      0x3a0 c:/altera/15.0/nios2eds/bin/gnu/h-x86_64-mingw32/bin/../lib/gcc/nios2-elf/4.9.1/../../../../../H-x86_64-mingw32/nios2-elf/lib\libc.a(lib_a-findfp.o)
                0x0000000001201fc8                _cleanup_r
                0x0000000001202174                __sfmoreglue
                0x00000000012021d8                __sfp
                0x00000000012022f0                _cleanup
                0x0000000001202308                __sinit
                0x0000000001202318                __sfp_lock_acquire
                0x000000000120231c                __sfp_lock_release
                0x0000000001202320                __sinit_lock_acquire
                0x0000000001202324                __sinit_lock_release
                0x0000000001202328                __fp_lock_all
                0x0000000001202340                __fp_unlock_all
 .text          0x0000000001202358      0x414 c:/altera/15.0/nios2eds/bin/gnu/h-x86_64-mingw32/bin/../lib/gcc/nios2-elf/4.9.1/../../../../../H-x86_64-mingw32/nios2-elf/lib\libc.a(lib_a-freer.o)
                0x0000000001202358                _malloc_trim_r
                0x000000000120247c                _free_r
 .text          0x000000000120276c      0x170 c:/altera/15.0/nios2eds/bin/gnu/h-x86_64-mingw32/bin/../lib/gcc/nios2-elf/4.9.1/../../../../../H-x86_64-mingw32/nios2-elf/lib\libc.a(lib_a-fwalk.o)
                0x000000000120276c                _fwalk
                0x0000000001202824                _fwalk_reent
 .text          0x00000000012028dc        0x0 c:/altera/15.0/nios2eds/bin/gnu/h-x86_64-mingw32/bin/../lib/gcc/nios2-elf/4.9.1/../../../../../H-x86_64-mingw32/nios2-elf/lib\libc.a(lib_a-int_errno.o)
 .text          0x00000000012028dc      0x1b8 c:/altera/15.0/nios2eds/bin/gnu/h-x86_64-mingw32/bin/../lib/gcc/nios2-elf/4.9.1/../../../../../H-x86_64-mingw32/nios2-elf/lib\libc.a(lib_a-makebuf.o)
                0x00000000012028dc                __smakebuf_r
 .text          0x0000000001202a94      0x124 c:/altera/15.0/nios2eds/bin/gnu/h-x86_64-mingw32/bin/../lib/gcc/nios2-elf/4.9.1/../../../../../H-x86_64-mingw32/nios2-elf/lib\libc.a(lib_a-memset.o)
                0x0000000001202a94                memset
 .text          0x0000000001202bb8      0x13c c:/altera/15.0/nios2eds/bin/gnu/h-x86_64-mingw32/bin/../lib/gcc/nios2-elf/4.9.1/../../../../../H-x86_64-mingw32/nios2-elf/lib\libc.a(lib_a-stdio.o)
                0x0000000001202bb8                __sread
                0x0000000001202c0c                __seofread
                0x0000000001202c14                __swrite
                0x0000000001202c90                __sseek
                0x0000000001202cec                __sclose
 .text          0x0000000001202cf4       0x5c c:/altera/15.0/nios2eds/bin/gnu/h-x86_64-mingw32/bin/../lib/gcc/nios2-elf/4.9.1/../../../../../H-x86_64-mingw32/nios2-elf/lib\libc.a(lib_a-writer.o)
                0x0000000001202cf4                _write_r
 .text          0x0000000001202d50       0x54 c:/altera/15.0/nios2eds/bin/gnu/h-x86_64-mingw32/bin/../lib/gcc/nios2-elf/4.9.1/../../../../../H-x86_64-mingw32/nios2-elf/lib\libc.a(closer.o)
                0x0000000001202d50                _close_r
 .text          0x0000000001202da4      0x114 c:/altera/15.0/nios2eds/bin/gnu/h-x86_64-mingw32/bin/../lib/gcc/nios2-elf/4.9.1/../../../../../H-x86_64-mingw32/nios2-elf/lib\libc.a(lib_a-fclose.o)
                0x0000000001202da4                _fclose_r
                0x0000000001202ea4                fclose
 .text          0x0000000001202eb8       0x58 c:/altera/15.0/nios2eds/bin/gnu/h-x86_64-mingw32/bin/../lib/gcc/nios2-elf/4.9.1/../../../../../H-x86_64-mingw32/nios2-elf/lib\libc.a(lib_a-fstatr.o)
                0x0000000001202eb8                _fstat_r
 .text          0x0000000001202f10       0x54 c:/altera/15.0/nios2eds/bin/gnu/h-x86_64-mingw32/bin/../lib/gcc/nios2-elf/4.9.1/../../../../../H-x86_64-mingw32/nios2-elf/lib\libc.a(lib_a-isattyr.o)
                0x0000000001202f10                _isatty_r
 .text          0x0000000001202f64       0x5c c:/altera/15.0/nios2eds/bin/gnu/h-x86_64-mingw32/bin/../lib/gcc/nios2-elf/4.9.1/../../../../../H-x86_64-mingw32/nios2-elf/lib\libc.a(lib_a-lseekr.o)
                0x0000000001202f64                _lseek_r
 .text          0x0000000001202fc0       0x5c c:/altera/15.0/nios2eds/bin/gnu/h-x86_64-mingw32/bin/../lib/gcc/nios2-elf/4.9.1/../../../../../H-x86_64-mingw32/nios2-elf/lib\libc.a(lib_a-readr.o)
                0x0000000001202fc0                _read_r
 .text          0x000000000120301c      0x120 ../niosII_training_bsp/\libhal_bsp.a(alt_close.o)
                0x000000000120306c                close
 .text          0x000000000120313c       0x2c ../niosII_training_bsp/\libhal_bsp.a(alt_dev.o)
 .text          0x0000000001203168        0x0 ../niosII_training_bsp/\libhal_bsp.a(alt_errno.o)
 .text          0x0000000001203168      0x100 ../niosII_training_bsp/\libhal_bsp.a(alt_fstat.o)
                0x00000000012031b8                fstat
 .text          0x0000000001203268      0x1e0 ../niosII_training_bsp/\libhal_bsp.a(alt_iic.o)
                0x0000000001203268                alt_ic_isr_register
                0x00000000012032b8                alt_ic_irq_enable
                0x0000000001203358                alt_ic_irq_disable
                0x00000000012033fc                alt_ic_irq_enabled
 .text          0x0000000001203448       0xf0 ../niosII_training_bsp/\libhal_bsp.a(alt_iic_isr_register.o)
                0x0000000001203448                alt_iic_isr_register
 .text          0x0000000001203538        0x0 ../niosII_training_bsp/\libhal_bsp.a(alt_irq_entry.o)
 .text          0x0000000001203538        0x0 ../niosII_training_bsp/\libhal_bsp.a(alt_irq_handler.o)
 .text          0x0000000001203538        0x0 ../niosII_training_bsp/\libhal_bsp.a(alt_irq_vars.o)
 .text          0x0000000001203538       0xf4 ../niosII_training_bsp/\libhal_bsp.a(alt_isatty.o)
                0x0000000001203588                isatty
 .text          0x000000000120362c      0x124 ../niosII_training_bsp/\libhal_bsp.a(alt_lseek.o)
                0x000000000120367c                lseek
 .text          0x0000000001203750       0x78 ../niosII_training_bsp/\libhal_bsp.a(alt_main.o)
                0x0000000001203750                alt_main
 .text          0x00000000012037c8       0x40 ../niosII_training_bsp/\libhal_bsp.a(alt_malloc_lock.o)
                0x00000000012037c8                __malloc_lock
                0x00000000012037e8                __malloc_unlock
 .text          0x0000000001203808      0x14c ../niosII_training_bsp/\libhal_bsp.a(alt_read.o)
                0x0000000001203858                read
 .text          0x0000000001203954       0x60 ../niosII_training_bsp/\libhal_bsp.a(alt_release_fd.o)
                0x0000000001203954                alt_release_fd
 .text          0x00000000012039b4       0xb0 ../niosII_training_bsp/\libhal_bsp.a(alt_sbrk.o)
                0x00000000012039b4                sbrk
 .text          0x0000000001203a64       0x30 ../niosII_training_bsp/\libhal_bsp.a(alt_usleep.o)
                0x0000000001203a64                usleep
 .text          0x0000000001203a94      0x148 ../niosII_training_bsp/\libhal_bsp.a(alt_write.o)
                0x0000000001203ae4                write
 .text          0x0000000001203bdc       0xd8 ../niosII_training_bsp/\libhal_bsp.a(alt_sys_init.o)
                0x0000000001203c14                alt_irq_init
                0x0000000001203c48                alt_sys_init
 .text          0x0000000001203cb4      0x88c ../niosII_training_bsp/\libhal_bsp.a(altera_avalon_cfi_flash.o)
                0x0000000001203cec                alt_flash_cfi_init
                0x0000000001203d7c                alt_flash_cfi_write
                0x0000000001204024                alt_flash_cfi_get_info
                0x00000000012040b0                alt_flash_cfi_read
                0x0000000001204114                alt_write_value_to_flash
                0x000000000120426c                alt_flash_program_block
 .text          0x0000000001204540     0x1454 ../niosII_training_bsp/\libhal_bsp.a(altera_avalon_cfi_flash_table.o)
                0x0000000001204540                alt_read_query_entry_8bit
                0x000000000120457c                alt_read_query_entry_16bit
                0x00000000012045bc                alt_read_query_entry_32bit
                0x00000000012045fc                alt_write_flash_command_8bit_device_8bit_mode
                0x0000000001204640                alt_write_flash_command_16bit_device_8bit_mode
                0x00000000012046b8                alt_write_flash_command_32bit_device_8bit_mode
                0x0000000001204708                alt_write_flash_command_16bit_device_16bit_mode
                0x0000000001204754                alt_write_flash_command_32bit_device_16bit_mode
                0x00000000012047a4                alt_write_flash_command_32bit_device_32bit_mode
                0x00000000012047f4                alt_write_native_8bit
                0x000000000120482c                alt_write_native_16bit
                0x0000000001204864                alt_write_native_32bit
                0x0000000001204898                alt_set_flash_width_func
                0x0000000001204a54                alt_set_flash_algorithm_func
                0x0000000001204b70                alt_read_cfi_table
                0x0000000001205138                alt_read_cfi_width
                0x00000000012058bc                alt_check_primary_table
 .text          0x0000000001205994      0x164 ../niosII_training_bsp/\libhal_bsp.a(altera_avalon_jtag_uart_fd.o)
                0x0000000001205994                altera_avalon_jtag_uart_read_fd
                0x00000000012059f4                altera_avalon_jtag_uart_write_fd
                0x0000000001205a54                altera_avalon_jtag_uart_close_fd
                0x0000000001205aa4                altera_avalon_jtag_uart_ioctl_fd
 .text          0x0000000001205af8      0x3d8 ../niosII_training_bsp/\libhal_bsp.a(altera_avalon_jtag_uart_init.o)
                0x0000000001205af8                altera_avalon_jtag_uart_init
                0x0000000001205e68                altera_avalon_jtag_uart_close
 .text          0x0000000001205ed0       0xec ../niosII_training_bsp/\libhal_bsp.a(altera_avalon_jtag_uart_ioctl.o)
                0x0000000001205ed0                altera_avalon_jtag_uart_ioctl
 .text          0x0000000001205fbc      0x20c ../niosII_training_bsp/\libhal_bsp.a(altera_avalon_jtag_uart_read.o)
                0x0000000001205fbc                altera_avalon_jtag_uart_read
 .text          0x00000000012061c8      0x218 ../niosII_training_bsp/\libhal_bsp.a(altera_avalon_jtag_uart_write.o)
                0x00000000012061c8                altera_avalon_jtag_uart_write
 .text          0x00000000012063e0       0xfc ../niosII_training_bsp/\libhal_bsp.a(altera_avalon_timer_sc.o)
                0x0000000001206454                alt_avalon_timer_sc_init
 .text          0x00000000012064dc      0x140 ../niosII_training_bsp/\libhal_bsp.a(alt_alarm_start.o)
                0x00000000012064dc                alt_alarm_start
 .text          0x000000000120661c      0x158 ../niosII_training_bsp/\libhal_bsp.a(alt_busy_sleep.o)
                0x000000000120661c                alt_busy_sleep
 .text          0x0000000001206774       0x74 ../niosII_training_bsp/\libhal_bsp.a(alt_dcache_flush.o)
                0x0000000001206774                alt_dcache_flush
 .text          0x00000000012067e8       0xf4 ../niosII_training_bsp/\libhal_bsp.a(alt_dev_llist_insert.o)
                0x0000000001206838                alt_dev_llist_insert
 .text          0x00000000012068dc       0x5c ../niosII_training_bsp/\libhal_bsp.a(alt_do_ctors.o)
                0x00000000012068dc                _do_ctors
 .text          0x0000000001206938       0x5c ../niosII_training_bsp/\libhal_bsp.a(alt_do_dtors.o)
                0x0000000001206938                _do_dtors
 .text          0x0000000001206994        0x0 ../niosII_training_bsp/\libhal_bsp.a(alt_exception_entry.o)
 .text          0x0000000001206994       0xb8 ../niosII_training_bsp/\libhal_bsp.a(alt_flash_dev.o)
                0x0000000001206994                alt_flash_open_dev
                0x00000000012069fc                alt_flash_close_dev
 .text          0x0000000001206a4c       0x9c ../niosII_training_bsp/\libhal_bsp.a(alt_instruction_exception_entry.o)
                0x0000000001206a4c                alt_exception_cause_generated_bad_addr
 .text          0x0000000001206ae8      0x138 ../niosII_training_bsp/\libhal_bsp.a(alt_io_redirect.o)
                0x0000000001206ba8                alt_io_redirect
 .text          0x0000000001206c20      0x274 ../niosII_training_bsp/\libhal_bsp.a(alt_open.o)
                0x0000000001206d3c                open
 .text          0x0000000001206e94      0x19c ../niosII_training_bsp/\libhal_bsp.a(alt_tick.o)
                0x0000000001206e94                alt_alarm_stop
                0x0000000001206f2c                alt_tick
 .text          0x0000000001207030       0x20 ../niosII_training_bsp/\libhal_bsp.a(altera_nios2_gen2_irq.o)
                0x0000000001207030                altera_nios2_gen2_irq_init
 .text          0x0000000001207050      0x460 ../niosII_training_bsp/\libhal_bsp.a(altera_avalon_cfi_flash_amd.o)
                0x0000000001207050                alt_program_amd
                0x00000000012070b8                alt_erase_block_amd
 .text          0x00000000012074b0      0x454 ../niosII_training_bsp/\libhal_bsp.a(altera_avalon_cfi_flash_intel.o)
                0x00000000012074b0                alt_program_intel
                0x0000000001207530                alt_erase_block_intel
 .text          0x0000000001207904       0x90 ../niosII_training_bsp/\libhal_bsp.a(alt_find_dev.o)
                0x0000000001207904                alt_find_dev
 .text          0x0000000001207994      0x114 ../niosII_training_bsp/\libhal_bsp.a(alt_find_file.o)
                0x0000000001207994                alt_find_file
 .text          0x0000000001207aa8       0xb4 ../niosII_training_bsp/\libhal_bsp.a(alt_get_fd.o)
                0x0000000001207aa8                alt_get_fd
 .text          0x0000000001207b5c       0x14 c:/altera/15.0/nios2eds/bin/gnu/h-x86_64-mingw32/bin/../lib/gcc/nios2-elf/4.9.1/../../../../../H-x86_64-mingw32/nios2-elf/lib\libc.a(lib_a-atexit.o)
                0x0000000001207b5c                atexit
 .text          0x0000000001207b70       0x38 c:/altera/15.0/nios2eds/bin/gnu/h-x86_64-mingw32/bin/../lib/gcc/nios2-elf/4.9.1/../../../../../H-x86_64-mingw32/nios2-elf/lib\libc.a(lib_a-exit.o)
                0x0000000001207b70                exit
 .text          0x0000000001207ba8       0x7c c:/altera/15.0/nios2eds/bin/gnu/h-x86_64-mingw32/bin/../lib/gcc/nios2-elf/4.9.1/../../../../../H-x86_64-mingw32/nios2-elf/lib\libc.a(lib_a-memcmp.o)
                0x0000000001207ba8                memcmp
 .text          0x0000000001207c24      0x114 c:/altera/15.0/nios2eds/bin/gnu/h-x86_64-mingw32/bin/../lib/gcc/nios2-elf/4.9.1/../../../../../H-x86_64-mingw32/nios2-elf/lib\libc.a(lib_a-__atexit.o)
                0x0000000001207c24                __register_exitproc
 .text          0x0000000001207d38      0x194 c:/altera/15.0/nios2eds/bin/gnu/h-x86_64-mingw32/bin/../lib/gcc/nios2-elf/4.9.1/../../../../../H-x86_64-mingw32/nios2-elf/lib\libc.a(lib_a-__call_atexit.o)
                0x0000000001207d38                __call_exitprocs
 .text          0x0000000001207ecc      0x12c c:/altera/15.0/nios2eds/bin/gnu/h-x86_64-mingw32/bin/../lib/gcc/nios2-elf/4.9.1\libgcc.a(lib2-divmod.o)
                0x0000000001207f38                __divsi3
                0x0000000001207f8c                __modsi3
                0x0000000001207fe8                __udivsi3
                0x0000000001207ff0                __umodsi3
 .text          0x0000000001207ff8       0x34 ../niosII_training_bsp/\libhal_bsp.a(alt_exit.o)
                0x0000000001207ff8                _exit
 *(.gnu.warning.*)
 *(.fini)
                0x000000000120802c                PROVIDE (__etext, ABSOLUTE (.))
                0x000000000120802c                PROVIDE (_etext, ABSOLUTE (.))
                0x000000000120802c                PROVIDE (etext, ABSOLUTE (.))
 *(.eh_frame_hdr)
                0x000000000120802c                . = ALIGN (0x4)
                0x000000000120802c                PROVIDE (__preinit_array_start, ABSOLUTE (.))
 *(.preinit_array)
                0x000000000120802c                PROVIDE (__preinit_array_end, ABSOLUTE (.))
                0x000000000120802c                PROVIDE (__init_array_start, ABSOLUTE (.))
 *(.init_array)
                0x000000000120802c                PROVIDE (__init_array_end, ABSOLUTE (.))
                0x000000000120802c                PROVIDE (__fini_array_start, ABSOLUTE (.))
 *(.fini_array)
                0x000000000120802c                PROVIDE (__fini_array_end, ABSOLUTE (.))
 *(.eh_frame)
 *(.gcc_except_table .gcc_except_table.*)
 *(.dynamic)
                0x000000000120802c                PROVIDE (__CTOR_LIST__, ABSOLUTE (.))
 *(.ctors)
 *(SORT(.ctors.*))
                0x000000000120802c                PROVIDE (__CTOR_END__, ABSOLUTE (.))
                0x000000000120802c                PROVIDE (__DTOR_LIST__, ABSOLUTE (.))
 *(.dtors)
 *(SORT(.dtors.*))
                0x000000000120802c                PROVIDE (__DTOR_END__, ABSOLUTE (.))
 *(.jcr)
                0x000000000120802c                . = ALIGN (0x4)

.rodata         0x000000000120802c       0x70
                0x000000000120802c                PROVIDE (__ram_rodata_start, ABSOLUTE (.))
                0x000000000120802c                . = ALIGN (0x4)
 *(.rodata .rodata.* .gnu.linkonce.r.*)
 .rodata        0x000000000120802c       0x28 obj/default/simple.o
 .rodata.str1.4
                0x0000000001208054        0x2 c:/altera/15.0/nios2eds/bin/gnu/h-x86_64-mingw32/bin/../lib/gcc/nios2-elf/4.9.1/../../../../../H-x86_64-mingw32/nios2-elf/lib\libc.a(lib_a-puts.o)
                                          0x4 (size before relaxing)
 *fill*         0x0000000001208056        0x2 
 .rodata.str1.4
                0x0000000001208058        0x4 c:/altera/15.0/nios2eds/bin/gnu/h-x86_64-mingw32/bin/../lib/gcc/nios2-elf/4.9.1/../../../../../H-x86_64-mingw32/nios2-elf/lib\libc.a(lib_a-impure.o)
 .rodata        0x000000000120805c        0xc ../niosII_training_bsp/\libhal_bsp.a(alt_dev.o)
 .rodata        0x0000000001208068       0x10 ../niosII_training_bsp/\libhal_bsp.a(alt_main.o)
 .rodata        0x0000000001208078       0x24 ../niosII_training_bsp/\libhal_bsp.a(alt_sys_init.o)
 *(.rodata1)
                0x000000000120809c                . = ALIGN (0x4)
                0x000000000120809c                PROVIDE (__ram_rodata_end, ABSOLUTE (.))
                0x000000000120802c                PROVIDE (__flash_rodata_start, LOADADDR (.rodata))

.rwdata         0x000000000120809c     0x1b50
                0x000000000120809c                PROVIDE (__ram_rwdata_start, ABSOLUTE (.))
                0x000000000120809c                . = ALIGN (0x4)
 *(.got.plt)
 *(.got)
 *(.data1)
 *(.data .data.* .gnu.linkonce.d.*)
 .data          0x000000000120809c        0x0 ../niosII_training_bsp//obj/HAL/src/crt0.o
 .data          0x000000000120809c        0x0 obj/default/simple.o
 .data          0x000000000120809c        0x0 c:/altera/15.0/nios2eds/bin/gnu/h-x86_64-mingw32/bin/../lib/gcc/nios2-elf/4.9.1/../../../../../H-x86_64-mingw32/nios2-elf/lib\libc.a(lib_a-puts.o)
 .data          0x000000000120809c        0x0 c:/altera/15.0/nios2eds/bin/gnu/h-x86_64-mingw32/bin/../lib/gcc/nios2-elf/4.9.1/../../../../../H-x86_64-mingw32/nios2-elf/lib\libc.a(lib_a-strlen.o)
 .data          0x000000000120809c        0x0 c:/altera/15.0/nios2eds/bin/gnu/h-x86_64-mingw32/bin/../lib/gcc/nios2-elf/4.9.1/../../../../../H-x86_64-mingw32/nios2-elf/lib\libc.a(lib_a-fvwrite.o)
 .data          0x000000000120809c      0x424 c:/altera/15.0/nios2eds/bin/gnu/h-x86_64-mingw32/bin/../lib/gcc/nios2-elf/4.9.1/../../../../../H-x86_64-mingw32/nios2-elf/lib\libc.a(lib_a-impure.o)
 .data          0x00000000012084c0      0x408 c:/altera/15.0/nios2eds/bin/gnu/h-x86_64-mingw32/bin/../lib/gcc/nios2-elf/4.9.1/../../../../../H-x86_64-mingw32/nios2-elf/lib\libc.a(lib_a-mallocr.o)
                0x00000000012084c0                __malloc_av_
 .data          0x00000000012088c8        0x0 c:/altera/15.0/nios2eds/bin/gnu/h-x86_64-mingw32/bin/../lib/gcc/nios2-elf/4.9.1/../../../../../H-x86_64-mingw32/nios2-elf/lib\libc.a(lib_a-memchr.o)
 .data          0x00000000012088c8        0x0 c:/altera/15.0/nios2eds/bin/gnu/h-x86_64-mingw32/bin/../lib/gcc/nios2-elf/4.9.1/../../../../../H-x86_64-mingw32/nios2-elf/lib\libc.a(lib_a-memcpy.o)
 .data          0x00000000012088c8        0x0 c:/altera/15.0/nios2eds/bin/gnu/h-x86_64-mingw32/bin/../lib/gcc/nios2-elf/4.9.1/../../../../../H-x86_64-mingw32/nios2-elf/lib\libc.a(lib_a-memmove.o)
 .data          0x00000000012088c8        0x0 c:/altera/15.0/nios2eds/bin/gnu/h-x86_64-mingw32/bin/../lib/gcc/nios2-elf/4.9.1/../../../../../H-x86_64-mingw32/nios2-elf/lib\libc.a(lib_a-reallocr.o)
 .data          0x00000000012088c8        0x0 c:/altera/15.0/nios2eds/bin/gnu/h-x86_64-mingw32/bin/../lib/gcc/nios2-elf/4.9.1/../../../../../H-x86_64-mingw32/nios2-elf/lib\libc.a(lib_a-sbrkr.o)
 .data          0x00000000012088c8        0x0 c:/altera/15.0/nios2eds/bin/gnu/h-x86_64-mingw32/bin/../lib/gcc/nios2-elf/4.9.1/../../../../../H-x86_64-mingw32/nios2-elf/lib\libc.a(lib_a-wsetup.o)
 .data          0x00000000012088c8        0x0 c:/altera/15.0/nios2eds/bin/gnu/h-x86_64-mingw32/bin/../lib/gcc/nios2-elf/4.9.1/../../../../../H-x86_64-mingw32/nios2-elf/lib\libc.a(lib_a-fflush.o)
 .data          0x00000000012088c8        0x0 c:/altera/15.0/nios2eds/bin/gnu/h-x86_64-mingw32/bin/../lib/gcc/nios2-elf/4.9.1/../../../../../H-x86_64-mingw32/nios2-elf/lib\libc.a(lib_a-findfp.o)
 .data          0x00000000012088c8        0x0 c:/altera/15.0/nios2eds/bin/gnu/h-x86_64-mingw32/bin/../lib/gcc/nios2-elf/4.9.1/../../../../../H-x86_64-mingw32/nios2-elf/lib\libc.a(lib_a-freer.o)
 .data          0x00000000012088c8        0x0 c:/altera/15.0/nios2eds/bin/gnu/h-x86_64-mingw32/bin/../lib/gcc/nios2-elf/4.9.1/../../../../../H-x86_64-mingw32/nios2-elf/lib\libc.a(lib_a-fwalk.o)
 .data          0x00000000012088c8        0x0 c:/altera/15.0/nios2eds/bin/gnu/h-x86_64-mingw32/bin/../lib/gcc/nios2-elf/4.9.1/../../../../../H-x86_64-mingw32/nios2-elf/lib\libc.a(lib_a-int_errno.o)
 .data          0x00000000012088c8        0x0 c:/altera/15.0/nios2eds/bin/gnu/h-x86_64-mingw32/bin/../lib/gcc/nios2-elf/4.9.1/../../../../../H-x86_64-mingw32/nios2-elf/lib\libc.a(lib_a-makebuf.o)
 .data          0x00000000012088c8        0x0 c:/altera/15.0/nios2eds/bin/gnu/h-x86_64-mingw32/bin/../lib/gcc/nios2-elf/4.9.1/../../../../../H-x86_64-mingw32/nios2-elf/lib\libc.a(lib_a-memset.o)
 .data          0x00000000012088c8        0x0 c:/altera/15.0/nios2eds/bin/gnu/h-x86_64-mingw32/bin/../lib/gcc/nios2-elf/4.9.1/../../../../../H-x86_64-mingw32/nios2-elf/lib\libc.a(lib_a-stdio.o)
 .data          0x00000000012088c8        0x0 c:/altera/15.0/nios2eds/bin/gnu/h-x86_64-mingw32/bin/../lib/gcc/nios2-elf/4.9.1/../../../../../H-x86_64-mingw32/nios2-elf/lib\libc.a(lib_a-writer.o)
 .data          0x00000000012088c8        0x0 c:/altera/15.0/nios2eds/bin/gnu/h-x86_64-mingw32/bin/../lib/gcc/nios2-elf/4.9.1/../../../../../H-x86_64-mingw32/nios2-elf/lib\libc.a(closer.o)
 .data          0x00000000012088c8        0x0 c:/altera/15.0/nios2eds/bin/gnu/h-x86_64-mingw32/bin/../lib/gcc/nios2-elf/4.9.1/../../../../../H-x86_64-mingw32/nios2-elf/lib\libc.a(lib_a-fclose.o)
 .data          0x00000000012088c8        0x0 c:/altera/15.0/nios2eds/bin/gnu/h-x86_64-mingw32/bin/../lib/gcc/nios2-elf/4.9.1/../../../../../H-x86_64-mingw32/nios2-elf/lib\libc.a(lib_a-fstatr.o)
 .data          0x00000000012088c8        0x0 c:/altera/15.0/nios2eds/bin/gnu/h-x86_64-mingw32/bin/../lib/gcc/nios2-elf/4.9.1/../../../../../H-x86_64-mingw32/nios2-elf/lib\libc.a(lib_a-isattyr.o)
 .data          0x00000000012088c8        0x0 c:/altera/15.0/nios2eds/bin/gnu/h-x86_64-mingw32/bin/../lib/gcc/nios2-elf/4.9.1/../../../../../H-x86_64-mingw32/nios2-elf/lib\libc.a(lib_a-lseekr.o)
 .data          0x00000000012088c8        0x0 c:/altera/15.0/nios2eds/bin/gnu/h-x86_64-mingw32/bin/../lib/gcc/nios2-elf/4.9.1/../../../../../H-x86_64-mingw32/nios2-elf/lib\libc.a(lib_a-readr.o)
 .data          0x00000000012088c8        0x0 ../niosII_training_bsp/\libhal_bsp.a(alt_close.o)
 .data          0x00000000012088c8      0x1a8 ../niosII_training_bsp/\libhal_bsp.a(alt_dev.o)
                0x00000000012088c8                alt_dev_null
                0x00000000012088f0                alt_fd_list
 .data          0x0000000001208a70        0x0 ../niosII_training_bsp/\libhal_bsp.a(alt_errno.o)
 .data          0x0000000001208a70        0x0 ../niosII_training_bsp/\libhal_bsp.a(alt_fstat.o)
 .data          0x0000000001208a70        0x0 ../niosII_training_bsp/\libhal_bsp.a(alt_iic.o)
 .data          0x0000000001208a70        0x0 ../niosII_training_bsp/\libhal_bsp.a(alt_iic_isr_register.o)
 .data          0x0000000001208a70        0x0 ../niosII_training_bsp/\libhal_bsp.a(alt_irq_entry.o)
 .data          0x0000000001208a70        0x0 ../niosII_training_bsp/\libhal_bsp.a(alt_irq_handler.o)
 .data          0x0000000001208a70        0x0 ../niosII_training_bsp/\libhal_bsp.a(alt_irq_vars.o)
 .data          0x0000000001208a70        0x0 ../niosII_training_bsp/\libhal_bsp.a(alt_isatty.o)
 .data          0x0000000001208a70        0x0 ../niosII_training_bsp/\libhal_bsp.a(alt_lseek.o)
 .data          0x0000000001208a70        0x0 ../niosII_training_bsp/\libhal_bsp.a(alt_main.o)
 .data          0x0000000001208a70        0x0 ../niosII_training_bsp/\libhal_bsp.a(alt_malloc_lock.o)
 .data          0x0000000001208a70        0x0 ../niosII_training_bsp/\libhal_bsp.a(alt_read.o)
 .data          0x0000000001208a70        0x0 ../niosII_training_bsp/\libhal_bsp.a(alt_release_fd.o)
 .data          0x0000000001208a70        0x0 ../niosII_training_bsp/\libhal_bsp.a(alt_sbrk.o)
 .data          0x0000000001208a70        0x0 ../niosII_training_bsp/\libhal_bsp.a(alt_usleep.o)
 .data          0x0000000001208a70        0x0 ../niosII_training_bsp/\libhal_bsp.a(alt_write.o)
 .data          0x0000000001208a70     0x113c ../niosII_training_bsp/\libhal_bsp.a(alt_sys_init.o)
 .data          0x0000000001209bac        0x0 ../niosII_training_bsp/\libhal_bsp.a(altera_avalon_cfi_flash.o)
 .data          0x0000000001209bac        0x0 ../niosII_training_bsp/\libhal_bsp.a(altera_avalon_cfi_flash_table.o)
 .data          0x0000000001209bac        0x0 ../niosII_training_bsp/\libhal_bsp.a(altera_avalon_jtag_uart_fd.o)
 .data          0x0000000001209bac        0x0 ../niosII_training_bsp/\libhal_bsp.a(altera_avalon_jtag_uart_init.o)
 .data          0x0000000001209bac        0x0 ../niosII_training_bsp/\libhal_bsp.a(altera_avalon_jtag_uart_ioctl.o)
 .data          0x0000000001209bac        0x0 ../niosII_training_bsp/\libhal_bsp.a(altera_avalon_jtag_uart_read.o)
 .data          0x0000000001209bac        0x0 ../niosII_training_bsp/\libhal_bsp.a(altera_avalon_jtag_uart_write.o)
 .data          0x0000000001209bac        0x0 ../niosII_training_bsp/\libhal_bsp.a(altera_avalon_timer_sc.o)
 .data          0x0000000001209bac        0x0 ../niosII_training_bsp/\libhal_bsp.a(alt_alarm_start.o)
 .data          0x0000000001209bac        0x0 ../niosII_training_bsp/\libhal_bsp.a(alt_busy_sleep.o)
 .data          0x0000000001209bac        0x0 ../niosII_training_bsp/\libhal_bsp.a(alt_dcache_flush.o)
 .data          0x0000000001209bac        0x0 ../niosII_training_bsp/\libhal_bsp.a(alt_dev_llist_insert.o)
 .data          0x0000000001209bac        0x0 ../niosII_training_bsp/\libhal_bsp.a(alt_do_ctors.o)
 .data          0x0000000001209bac        0x0 ../niosII_training_bsp/\libhal_bsp.a(alt_do_dtors.o)
 .data          0x0000000001209bac        0x0 ../niosII_training_bsp/\libhal_bsp.a(alt_exception_entry.o)
 .data          0x0000000001209bac        0x0 ../niosII_training_bsp/\libhal_bsp.a(alt_flash_dev.o)
 .data          0x0000000001209bac        0x0 ../niosII_training_bsp/\libhal_bsp.a(alt_instruction_exception_entry.o)
 .data          0x0000000001209bac        0x0 ../niosII_training_bsp/\libhal_bsp.a(alt_io_redirect.o)
 .data          0x0000000001209bac        0x0 ../niosII_training_bsp/\libhal_bsp.a(alt_open.o)
 .data          0x0000000001209bac        0x0 ../niosII_training_bsp/\libhal_bsp.a(alt_tick.o)
 .data          0x0000000001209bac        0x0 ../niosII_training_bsp/\libhal_bsp.a(altera_nios2_gen2_irq.o)
 .data          0x0000000001209bac        0x0 ../niosII_training_bsp/\libhal_bsp.a(altera_avalon_cfi_flash_amd.o)
 .data          0x0000000001209bac        0x0 ../niosII_training_bsp/\libhal_bsp.a(altera_avalon_cfi_flash_intel.o)
 .data          0x0000000001209bac        0x0 ../niosII_training_bsp/\libhal_bsp.a(alt_find_dev.o)
 .data          0x0000000001209bac        0x0 ../niosII_training_bsp/\libhal_bsp.a(alt_find_file.o)
 .data          0x0000000001209bac        0x0 ../niosII_training_bsp/\libhal_bsp.a(alt_get_fd.o)
 .data          0x0000000001209bac        0x0 c:/altera/15.0/nios2eds/bin/gnu/h-x86_64-mingw32/bin/../lib/gcc/nios2-elf/4.9.1/../../../../../H-x86_64-mingw32/nios2-elf/lib\libc.a(lib_a-atexit.o)
 .data          0x0000000001209bac        0x0 c:/altera/15.0/nios2eds/bin/gnu/h-x86_64-mingw32/bin/../lib/gcc/nios2-elf/4.9.1/../../../../../H-x86_64-mingw32/nios2-elf/lib\libc.a(lib_a-exit.o)
 .data          0x0000000001209bac        0x0 c:/altera/15.0/nios2eds/bin/gnu/h-x86_64-mingw32/bin/../lib/gcc/nios2-elf/4.9.1/../../../../../H-x86_64-mingw32/nios2-elf/lib\libc.a(lib_a-memcmp.o)
 .data          0x0000000001209bac        0x0 c:/altera/15.0/nios2eds/bin/gnu/h-x86_64-mingw32/bin/../lib/gcc/nios2-elf/4.9.1/../../../../../H-x86_64-mingw32/nios2-elf/lib\libc.a(lib_a-__atexit.o)
 .data          0x0000000001209bac        0x0 c:/altera/15.0/nios2eds/bin/gnu/h-x86_64-mingw32/bin/../lib/gcc/nios2-elf/4.9.1/../../../../../H-x86_64-mingw32/nios2-elf/lib\libc.a(lib_a-__call_atexit.o)
 .data          0x0000000001209bac        0x0 c:/altera/15.0/nios2eds/bin/gnu/h-x86_64-mingw32/bin/../lib/gcc/nios2-elf/4.9.1\libgcc.a(lib2-divmod.o)
 .data          0x0000000001209bac        0x0 ../niosII_training_bsp/\libhal_bsp.a(alt_exit.o)
                0x0000000001211bac                _gp = ABSOLUTE ((. + 0x8000))
                0x0000000001211bac                PROVIDE (gp, _gp)
 *(.rwdata .rwdata.*)
 *(.sdata .sdata.* .gnu.linkonce.s.*)
 .sdata         0x0000000001209bac        0x8 c:/altera/15.0/nios2eds/bin/gnu/h-x86_64-mingw32/bin/../lib/gcc/nios2-elf/4.9.1/../../../../../H-x86_64-mingw32/nios2-elf/lib\libc.a(lib_a-impure.o)
                0x0000000001209bac                _global_impure_ptr
                0x0000000001209bb0                _impure_ptr
 .sdata         0x0000000001209bb4        0x8 c:/altera/15.0/nios2eds/bin/gnu/h-x86_64-mingw32/bin/../lib/gcc/nios2-elf/4.9.1/../../../../../H-x86_64-mingw32/nios2-elf/lib\libc.a(lib_a-mallocr.o)
                0x0000000001209bb4                __malloc_sbrk_base
                0x0000000001209bb8                __malloc_trim_threshold
 .sdata         0x0000000001209bbc       0x14 ../niosII_training_bsp/\libhal_bsp.a(alt_dev.o)
                0x0000000001209bbc                alt_fs_list
                0x0000000001209bc4                alt_dev_list
                0x0000000001209bcc                alt_max_fd
 .sdata         0x0000000001209bd0        0x4 ../niosII_training_bsp/\libhal_bsp.a(alt_errno.o)
                0x0000000001209bd0                alt_errno
 .sdata         0x0000000001209bd4        0x4 ../niosII_training_bsp/\libhal_bsp.a(alt_irq_vars.o)
                0x0000000001209bd4                alt_priority_mask
 .sdata         0x0000000001209bd8        0x4 ../niosII_training_bsp/\libhal_bsp.a(alt_sbrk.o)
 .sdata         0x0000000001209bdc        0x8 ../niosII_training_bsp/\libhal_bsp.a(alt_flash_dev.o)
                0x0000000001209bdc                alt_flash_dev_list
 .sdata         0x0000000001209be4        0x8 ../niosII_training_bsp/\libhal_bsp.a(alt_tick.o)
                0x0000000001209be4                alt_alarm_list
 *(.sdata2 .sdata2.* .gnu.linkonce.s2.*)
                0x0000000001209bec                . = ALIGN (0x4)
                0x0000000001209bec                _edata = ABSOLUTE (.)
                0x0000000001209bec                PROVIDE (edata, ABSOLUTE (.))
                0x0000000001209bec                PROVIDE (__ram_rwdata_end, ABSOLUTE (.))
                0x000000000120809c                PROVIDE (__flash_rwdata_start, LOADADDR (.rwdata))

.bss            0x0000000001209bec      0x158
                0x0000000001209bec                __bss_start = ABSOLUTE (.)
                0x0000000001209bec                PROVIDE (__sbss_start, ABSOLUTE (.))
                0x0000000001209bec                PROVIDE (___sbss_start, ABSOLUTE (.))
 *(.dynsbss)
 *(.sbss .sbss.* .gnu.linkonce.sb.*)
 .sbss          0x0000000001209bec        0x4 obj/default/simple.o
                0x0000000001209bec                edge_capture
 .sbss          0x0000000001209bf0        0xc c:/altera/15.0/nios2eds/bin/gnu/h-x86_64-mingw32/bin/../lib/gcc/nios2-elf/4.9.1/../../../../../H-x86_64-mingw32/nios2-elf/lib\libc.a(lib_a-mallocr.o)
                0x0000000001209bf0                __malloc_max_total_mem
                0x0000000001209bf4                __malloc_max_sbrked_mem
                0x0000000001209bf8                __malloc_top_pad
 .sbss          0x0000000001209bfc        0x4 c:/altera/15.0/nios2eds/bin/gnu/h-x86_64-mingw32/bin/../lib/gcc/nios2-elf/4.9.1/../../../../../H-x86_64-mingw32/nios2-elf/lib\libc.a(lib_a-int_errno.o)
                0x0000000001209bfc                errno
 .sbss          0x0000000001209c00        0x4 ../niosII_training_bsp/\libhal_bsp.a(alt_irq_vars.o)
                0x0000000001209c00                alt_irq_active
 .sbss          0x0000000001209c04        0xc ../niosII_training_bsp/\libhal_bsp.a(alt_main.o)
                0x0000000001209c04                alt_argc
                0x0000000001209c08                alt_argv
                0x0000000001209c0c                alt_envp
 .sbss          0x0000000001209c10        0x4 ../niosII_training_bsp/\libhal_bsp.a(alt_instruction_exception_entry.o)
                0x0000000001209c10                alt_instruction_exception_handler
 .sbss          0x0000000001209c14        0x8 ../niosII_training_bsp/\libhal_bsp.a(alt_tick.o)
                0x0000000001209c14                _alt_tick_rate
                0x0000000001209c18                _alt_nticks
 *(.sbss2 .sbss2.* .gnu.linkonce.sb2.*)
 *(.scommon)
                0x0000000001209c1c                PROVIDE (__sbss_end, ABSOLUTE (.))
                0x0000000001209c1c                PROVIDE (___sbss_end, ABSOLUTE (.))
 *(.dynbss)
 *(.bss .bss.* .gnu.linkonce.b.*)
 .bss           0x0000000001209c1c        0x0 ../niosII_training_bsp//obj/HAL/src/crt0.o
 .bss           0x0000000001209c1c        0x0 obj/default/simple.o
 .bss           0x0000000001209c1c        0x0 c:/altera/15.0/nios2eds/bin/gnu/h-x86_64-mingw32/bin/../lib/gcc/nios2-elf/4.9.1/../../../../../H-x86_64-mingw32/nios2-elf/lib\libc.a(lib_a-puts.o)
 .bss           0x0000000001209c1c        0x0 c:/altera/15.0/nios2eds/bin/gnu/h-x86_64-mingw32/bin/../lib/gcc/nios2-elf/4.9.1/../../../../../H-x86_64-mingw32/nios2-elf/lib\libc.a(lib_a-strlen.o)
 .bss           0x0000000001209c1c        0x0 c:/altera/15.0/nios2eds/bin/gnu/h-x86_64-mingw32/bin/../lib/gcc/nios2-elf/4.9.1/../../../../../H-x86_64-mingw32/nios2-elf/lib\libc.a(lib_a-fvwrite.o)
 .bss           0x0000000001209c1c        0x0 c:/altera/15.0/nios2eds/bin/gnu/h-x86_64-mingw32/bin/../lib/gcc/nios2-elf/4.9.1/../../../../../H-x86_64-mingw32/nios2-elf/lib\libc.a(lib_a-impure.o)
 .bss           0x0000000001209c1c       0x28 c:/altera/15.0/nios2eds/bin/gnu/h-x86_64-mingw32/bin/../lib/gcc/nios2-elf/4.9.1/../../../../../H-x86_64-mingw32/nios2-elf/lib\libc.a(lib_a-mallocr.o)
                0x0000000001209c1c                __malloc_current_mallinfo
 .bss           0x0000000001209c44        0x0 c:/altera/15.0/nios2eds/bin/gnu/h-x86_64-mingw32/bin/../lib/gcc/nios2-elf/4.9.1/../../../../../H-x86_64-mingw32/nios2-elf/lib\libc.a(lib_a-memchr.o)
 .bss           0x0000000001209c44        0x0 c:/altera/15.0/nios2eds/bin/gnu/h-x86_64-mingw32/bin/../lib/gcc/nios2-elf/4.9.1/../../../../../H-x86_64-mingw32/nios2-elf/lib\libc.a(lib_a-memcpy.o)
 .bss           0x0000000001209c44        0x0 c:/altera/15.0/nios2eds/bin/gnu/h-x86_64-mingw32/bin/../lib/gcc/nios2-elf/4.9.1/../../../../../H-x86_64-mingw32/nios2-elf/lib\libc.a(lib_a-memmove.o)
 .bss           0x0000000001209c44        0x0 c:/altera/15.0/nios2eds/bin/gnu/h-x86_64-mingw32/bin/../lib/gcc/nios2-elf/4.9.1/../../../../../H-x86_64-mingw32/nios2-elf/lib\libc.a(lib_a-reallocr.o)
 .bss           0x0000000001209c44        0x0 c:/altera/15.0/nios2eds/bin/gnu/h-x86_64-mingw32/bin/../lib/gcc/nios2-elf/4.9.1/../../../../../H-x86_64-mingw32/nios2-elf/lib\libc.a(lib_a-sbrkr.o)
 .bss           0x0000000001209c44        0x0 c:/altera/15.0/nios2eds/bin/gnu/h-x86_64-mingw32/bin/../lib/gcc/nios2-elf/4.9.1/../../../../../H-x86_64-mingw32/nios2-elf/lib\libc.a(lib_a-wsetup.o)
 .bss           0x0000000001209c44        0x0 c:/altera/15.0/nios2eds/bin/gnu/h-x86_64-mingw32/bin/../lib/gcc/nios2-elf/4.9.1/../../../../../H-x86_64-mingw32/nios2-elf/lib\libc.a(lib_a-fflush.o)
 .bss           0x0000000001209c44        0x0 c:/altera/15.0/nios2eds/bin/gnu/h-x86_64-mingw32/bin/../lib/gcc/nios2-elf/4.9.1/../../../../../H-x86_64-mingw32/nios2-elf/lib\libc.a(lib_a-findfp.o)
 .bss           0x0000000001209c44        0x0 c:/altera/15.0/nios2eds/bin/gnu/h-x86_64-mingw32/bin/../lib/gcc/nios2-elf/4.9.1/../../../../../H-x86_64-mingw32/nios2-elf/lib\libc.a(lib_a-freer.o)
 .bss           0x0000000001209c44        0x0 c:/altera/15.0/nios2eds/bin/gnu/h-x86_64-mingw32/bin/../lib/gcc/nios2-elf/4.9.1/../../../../../H-x86_64-mingw32/nios2-elf/lib\libc.a(lib_a-fwalk.o)
 .bss           0x0000000001209c44        0x0 c:/altera/15.0/nios2eds/bin/gnu/h-x86_64-mingw32/bin/../lib/gcc/nios2-elf/4.9.1/../../../../../H-x86_64-mingw32/nios2-elf/lib\libc.a(lib_a-int_errno.o)
 .bss           0x0000000001209c44        0x0 c:/altera/15.0/nios2eds/bin/gnu/h-x86_64-mingw32/bin/../lib/gcc/nios2-elf/4.9.1/../../../../../H-x86_64-mingw32/nios2-elf/lib\libc.a(lib_a-makebuf.o)
 .bss           0x0000000001209c44        0x0 c:/altera/15.0/nios2eds/bin/gnu/h-x86_64-mingw32/bin/../lib/gcc/nios2-elf/4.9.1/../../../../../H-x86_64-mingw32/nios2-elf/lib\libc.a(lib_a-memset.o)
 .bss           0x0000000001209c44        0x0 c:/altera/15.0/nios2eds/bin/gnu/h-x86_64-mingw32/bin/../lib/gcc/nios2-elf/4.9.1/../../../../../H-x86_64-mingw32/nios2-elf/lib\libc.a(lib_a-stdio.o)
 .bss           0x0000000001209c44        0x0 c:/altera/15.0/nios2eds/bin/gnu/h-x86_64-mingw32/bin/../lib/gcc/nios2-elf/4.9.1/../../../../../H-x86_64-mingw32/nios2-elf/lib\libc.a(lib_a-writer.o)
 .bss           0x0000000001209c44        0x0 c:/altera/15.0/nios2eds/bin/gnu/h-x86_64-mingw32/bin/../lib/gcc/nios2-elf/4.9.1/../../../../../H-x86_64-mingw32/nios2-elf/lib\libc.a(closer.o)
 .bss           0x0000000001209c44        0x0 c:/altera/15.0/nios2eds/bin/gnu/h-x86_64-mingw32/bin/../lib/gcc/nios2-elf/4.9.1/../../../../../H-x86_64-mingw32/nios2-elf/lib\libc.a(lib_a-fclose.o)
 .bss           0x0000000001209c44        0x0 c:/altera/15.0/nios2eds/bin/gnu/h-x86_64-mingw32/bin/../lib/gcc/nios2-elf/4.9.1/../../../../../H-x86_64-mingw32/nios2-elf/lib\libc.a(lib_a-fstatr.o)
 .bss           0x0000000001209c44        0x0 c:/altera/15.0/nios2eds/bin/gnu/h-x86_64-mingw32/bin/../lib/gcc/nios2-elf/4.9.1/../../../../../H-x86_64-mingw32/nios2-elf/lib\libc.a(lib_a-isattyr.o)
 .bss           0x0000000001209c44        0x0 c:/altera/15.0/nios2eds/bin/gnu/h-x86_64-mingw32/bin/../lib/gcc/nios2-elf/4.9.1/../../../../../H-x86_64-mingw32/nios2-elf/lib\libc.a(lib_a-lseekr.o)
 .bss           0x0000000001209c44        0x0 c:/altera/15.0/nios2eds/bin/gnu/h-x86_64-mingw32/bin/../lib/gcc/nios2-elf/4.9.1/../../../../../H-x86_64-mingw32/nios2-elf/lib\libc.a(lib_a-readr.o)
 .bss           0x0000000001209c44        0x0 ../niosII_training_bsp/\libhal_bsp.a(alt_close.o)
 .bss           0x0000000001209c44        0x0 ../niosII_training_bsp/\libhal_bsp.a(alt_dev.o)
 .bss           0x0000000001209c44        0x0 ../niosII_training_bsp/\libhal_bsp.a(alt_errno.o)
 .bss           0x0000000001209c44        0x0 ../niosII_training_bsp/\libhal_bsp.a(alt_fstat.o)
 .bss           0x0000000001209c44        0x0 ../niosII_training_bsp/\libhal_bsp.a(alt_iic.o)
 .bss           0x0000000001209c44        0x0 ../niosII_training_bsp/\libhal_bsp.a(alt_iic_isr_register.o)
 .bss           0x0000000001209c44        0x0 ../niosII_training_bsp/\libhal_bsp.a(alt_irq_entry.o)
 .bss           0x0000000001209c44        0x0 ../niosII_training_bsp/\libhal_bsp.a(alt_irq_handler.o)
 .bss           0x0000000001209c44        0x0 ../niosII_training_bsp/\libhal_bsp.a(alt_irq_vars.o)
 .bss           0x0000000001209c44        0x0 ../niosII_training_bsp/\libhal_bsp.a(alt_isatty.o)
 .bss           0x0000000001209c44        0x0 ../niosII_training_bsp/\libhal_bsp.a(alt_lseek.o)
 .bss           0x0000000001209c44        0x0 ../niosII_training_bsp/\libhal_bsp.a(alt_main.o)
 .bss           0x0000000001209c44        0x0 ../niosII_training_bsp/\libhal_bsp.a(alt_malloc_lock.o)
 .bss           0x0000000001209c44        0x0 ../niosII_training_bsp/\libhal_bsp.a(alt_read.o)
 .bss           0x0000000001209c44        0x0 ../niosII_training_bsp/\libhal_bsp.a(alt_release_fd.o)
 .bss           0x0000000001209c44        0x0 ../niosII_training_bsp/\libhal_bsp.a(alt_sbrk.o)
 .bss           0x0000000001209c44        0x0 ../niosII_training_bsp/\libhal_bsp.a(alt_usleep.o)
 .bss           0x0000000001209c44        0x0 ../niosII_training_bsp/\libhal_bsp.a(alt_write.o)
 .bss           0x0000000001209c44        0x0 ../niosII_training_bsp/\libhal_bsp.a(alt_sys_init.o)
 .bss           0x0000000001209c44        0x0 ../niosII_training_bsp/\libhal_bsp.a(altera_avalon_cfi_flash.o)
 .bss           0x0000000001209c44        0x0 ../niosII_training_bsp/\libhal_bsp.a(altera_avalon_cfi_flash_table.o)
 .bss           0x0000000001209c44        0x0 ../niosII_training_bsp/\libhal_bsp.a(altera_avalon_jtag_uart_fd.o)
 .bss           0x0000000001209c44        0x0 ../niosII_training_bsp/\libhal_bsp.a(altera_avalon_jtag_uart_init.o)
 .bss           0x0000000001209c44        0x0 ../niosII_training_bsp/\libhal_bsp.a(altera_avalon_jtag_uart_ioctl.o)
 .bss           0x0000000001209c44        0x0 ../niosII_training_bsp/\libhal_bsp.a(altera_avalon_jtag_uart_read.o)
 .bss           0x0000000001209c44        0x0 ../niosII_training_bsp/\libhal_bsp.a(altera_avalon_jtag_uart_write.o)
 .bss           0x0000000001209c44        0x0 ../niosII_training_bsp/\libhal_bsp.a(altera_avalon_timer_sc.o)
 .bss           0x0000000001209c44        0x0 ../niosII_training_bsp/\libhal_bsp.a(alt_alarm_start.o)
 .bss           0x0000000001209c44        0x0 ../niosII_training_bsp/\libhal_bsp.a(alt_busy_sleep.o)
 .bss           0x0000000001209c44        0x0 ../niosII_training_bsp/\libhal_bsp.a(alt_dcache_flush.o)
 .bss           0x0000000001209c44        0x0 ../niosII_training_bsp/\libhal_bsp.a(alt_dev_llist_insert.o)
 .bss           0x0000000001209c44        0x0 ../niosII_training_bsp/\libhal_bsp.a(alt_do_ctors.o)
 .bss           0x0000000001209c44        0x0 ../niosII_training_bsp/\libhal_bsp.a(alt_do_dtors.o)
 .bss           0x0000000001209c44        0x0 ../niosII_training_bsp/\libhal_bsp.a(alt_exception_entry.o)
 .bss           0x0000000001209c44        0x0 ../niosII_training_bsp/\libhal_bsp.a(alt_flash_dev.o)
 .bss           0x0000000001209c44        0x0 ../niosII_training_bsp/\libhal_bsp.a(alt_instruction_exception_entry.o)
 .bss           0x0000000001209c44        0x0 ../niosII_training_bsp/\libhal_bsp.a(alt_io_redirect.o)
 .bss           0x0000000001209c44        0x0 ../niosII_training_bsp/\libhal_bsp.a(alt_open.o)
 .bss           0x0000000001209c44        0x0 ../niosII_training_bsp/\libhal_bsp.a(alt_tick.o)
 .bss           0x0000000001209c44        0x0 ../niosII_training_bsp/\libhal_bsp.a(altera_nios2_gen2_irq.o)
 .bss           0x0000000001209c44        0x0 ../niosII_training_bsp/\libhal_bsp.a(altera_avalon_cfi_flash_amd.o)
 .bss           0x0000000001209c44        0x0 ../niosII_training_bsp/\libhal_bsp.a(altera_avalon_cfi_flash_intel.o)
 .bss           0x0000000001209c44        0x0 ../niosII_training_bsp/\libhal_bsp.a(alt_find_dev.o)
 .bss           0x0000000001209c44        0x0 ../niosII_training_bsp/\libhal_bsp.a(alt_find_file.o)
 .bss           0x0000000001209c44        0x0 ../niosII_training_bsp/\libhal_bsp.a(alt_get_fd.o)
 .bss           0x0000000001209c44        0x0 c:/altera/15.0/nios2eds/bin/gnu/h-x86_64-mingw32/bin/../lib/gcc/nios2-elf/4.9.1/../../../../../H-x86_64-mingw32/nios2-elf/lib\libc.a(lib_a-atexit.o)
 .bss           0x0000000001209c44        0x0 c:/altera/15.0/nios2eds/bin/gnu/h-x86_64-mingw32/bin/../lib/gcc/nios2-elf/4.9.1/../../../../../H-x86_64-mingw32/nios2-elf/lib\libc.a(lib_a-exit.o)
 .bss           0x0000000001209c44        0x0 c:/altera/15.0/nios2eds/bin/gnu/h-x86_64-mingw32/bin/../lib/gcc/nios2-elf/4.9.1/../../../../../H-x86_64-mingw32/nios2-elf/lib\libc.a(lib_a-memcmp.o)
 .bss           0x0000000001209c44        0x0 c:/altera/15.0/nios2eds/bin/gnu/h-x86_64-mingw32/bin/../lib/gcc/nios2-elf/4.9.1/../../../../../H-x86_64-mingw32/nios2-elf/lib\libc.a(lib_a-__atexit.o)
 .bss           0x0000000001209c44        0x0 c:/altera/15.0/nios2eds/bin/gnu/h-x86_64-mingw32/bin/../lib/gcc/nios2-elf/4.9.1/../../../../../H-x86_64-mingw32/nios2-elf/lib\libc.a(lib_a-__call_atexit.o)
 .bss           0x0000000001209c44        0x0 c:/altera/15.0/nios2eds/bin/gnu/h-x86_64-mingw32/bin/../lib/gcc/nios2-elf/4.9.1\libgcc.a(lib2-divmod.o)
 .bss           0x0000000001209c44        0x0 ../niosII_training_bsp/\libhal_bsp.a(alt_exit.o)
 *(COMMON)
 COMMON         0x0000000001209c44      0x100 ../niosII_training_bsp/\libhal_bsp.a(alt_irq_handler.o)
                0x0000000001209c44                alt_irq
                0x0000000001209d44                . = ALIGN (0x4)
                0x0000000001209d44                __bss_end = ABSOLUTE (.)

.ext_flash_ctl  0x0000000000800020        0x0
                0x0000000000800020                PROVIDE (_alt_partition_ext_flash_ctl_start, ABSOLUTE (.))
 *(.ext_flash_ctl .ext_flash_ctl. ext_flash_ctl.*)
                0x0000000000800020                . = ALIGN (0x4)
                0x0000000000800020                PROVIDE (_alt_partition_ext_flash_ctl_end, ABSOLUTE (.))
                0x0000000000800020                PROVIDE (_alt_partition_ext_flash_ctl_load_addr, LOADADDR (.ext_flash_ctl))

.ext_ram_ctl    0x0000000001209d44        0x0
                0x0000000001209d44                PROVIDE (_alt_partition_ext_ram_ctl_start, ABSOLUTE (.))
 *(.ext_ram_ctl .ext_ram_ctl. ext_ram_ctl.*)
                0x0000000001209d44                . = ALIGN (0x4)
                0x0000000001209d44                PROVIDE (_alt_partition_ext_ram_ctl_end, ABSOLUTE (.))
                0x0000000001209d44                _end = ABSOLUTE (.)
                0x0000000001209d44                end = ABSOLUTE (.)
                0x0000000001209d44                __alt_stack_base = ABSOLUTE (.)
                0x0000000001209d44                PROVIDE (_alt_partition_ext_ram_ctl_load_addr, LOADADDR (.ext_ram_ctl))

.instruction_tcm
                0x0000000002000000        0x0
                0x0000000002000000                PROVIDE (_alt_partition_instruction_tcm_start, ABSOLUTE (.))
 *(.instruction_tcm .instruction_tcm. instruction_tcm.*)
                0x0000000002000000                . = ALIGN (0x4)
                0x0000000002000000                PROVIDE (_alt_partition_instruction_tcm_end, ABSOLUTE (.))
                0x0000000002000000                PROVIDE (_alt_partition_instruction_tcm_load_addr, LOADADDR (.instruction_tcm))

.stab
 *(.stab)

.stabstr
 *(.stabstr)

.stab.excl
 *(.stab.excl)

.stab.exclstr
 *(.stab.exclstr)

.stab.index
 *(.stab.index)

.stab.indexstr
 *(.stab.indexstr)

.comment        0x0000000000000000       0x23
 *(.comment)
 .comment       0x0000000000000000       0x23 obj/default/simple.o
                                         0x24 (size before relaxing)
 .comment       0x0000000000000000       0x24 c:/altera/15.0/nios2eds/bin/gnu/h-x86_64-mingw32/bin/../lib/gcc/nios2-elf/4.9.1/../../../../../H-x86_64-mingw32/nios2-elf/lib\libc.a(lib_a-puts.o)
 .comment       0x0000000000000000       0x24 c:/altera/15.0/nios2eds/bin/gnu/h-x86_64-mingw32/bin/../lib/gcc/nios2-elf/4.9.1/../../../../../H-x86_64-mingw32/nios2-elf/lib\libc.a(lib_a-strlen.o)
 .comment       0x0000000000000000       0x24 c:/altera/15.0/nios2eds/bin/gnu/h-x86_64-mingw32/bin/../lib/gcc/nios2-elf/4.9.1/../../../../../H-x86_64-mingw32/nios2-elf/lib\libc.a(lib_a-fvwrite.o)
 .comment       0x0000000000000000       0x24 c:/altera/15.0/nios2eds/bin/gnu/h-x86_64-mingw32/bin/../lib/gcc/nios2-elf/4.9.1/../../../../../H-x86_64-mingw32/nios2-elf/lib\libc.a(lib_a-impure.o)
 .comment       0x0000000000000000       0x24 c:/altera/15.0/nios2eds/bin/gnu/h-x86_64-mingw32/bin/../lib/gcc/nios2-elf/4.9.1/../../../../../H-x86_64-mingw32/nios2-elf/lib\libc.a(lib_a-mallocr.o)
 .comment       0x0000000000000000       0x24 c:/altera/15.0/nios2eds/bin/gnu/h-x86_64-mingw32/bin/../lib/gcc/nios2-elf/4.9.1/../../../../../H-x86_64-mingw32/nios2-elf/lib\libc.a(lib_a-memchr.o)
 .comment       0x0000000000000000       0x24 c:/altera/15.0/nios2eds/bin/gnu/h-x86_64-mingw32/bin/../lib/gcc/nios2-elf/4.9.1/../../../../../H-x86_64-mingw32/nios2-elf/lib\libc.a(lib_a-memcpy.o)
 .comment       0x0000000000000000       0x24 c:/altera/15.0/nios2eds/bin/gnu/h-x86_64-mingw32/bin/../lib/gcc/nios2-elf/4.9.1/../../../../../H-x86_64-mingw32/nios2-elf/lib\libc.a(lib_a-memmove.o)
 .comment       0x0000000000000000       0x24 c:/altera/15.0/nios2eds/bin/gnu/h-x86_64-mingw32/bin/../lib/gcc/nios2-elf/4.9.1/../../../../../H-x86_64-mingw32/nios2-elf/lib\libc.a(lib_a-reallocr.o)
 .comment       0x0000000000000000       0x24 c:/altera/15.0/nios2eds/bin/gnu/h-x86_64-mingw32/bin/../lib/gcc/nios2-elf/4.9.1/../../../../../H-x86_64-mingw32/nios2-elf/lib\libc.a(lib_a-sbrkr.o)
 .comment       0x0000000000000000       0x24 c:/altera/15.0/nios2eds/bin/gnu/h-x86_64-mingw32/bin/../lib/gcc/nios2-elf/4.9.1/../../../../../H-x86_64-mingw32/nios2-elf/lib\libc.a(lib_a-wsetup.o)
 .comment       0x0000000000000000       0x24 c:/altera/15.0/nios2eds/bin/gnu/h-x86_64-mingw32/bin/../lib/gcc/nios2-elf/4.9.1/../../../../../H-x86_64-mingw32/nios2-elf/lib\libc.a(lib_a-fflush.o)
 .comment       0x0000000000000000       0x24 c:/altera/15.0/nios2eds/bin/gnu/h-x86_64-mingw32/bin/../lib/gcc/nios2-elf/4.9.1/../../../../../H-x86_64-mingw32/nios2-elf/lib\libc.a(lib_a-findfp.o)
 .comment       0x0000000000000000       0x24 c:/altera/15.0/nios2eds/bin/gnu/h-x86_64-mingw32/bin/../lib/gcc/nios2-elf/4.9.1/../../../../../H-x86_64-mingw32/nios2-elf/lib\libc.a(lib_a-freer.o)
 .comment       0x0000000000000000       0x24 c:/altera/15.0/nios2eds/bin/gnu/h-x86_64-mingw32/bin/../lib/gcc/nios2-elf/4.9.1/../../../../../H-x86_64-mingw32/nios2-elf/lib\libc.a(lib_a-fwalk.o)
 .comment       0x0000000000000000       0x24 c:/altera/15.0/nios2eds/bin/gnu/h-x86_64-mingw32/bin/../lib/gcc/nios2-elf/4.9.1/../../../../../H-x86_64-mingw32/nios2-elf/lib\libc.a(lib_a-int_errno.o)
 .comment       0x0000000000000000       0x24 c:/altera/15.0/nios2eds/bin/gnu/h-x86_64-mingw32/bin/../lib/gcc/nios2-elf/4.9.1/../../../../../H-x86_64-mingw32/nios2-elf/lib\libc.a(lib_a-makebuf.o)
 .comment       0x0000000000000000       0x24 c:/altera/15.0/nios2eds/bin/gnu/h-x86_64-mingw32/bin/../lib/gcc/nios2-elf/4.9.1/../../../../../H-x86_64-mingw32/nios2-elf/lib\libc.a(lib_a-memset.o)
 .comment       0x0000000000000000       0x24 c:/altera/15.0/nios2eds/bin/gnu/h-x86_64-mingw32/bin/../lib/gcc/nios2-elf/4.9.1/../../../../../H-x86_64-mingw32/nios2-elf/lib\libc.a(lib_a-stdio.o)
 .comment       0x0000000000000000       0x24 c:/altera/15.0/nios2eds/bin/gnu/h-x86_64-mingw32/bin/../lib/gcc/nios2-elf/4.9.1/../../../../../H-x86_64-mingw32/nios2-elf/lib\libc.a(lib_a-writer.o)
 .comment       0x0000000000000000       0x24 c:/altera/15.0/nios2eds/bin/gnu/h-x86_64-mingw32/bin/../lib/gcc/nios2-elf/4.9.1/../../../../../H-x86_64-mingw32/nios2-elf/lib\libc.a(closer.o)
 .comment       0x0000000000000000       0x24 c:/altera/15.0/nios2eds/bin/gnu/h-x86_64-mingw32/bin/../lib/gcc/nios2-elf/4.9.1/../../../../../H-x86_64-mingw32/nios2-elf/lib\libc.a(lib_a-fclose.o)
 .comment       0x0000000000000000       0x24 c:/altera/15.0/nios2eds/bin/gnu/h-x86_64-mingw32/bin/../lib/gcc/nios2-elf/4.9.1/../../../../../H-x86_64-mingw32/nios2-elf/lib\libc.a(lib_a-fstatr.o)
 .comment       0x0000000000000000       0x24 c:/altera/15.0/nios2eds/bin/gnu/h-x86_64-mingw32/bin/../lib/gcc/nios2-elf/4.9.1/../../../../../H-x86_64-mingw32/nios2-elf/lib\libc.a(lib_a-isattyr.o)
 .comment       0x0000000000000000       0x24 c:/altera/15.0/nios2eds/bin/gnu/h-x86_64-mingw32/bin/../lib/gcc/nios2-elf/4.9.1/../../../../../H-x86_64-mingw32/nios2-elf/lib\libc.a(lib_a-lseekr.o)
 .comment       0x0000000000000000       0x24 c:/altera/15.0/nios2eds/bin/gnu/h-x86_64-mingw32/bin/../lib/gcc/nios2-elf/4.9.1/../../../../../H-x86_64-mingw32/nios2-elf/lib\libc.a(lib_a-readr.o)
 .comment       0x0000000000000000       0x24 ../niosII_training_bsp/\libhal_bsp.a(alt_close.o)
 .comment       0x0000000000000000       0x24 ../niosII_training_bsp/\libhal_bsp.a(alt_dev.o)
 .comment       0x0000000000000000       0x24 ../niosII_training_bsp/\libhal_bsp.a(alt_errno.o)
 .comment       0x0000000000000000       0x24 ../niosII_training_bsp/\libhal_bsp.a(alt_fstat.o)
 .comment       0x0000000000000000       0x24 ../niosII_training_bsp/\libhal_bsp.a(alt_iic.o)
 .comment       0x0000000000000000       0x24 ../niosII_training_bsp/\libhal_bsp.a(alt_iic_isr_register.o)
 .comment       0x0000000000000000       0x24 ../niosII_training_bsp/\libhal_bsp.a(alt_irq_handler.o)
 .comment       0x0000000000000000       0x24 ../niosII_training_bsp/\libhal_bsp.a(alt_irq_vars.o)
 .comment       0x0000000000000000       0x24 ../niosII_training_bsp/\libhal_bsp.a(alt_isatty.o)
 .comment       0x0000000000000000       0x24 ../niosII_training_bsp/\libhal_bsp.a(alt_lseek.o)
 .comment       0x0000000000000000       0x24 ../niosII_training_bsp/\libhal_bsp.a(alt_main.o)
 .comment       0x0000000000000000       0x24 ../niosII_training_bsp/\libhal_bsp.a(alt_malloc_lock.o)
 .comment       0x0000000000000000       0x24 ../niosII_training_bsp/\libhal_bsp.a(alt_read.o)
 .comment       0x0000000000000000       0x24 ../niosII_training_bsp/\libhal_bsp.a(alt_release_fd.o)
 .comment       0x0000000000000000       0x24 ../niosII_training_bsp/\libhal_bsp.a(alt_sbrk.o)
 .comment       0x0000000000000000       0x24 ../niosII_training_bsp/\libhal_bsp.a(alt_usleep.o)
 .comment       0x0000000000000000       0x24 ../niosII_training_bsp/\libhal_bsp.a(alt_write.o)
 .comment       0x0000000000000000       0x24 ../niosII_training_bsp/\libhal_bsp.a(alt_sys_init.o)
 .comment       0x0000000000000000       0x24 ../niosII_training_bsp/\libhal_bsp.a(altera_avalon_cfi_flash.o)
 .comment       0x0000000000000000       0x24 ../niosII_training_bsp/\libhal_bsp.a(altera_avalon_cfi_flash_table.o)
 .comment       0x0000000000000000       0x24 ../niosII_training_bsp/\libhal_bsp.a(altera_avalon_jtag_uart_fd.o)
 .comment       0x0000000000000000       0x24 ../niosII_training_bsp/\libhal_bsp.a(altera_avalon_jtag_uart_init.o)
 .comment       0x0000000000000000       0x24 ../niosII_training_bsp/\libhal_bsp.a(altera_avalon_jtag_uart_ioctl.o)
 .comment       0x0000000000000000       0x24 ../niosII_training_bsp/\libhal_bsp.a(altera_avalon_jtag_uart_read.o)
 .comment       0x0000000000000000       0x24 ../niosII_training_bsp/\libhal_bsp.a(altera_avalon_jtag_uart_write.o)
 .comment       0x0000000000000000       0x24 ../niosII_training_bsp/\libhal_bsp.a(altera_avalon_timer_sc.o)
 .comment       0x0000000000000000       0x24 ../niosII_training_bsp/\libhal_bsp.a(alt_alarm_start.o)
 .comment       0x0000000000000000       0x24 ../niosII_training_bsp/\libhal_bsp.a(alt_busy_sleep.o)
 .comment       0x0000000000000000       0x24 ../niosII_training_bsp/\libhal_bsp.a(alt_dcache_flush.o)
 .comment       0x0000000000000000       0x24 ../niosII_training_bsp/\libhal_bsp.a(alt_dev_llist_insert.o)
 .comment       0x0000000000000000       0x24 ../niosII_training_bsp/\libhal_bsp.a(alt_do_ctors.o)
 .comment       0x0000000000000000       0x24 ../niosII_training_bsp/\libhal_bsp.a(alt_do_dtors.o)
 .comment       0x0000000000000000       0x24 ../niosII_training_bsp/\libhal_bsp.a(alt_flash_dev.o)
 .comment       0x0000000000000000       0x24 ../niosII_training_bsp/\libhal_bsp.a(alt_instruction_exception_entry.o)
 .comment       0x0000000000000000       0x24 ../niosII_training_bsp/\libhal_bsp.a(alt_io_redirect.o)
 .comment       0x0000000000000000       0x24 ../niosII_training_bsp/\libhal_bsp.a(alt_open.o)
 .comment       0x0000000000000000       0x24 ../niosII_training_bsp/\libhal_bsp.a(alt_tick.o)
 .comment       0x0000000000000000       0x24 ../niosII_training_bsp/\libhal_bsp.a(altera_nios2_gen2_irq.o)
 .comment       0x0000000000000000       0x24 ../niosII_training_bsp/\libhal_bsp.a(altera_avalon_cfi_flash_amd.o)
 .comment       0x0000000000000000       0x24 ../niosII_training_bsp/\libhal_bsp.a(altera_avalon_cfi_flash_intel.o)
 .comment       0x0000000000000000       0x24 ../niosII_training_bsp/\libhal_bsp.a(alt_find_dev.o)
 .comment       0x0000000000000000       0x24 ../niosII_training_bsp/\libhal_bsp.a(alt_find_file.o)
 .comment       0x0000000000000000       0x24 ../niosII_training_bsp/\libhal_bsp.a(alt_get_fd.o)
 .comment       0x0000000000000000       0x24 c:/altera/15.0/nios2eds/bin/gnu/h-x86_64-mingw32/bin/../lib/gcc/nios2-elf/4.9.1/../../../../../H-x86_64-mingw32/nios2-elf/lib\libc.a(lib_a-atexit.o)
 .comment       0x0000000000000000       0x24 c:/altera/15.0/nios2eds/bin/gnu/h-x86_64-mingw32/bin/../lib/gcc/nios2-elf/4.9.1/../../../../../H-x86_64-mingw32/nios2-elf/lib\libc.a(lib_a-exit.o)
 .comment       0x0000000000000000       0x24 c:/altera/15.0/nios2eds/bin/gnu/h-x86_64-mingw32/bin/../lib/gcc/nios2-elf/4.9.1/../../../../../H-x86_64-mingw32/nios2-elf/lib\libc.a(lib_a-memcmp.o)
 .comment       0x0000000000000000       0x24 c:/altera/15.0/nios2eds/bin/gnu/h-x86_64-mingw32/bin/../lib/gcc/nios2-elf/4.9.1/../../../../../H-x86_64-mingw32/nios2-elf/lib\libc.a(lib_a-__atexit.o)
 .comment       0x0000000000000000       0x24 c:/altera/15.0/nios2eds/bin/gnu/h-x86_64-mingw32/bin/../lib/gcc/nios2-elf/4.9.1/../../../../../H-x86_64-mingw32/nios2-elf/lib\libc.a(lib_a-__call_atexit.o)
 .comment       0x0000000000000000       0x24 c:/altera/15.0/nios2eds/bin/gnu/h-x86_64-mingw32/bin/../lib/gcc/nios2-elf/4.9.1\libgcc.a(lib2-divmod.o)
 .comment       0x0000000000000000       0x24 ../niosII_training_bsp/\libhal_bsp.a(alt_exit.o)

.debug
 *(.debug)

.line
 *(.line)

.debug_srcinfo
 *(.debug_srcinfo)

.debug_sfnames
 *(.debug_sfnames)

.debug_aranges  0x0000000000000000      0xa10
 *(.debug_aranges)
 .debug_aranges
                0x0000000000000000       0x20 ../niosII_training_bsp//obj/HAL/src/crt0.o
 .debug_aranges
                0x0000000000000020       0x20 obj/default/simple.o
 .debug_aranges
                0x0000000000000040       0x20 c:/altera/15.0/nios2eds/bin/gnu/h-x86_64-mingw32/bin/../lib/gcc/nios2-elf/4.9.1/../../../../../H-x86_64-mingw32/nios2-elf/lib\libc.a(lib_a-puts.o)
 .debug_aranges
                0x0000000000000060       0x20 c:/altera/15.0/nios2eds/bin/gnu/h-x86_64-mingw32/bin/../lib/gcc/nios2-elf/4.9.1/../../../../../H-x86_64-mingw32/nios2-elf/lib\libc.a(lib_a-strlen.o)
 .debug_aranges
                0x0000000000000080       0x20 c:/altera/15.0/nios2eds/bin/gnu/h-x86_64-mingw32/bin/../lib/gcc/nios2-elf/4.9.1/../../../../../H-x86_64-mingw32/nios2-elf/lib\libc.a(lib_a-fvwrite.o)
 .debug_aranges
                0x00000000000000a0       0x18 c:/altera/15.0/nios2eds/bin/gnu/h-x86_64-mingw32/bin/../lib/gcc/nios2-elf/4.9.1/../../../../../H-x86_64-mingw32/nios2-elf/lib\libc.a(lib_a-impure.o)
 .debug_aranges
                0x00000000000000b8       0x20 c:/altera/15.0/nios2eds/bin/gnu/h-x86_64-mingw32/bin/../lib/gcc/nios2-elf/4.9.1/../../../../../H-x86_64-mingw32/nios2-elf/lib\libc.a(lib_a-mallocr.o)
 .debug_aranges
                0x00000000000000d8       0x20 c:/altera/15.0/nios2eds/bin/gnu/h-x86_64-mingw32/bin/../lib/gcc/nios2-elf/4.9.1/../../../../../H-x86_64-mingw32/nios2-elf/lib\libc.a(lib_a-memchr.o)
 .debug_aranges
                0x00000000000000f8       0x20 c:/altera/15.0/nios2eds/bin/gnu/h-x86_64-mingw32/bin/../lib/gcc/nios2-elf/4.9.1/../../../../../H-x86_64-mingw32/nios2-elf/lib\libc.a(lib_a-memcpy.o)
 .debug_aranges
                0x0000000000000118       0x20 c:/altera/15.0/nios2eds/bin/gnu/h-x86_64-mingw32/bin/../lib/gcc/nios2-elf/4.9.1/../../../../../H-x86_64-mingw32/nios2-elf/lib\libc.a(lib_a-memmove.o)
 .debug_aranges
                0x0000000000000138       0x20 c:/altera/15.0/nios2eds/bin/gnu/h-x86_64-mingw32/bin/../lib/gcc/nios2-elf/4.9.1/../../../../../H-x86_64-mingw32/nios2-elf/lib\libc.a(lib_a-reallocr.o)
 .debug_aranges
                0x0000000000000158       0x20 c:/altera/15.0/nios2eds/bin/gnu/h-x86_64-mingw32/bin/../lib/gcc/nios2-elf/4.9.1/../../../../../H-x86_64-mingw32/nios2-elf/lib\libc.a(lib_a-sbrkr.o)
 .debug_aranges
                0x0000000000000178       0x20 c:/altera/15.0/nios2eds/bin/gnu/h-x86_64-mingw32/bin/../lib/gcc/nios2-elf/4.9.1/../../../../../H-x86_64-mingw32/nios2-elf/lib\libc.a(lib_a-wsetup.o)
 .debug_aranges
                0x0000000000000198       0x20 c:/altera/15.0/nios2eds/bin/gnu/h-x86_64-mingw32/bin/../lib/gcc/nios2-elf/4.9.1/../../../../../H-x86_64-mingw32/nios2-elf/lib\libc.a(lib_a-fflush.o)
 .debug_aranges
                0x00000000000001b8       0x20 c:/altera/15.0/nios2eds/bin/gnu/h-x86_64-mingw32/bin/../lib/gcc/nios2-elf/4.9.1/../../../../../H-x86_64-mingw32/nios2-elf/lib\libc.a(lib_a-findfp.o)
 .debug_aranges
                0x00000000000001d8       0x20 c:/altera/15.0/nios2eds/bin/gnu/h-x86_64-mingw32/bin/../lib/gcc/nios2-elf/4.9.1/../../../../../H-x86_64-mingw32/nios2-elf/lib\libc.a(lib_a-freer.o)
 .debug_aranges
                0x00000000000001f8       0x20 c:/altera/15.0/nios2eds/bin/gnu/h-x86_64-mingw32/bin/../lib/gcc/nios2-elf/4.9.1/../../../../../H-x86_64-mingw32/nios2-elf/lib\libc.a(lib_a-fwalk.o)
 .debug_aranges
                0x0000000000000218       0x18 c:/altera/15.0/nios2eds/bin/gnu/h-x86_64-mingw32/bin/../lib/gcc/nios2-elf/4.9.1/../../../../../H-x86_64-mingw32/nios2-elf/lib\libc.a(lib_a-int_errno.o)
 .debug_aranges
                0x0000000000000230       0x20 c:/altera/15.0/nios2eds/bin/gnu/h-x86_64-mingw32/bin/../lib/gcc/nios2-elf/4.9.1/../../../../../H-x86_64-mingw32/nios2-elf/lib\libc.a(lib_a-makebuf.o)
 .debug_aranges
                0x0000000000000250       0x20 c:/altera/15.0/nios2eds/bin/gnu/h-x86_64-mingw32/bin/../lib/gcc/nios2-elf/4.9.1/../../../../../H-x86_64-mingw32/nios2-elf/lib\libc.a(lib_a-memset.o)
 .debug_aranges
                0x0000000000000270       0x20 c:/altera/15.0/nios2eds/bin/gnu/h-x86_64-mingw32/bin/../lib/gcc/nios2-elf/4.9.1/../../../../../H-x86_64-mingw32/nios2-elf/lib\libc.a(lib_a-stdio.o)
 .debug_aranges
                0x0000000000000290       0x20 c:/altera/15.0/nios2eds/bin/gnu/h-x86_64-mingw32/bin/../lib/gcc/nios2-elf/4.9.1/../../../../../H-x86_64-mingw32/nios2-elf/lib\libc.a(lib_a-writer.o)
 .debug_aranges
                0x00000000000002b0       0x20 c:/altera/15.0/nios2eds/bin/gnu/h-x86_64-mingw32/bin/../lib/gcc/nios2-elf/4.9.1/../../../../../H-x86_64-mingw32/nios2-elf/lib\libc.a(closer.o)
 .debug_aranges
                0x00000000000002d0       0x20 c:/altera/15.0/nios2eds/bin/gnu/h-x86_64-mingw32/bin/../lib/gcc/nios2-elf/4.9.1/../../../../../H-x86_64-mingw32/nios2-elf/lib\libc.a(lib_a-fclose.o)
 .debug_aranges
                0x00000000000002f0       0x20 c:/altera/15.0/nios2eds/bin/gnu/h-x86_64-mingw32/bin/../lib/gcc/nios2-elf/4.9.1/../../../../../H-x86_64-mingw32/nios2-elf/lib\libc.a(lib_a-fstatr.o)
 .debug_aranges
                0x0000000000000310       0x20 c:/altera/15.0/nios2eds/bin/gnu/h-x86_64-mingw32/bin/../lib/gcc/nios2-elf/4.9.1/../../../../../H-x86_64-mingw32/nios2-elf/lib\libc.a(lib_a-isattyr.o)
 .debug_aranges
                0x0000000000000330       0x20 c:/altera/15.0/nios2eds/bin/gnu/h-x86_64-mingw32/bin/../lib/gcc/nios2-elf/4.9.1/../../../../../H-x86_64-mingw32/nios2-elf/lib\libc.a(lib_a-lseekr.o)
 .debug_aranges
                0x0000000000000350       0x20 c:/altera/15.0/nios2eds/bin/gnu/h-x86_64-mingw32/bin/../lib/gcc/nios2-elf/4.9.1/../../../../../H-x86_64-mingw32/nios2-elf/lib\libc.a(lib_a-readr.o)
 .debug_aranges
                0x0000000000000370       0x20 ../niosII_training_bsp/\libhal_bsp.a(alt_close.o)
 .debug_aranges
                0x0000000000000390       0x20 ../niosII_training_bsp/\libhal_bsp.a(alt_dev.o)
 .debug_aranges
                0x00000000000003b0       0x18 ../niosII_training_bsp/\libhal_bsp.a(alt_errno.o)
 .debug_aranges
                0x00000000000003c8       0x20 ../niosII_training_bsp/\libhal_bsp.a(alt_fstat.o)
 .debug_aranges
                0x00000000000003e8       0x20 ../niosII_training_bsp/\libhal_bsp.a(alt_iic.o)
 .debug_aranges
                0x0000000000000408       0x20 ../niosII_training_bsp/\libhal_bsp.a(alt_iic_isr_register.o)
 .debug_aranges
                0x0000000000000428       0x30 ../niosII_training_bsp/\libhal_bsp.a(alt_irq_entry.o)
 .debug_aranges
                0x0000000000000458       0x20 ../niosII_training_bsp/\libhal_bsp.a(alt_irq_handler.o)
 .debug_aranges
                0x0000000000000478       0x18 ../niosII_training_bsp/\libhal_bsp.a(alt_irq_vars.o)
 .debug_aranges
                0x0000000000000490       0x20 ../niosII_training_bsp/\libhal_bsp.a(alt_isatty.o)
 .debug_aranges
                0x00000000000004b0       0x20 ../niosII_training_bsp/\libhal_bsp.a(alt_lseek.o)
 .debug_aranges
                0x00000000000004d0       0x20 ../niosII_training_bsp/\libhal_bsp.a(alt_main.o)
 .debug_aranges
                0x00000000000004f0       0x20 ../niosII_training_bsp/\libhal_bsp.a(alt_malloc_lock.o)
 .debug_aranges
                0x0000000000000510       0x20 ../niosII_training_bsp/\libhal_bsp.a(alt_read.o)
 .debug_aranges
                0x0000000000000530       0x20 ../niosII_training_bsp/\libhal_bsp.a(alt_release_fd.o)
 .debug_aranges
                0x0000000000000550       0x20 ../niosII_training_bsp/\libhal_bsp.a(alt_sbrk.o)
 .debug_aranges
                0x0000000000000570       0x20 ../niosII_training_bsp/\libhal_bsp.a(alt_usleep.o)
 .debug_aranges
                0x0000000000000590       0x20 ../niosII_training_bsp/\libhal_bsp.a(alt_write.o)
 .debug_aranges
                0x00000000000005b0       0x20 ../niosII_training_bsp/\libhal_bsp.a(alt_sys_init.o)
 .debug_aranges
                0x00000000000005d0       0x20 ../niosII_training_bsp/\libhal_bsp.a(altera_avalon_cfi_flash.o)
 .debug_aranges
                0x00000000000005f0       0x20 ../niosII_training_bsp/\libhal_bsp.a(altera_avalon_cfi_flash_table.o)
 .debug_aranges
                0x0000000000000610       0x20 ../niosII_training_bsp/\libhal_bsp.a(altera_avalon_jtag_uart_fd.o)
 .debug_aranges
                0x0000000000000630       0x20 ../niosII_training_bsp/\libhal_bsp.a(altera_avalon_jtag_uart_init.o)
 .debug_aranges
                0x0000000000000650       0x20 ../niosII_training_bsp/\libhal_bsp.a(altera_avalon_jtag_uart_ioctl.o)
 .debug_aranges
                0x0000000000000670       0x20 ../niosII_training_bsp/\libhal_bsp.a(altera_avalon_jtag_uart_read.o)
 .debug_aranges
                0x0000000000000690       0x20 ../niosII_training_bsp/\libhal_bsp.a(altera_avalon_jtag_uart_write.o)
 .debug_aranges
                0x00000000000006b0       0x20 ../niosII_training_bsp/\libhal_bsp.a(altera_avalon_timer_sc.o)
 .debug_aranges
                0x00000000000006d0       0x20 ../niosII_training_bsp/\libhal_bsp.a(alt_alarm_start.o)
 .debug_aranges
                0x00000000000006f0       0x20 ../niosII_training_bsp/\libhal_bsp.a(alt_busy_sleep.o)
 .debug_aranges
                0x0000000000000710       0x20 ../niosII_training_bsp/\libhal_bsp.a(alt_dcache_flush.o)
 .debug_aranges
                0x0000000000000730       0x20 ../niosII_training_bsp/\libhal_bsp.a(alt_dev_llist_insert.o)
 .debug_aranges
                0x0000000000000750       0x20 ../niosII_training_bsp/\libhal_bsp.a(alt_do_ctors.o)
 .debug_aranges
                0x0000000000000770       0x20 ../niosII_training_bsp/\libhal_bsp.a(alt_do_dtors.o)
 .debug_aranges
                0x0000000000000790       0x38 ../niosII_training_bsp/\libhal_bsp.a(alt_exception_entry.o)
 .debug_aranges
                0x00000000000007c8       0x20 ../niosII_training_bsp/\libhal_bsp.a(alt_flash_dev.o)
 .debug_aranges
                0x00000000000007e8       0x28 ../niosII_training_bsp/\libhal_bsp.a(alt_instruction_exception_entry.o)
 .debug_aranges
                0x0000000000000810       0x20 ../niosII_training_bsp/\libhal_bsp.a(alt_io_redirect.o)
 .debug_aranges
                0x0000000000000830       0x20 ../niosII_training_bsp/\libhal_bsp.a(alt_open.o)
 .debug_aranges
                0x0000000000000850       0x20 ../niosII_training_bsp/\libhal_bsp.a(alt_tick.o)
 .debug_aranges
                0x0000000000000870       0x20 ../niosII_training_bsp/\libhal_bsp.a(altera_nios2_gen2_irq.o)
 .debug_aranges
                0x0000000000000890       0x20 ../niosII_training_bsp/\libhal_bsp.a(altera_avalon_cfi_flash_amd.o)
 .debug_aranges
                0x00000000000008b0       0x20 ../niosII_training_bsp/\libhal_bsp.a(altera_avalon_cfi_flash_intel.o)
 .debug_aranges
                0x00000000000008d0       0x20 ../niosII_training_bsp/\libhal_bsp.a(alt_find_dev.o)
 .debug_aranges
                0x00000000000008f0       0x20 ../niosII_training_bsp/\libhal_bsp.a(alt_find_file.o)
 .debug_aranges
                0x0000000000000910       0x20 ../niosII_training_bsp/\libhal_bsp.a(alt_get_fd.o)
 .debug_aranges
                0x0000000000000930       0x20 c:/altera/15.0/nios2eds/bin/gnu/h-x86_64-mingw32/bin/../lib/gcc/nios2-elf/4.9.1/../../../../../H-x86_64-mingw32/nios2-elf/lib\libc.a(lib_a-atexit.o)
 .debug_aranges
                0x0000000000000950       0x20 c:/altera/15.0/nios2eds/bin/gnu/h-x86_64-mingw32/bin/../lib/gcc/nios2-elf/4.9.1/../../../../../H-x86_64-mingw32/nios2-elf/lib\libc.a(lib_a-exit.o)
 .debug_aranges
                0x0000000000000970       0x20 c:/altera/15.0/nios2eds/bin/gnu/h-x86_64-mingw32/bin/../lib/gcc/nios2-elf/4.9.1/../../../../../H-x86_64-mingw32/nios2-elf/lib\libc.a(lib_a-memcmp.o)
 .debug_aranges
                0x0000000000000990       0x20 c:/altera/15.0/nios2eds/bin/gnu/h-x86_64-mingw32/bin/../lib/gcc/nios2-elf/4.9.1/../../../../../H-x86_64-mingw32/nios2-elf/lib\libc.a(lib_a-__atexit.o)
 .debug_aranges
                0x00000000000009b0       0x20 c:/altera/15.0/nios2eds/bin/gnu/h-x86_64-mingw32/bin/../lib/gcc/nios2-elf/4.9.1/../../../../../H-x86_64-mingw32/nios2-elf/lib\libc.a(lib_a-__call_atexit.o)
 .debug_aranges
                0x00000000000009d0       0x20 c:/altera/15.0/nios2eds/bin/gnu/h-x86_64-mingw32/bin/../lib/gcc/nios2-elf/4.9.1\libgcc.a(lib2-divmod.o)
 .debug_aranges
                0x00000000000009f0       0x20 ../niosII_training_bsp/\libhal_bsp.a(alt_exit.o)

.debug_pubnames
 *(.debug_pubnames)

.debug_info     0x0000000000000000    0x18a35
 *(.debug_info .gnu.linkonce.wi.*)
 .debug_info    0x0000000000000000       0xb7 ../niosII_training_bsp//obj/HAL/src/crt0.o
 .debug_info    0x00000000000000b7      0x155 obj/default/simple.o
 .debug_info    0x000000000000020c      0x9f4 c:/altera/15.0/nios2eds/bin/gnu/h-x86_64-mingw32/bin/../lib/gcc/nios2-elf/4.9.1/../../../../../H-x86_64-mingw32/nios2-elf/lib\libc.a(lib_a-puts.o)
 .debug_info    0x0000000000000c00       0xdb c:/altera/15.0/nios2eds/bin/gnu/h-x86_64-mingw32/bin/../lib/gcc/nios2-elf/4.9.1/../../../../../H-x86_64-mingw32/nios2-elf/lib\libc.a(lib_a-strlen.o)
 .debug_info    0x0000000000000cdb      0xc31 c:/altera/15.0/nios2eds/bin/gnu/h-x86_64-mingw32/bin/../lib/gcc/nios2-elf/4.9.1/../../../../../H-x86_64-mingw32/nios2-elf/lib\libc.a(lib_a-fvwrite.o)
 .debug_info    0x000000000000190c      0x88f c:/altera/15.0/nios2eds/bin/gnu/h-x86_64-mingw32/bin/../lib/gcc/nios2-elf/4.9.1/../../../../../H-x86_64-mingw32/nios2-elf/lib\libc.a(lib_a-impure.o)
 .debug_info    0x000000000000219b      0xd71 c:/altera/15.0/nios2eds/bin/gnu/h-x86_64-mingw32/bin/../lib/gcc/nios2-elf/4.9.1/../../../../../H-x86_64-mingw32/nios2-elf/lib\libc.a(lib_a-mallocr.o)
 .debug_info    0x0000000000002f0c      0x12b c:/altera/15.0/nios2eds/bin/gnu/h-x86_64-mingw32/bin/../lib/gcc/nios2-elf/4.9.1/../../../../../H-x86_64-mingw32/nios2-elf/lib\libc.a(lib_a-memchr.o)
 .debug_info    0x0000000000003037      0x133 c:/altera/15.0/nios2eds/bin/gnu/h-x86_64-mingw32/bin/../lib/gcc/nios2-elf/4.9.1/../../../../../H-x86_64-mingw32/nios2-elf/lib\libc.a(lib_a-memcpy.o)
 .debug_info    0x000000000000316a      0x133 c:/altera/15.0/nios2eds/bin/gnu/h-x86_64-mingw32/bin/../lib/gcc/nios2-elf/4.9.1/../../../../../H-x86_64-mingw32/nios2-elf/lib\libc.a(lib_a-memmove.o)
 .debug_info    0x000000000000329d      0xcc6 c:/altera/15.0/nios2eds/bin/gnu/h-x86_64-mingw32/bin/../lib/gcc/nios2-elf/4.9.1/../../../../../H-x86_64-mingw32/nios2-elf/lib\libc.a(lib_a-reallocr.o)
 .debug_info    0x0000000000003f63      0x8ef c:/altera/15.0/nios2eds/bin/gnu/h-x86_64-mingw32/bin/../lib/gcc/nios2-elf/4.9.1/../../../../../H-x86_64-mingw32/nios2-elf/lib\libc.a(lib_a-sbrkr.o)
 .debug_info    0x0000000000004852      0x91d c:/altera/15.0/nios2eds/bin/gnu/h-x86_64-mingw32/bin/../lib/gcc/nios2-elf/4.9.1/../../../../../H-x86_64-mingw32/nios2-elf/lib\libc.a(lib_a-wsetup.o)
 .debug_info    0x000000000000516f      0xa3a c:/altera/15.0/nios2eds/bin/gnu/h-x86_64-mingw32/bin/../lib/gcc/nios2-elf/4.9.1/../../../../../H-x86_64-mingw32/nios2-elf/lib\libc.a(lib_a-fflush.o)
 .debug_info    0x0000000000005ba9      0xd38 c:/altera/15.0/nios2eds/bin/gnu/h-x86_64-mingw32/bin/../lib/gcc/nios2-elf/4.9.1/../../../../../H-x86_64-mingw32/nios2-elf/lib\libc.a(lib_a-findfp.o)
 .debug_info    0x00000000000068e1      0xc02 c:/altera/15.0/nios2eds/bin/gnu/h-x86_64-mingw32/bin/../lib/gcc/nios2-elf/4.9.1/../../../../../H-x86_64-mingw32/nios2-elf/lib\libc.a(lib_a-freer.o)
 .debug_info    0x00000000000074e3      0xab7 c:/altera/15.0/nios2eds/bin/gnu/h-x86_64-mingw32/bin/../lib/gcc/nios2-elf/4.9.1/../../../../../H-x86_64-mingw32/nios2-elf/lib\libc.a(lib_a-fwalk.o)
 .debug_info    0x0000000000007f9a       0x83 c:/altera/15.0/nios2eds/bin/gnu/h-x86_64-mingw32/bin/../lib/gcc/nios2-elf/4.9.1/../../../../../H-x86_64-mingw32/nios2-elf/lib\libc.a(lib_a-int_errno.o)
 .debug_info    0x000000000000801d      0xaff c:/altera/15.0/nios2eds/bin/gnu/h-x86_64-mingw32/bin/../lib/gcc/nios2-elf/4.9.1/../../../../../H-x86_64-mingw32/nios2-elf/lib\libc.a(lib_a-makebuf.o)
 .debug_info    0x0000000000008b1c      0x11a c:/altera/15.0/nios2eds/bin/gnu/h-x86_64-mingw32/bin/../lib/gcc/nios2-elf/4.9.1/../../../../../H-x86_64-mingw32/nios2-elf/lib\libc.a(lib_a-memset.o)
 .debug_info    0x0000000000008c36      0xb83 c:/altera/15.0/nios2eds/bin/gnu/h-x86_64-mingw32/bin/../lib/gcc/nios2-elf/4.9.1/../../../../../H-x86_64-mingw32/nios2-elf/lib\libc.a(lib_a-stdio.o)
 .debug_info    0x00000000000097b9      0x921 c:/altera/15.0/nios2eds/bin/gnu/h-x86_64-mingw32/bin/../lib/gcc/nios2-elf/4.9.1/../../../../../H-x86_64-mingw32/nios2-elf/lib\libc.a(lib_a-writer.o)
 .debug_info    0x000000000000a0da      0x8ce c:/altera/15.0/nios2eds/bin/gnu/h-x86_64-mingw32/bin/../lib/gcc/nios2-elf/4.9.1/../../../../../H-x86_64-mingw32/nios2-elf/lib\libc.a(closer.o)
 .debug_info    0x000000000000a9a8      0xa12 c:/altera/15.0/nios2eds/bin/gnu/h-x86_64-mingw32/bin/../lib/gcc/nios2-elf/4.9.1/../../../../../H-x86_64-mingw32/nios2-elf/lib\libc.a(lib_a-fclose.o)
 .debug_info    0x000000000000b3ba      0xa5c c:/altera/15.0/nios2eds/bin/gnu/h-x86_64-mingw32/bin/../lib/gcc/nios2-elf/4.9.1/../../../../../H-x86_64-mingw32/nios2-elf/lib\libc.a(lib_a-fstatr.o)
 .debug_info    0x000000000000be16      0x8ce c:/altera/15.0/nios2eds/bin/gnu/h-x86_64-mingw32/bin/../lib/gcc/nios2-elf/4.9.1/../../../../../H-x86_64-mingw32/nios2-elf/lib\libc.a(lib_a-isattyr.o)
 .debug_info    0x000000000000c6e4      0x91a c:/altera/15.0/nios2eds/bin/gnu/h-x86_64-mingw32/bin/../lib/gcc/nios2-elf/4.9.1/../../../../../H-x86_64-mingw32/nios2-elf/lib\libc.a(lib_a-lseekr.o)
 .debug_info    0x000000000000cffe      0x91a c:/altera/15.0/nios2eds/bin/gnu/h-x86_64-mingw32/bin/../lib/gcc/nios2-elf/4.9.1/../../../../../H-x86_64-mingw32/nios2-elf/lib\libc.a(lib_a-readr.o)
 .debug_info    0x000000000000d918      0x31a ../niosII_training_bsp/\libhal_bsp.a(alt_close.o)
 .debug_info    0x000000000000dc32      0x495 ../niosII_training_bsp/\libhal_bsp.a(alt_dev.o)
 .debug_info    0x000000000000e0c7       0x9f ../niosII_training_bsp/\libhal_bsp.a(alt_errno.o)
 .debug_info    0x000000000000e166      0x481 ../niosII_training_bsp/\libhal_bsp.a(alt_fstat.o)
 .debug_info    0x000000000000e5e7      0x349 ../niosII_training_bsp/\libhal_bsp.a(alt_iic.o)
 .debug_info    0x000000000000e930      0x1e8 ../niosII_training_bsp/\libhal_bsp.a(alt_iic_isr_register.o)
 .debug_info    0x000000000000eb18       0xbc ../niosII_training_bsp/\libhal_bsp.a(alt_irq_entry.o)
 .debug_info    0x000000000000ebd4      0x180 ../niosII_training_bsp/\libhal_bsp.a(alt_irq_handler.o)
 .debug_info    0x000000000000ed54       0x88 ../niosII_training_bsp/\libhal_bsp.a(alt_irq_vars.o)
 .debug_info    0x000000000000eddc      0x484 ../niosII_training_bsp/\libhal_bsp.a(alt_isatty.o)
 .debug_info    0x000000000000f260      0x34b ../niosII_training_bsp/\libhal_bsp.a(alt_lseek.o)
 .debug_info    0x000000000000f5ab      0x12a ../niosII_training_bsp/\libhal_bsp.a(alt_main.o)
 .debug_info    0x000000000000f6d5      0x89f ../niosII_training_bsp/\libhal_bsp.a(alt_malloc_lock.o)
 .debug_info    0x000000000000ff74      0x4a9 ../niosII_training_bsp/\libhal_bsp.a(alt_read.o)
 .debug_info    0x000000000001041d      0x2b0 ../niosII_training_bsp/\libhal_bsp.a(alt_release_fd.o)
 .debug_info    0x00000000000106cd      0x1a5 ../niosII_training_bsp/\libhal_bsp.a(alt_sbrk.o)
 .debug_info    0x0000000000010872       0xa9 ../niosII_training_bsp/\libhal_bsp.a(alt_usleep.o)
 .debug_info    0x000000000001091b      0x4b0 ../niosII_training_bsp/\libhal_bsp.a(alt_write.o)
 .debug_info    0x0000000000010dcb      0x86b ../niosII_training_bsp/\libhal_bsp.a(alt_sys_init.o)
 .debug_info    0x0000000000011636      0x80b ../niosII_training_bsp/\libhal_bsp.a(altera_avalon_cfi_flash.o)
 .debug_info    0x0000000000011e41      0x96e ../niosII_training_bsp/\libhal_bsp.a(altera_avalon_cfi_flash_table.o)
 .debug_info    0x00000000000127af      0x527 ../niosII_training_bsp/\libhal_bsp.a(altera_avalon_jtag_uart_fd.o)
 .debug_info    0x0000000000012cd6      0x3a1 ../niosII_training_bsp/\libhal_bsp.a(altera_avalon_jtag_uart_init.o)
 .debug_info    0x0000000000013077      0x279 ../niosII_training_bsp/\libhal_bsp.a(altera_avalon_jtag_uart_ioctl.o)
 .debug_info    0x00000000000132f0      0x342 ../niosII_training_bsp/\libhal_bsp.a(altera_avalon_jtag_uart_read.o)
 .debug_info    0x0000000000013632      0x339 ../niosII_training_bsp/\libhal_bsp.a(altera_avalon_jtag_uart_write.o)
 .debug_info    0x000000000001396b      0x21f ../niosII_training_bsp/\libhal_bsp.a(altera_avalon_timer_sc.o)
 .debug_info    0x0000000000013b8a      0x2c5 ../niosII_training_bsp/\libhal_bsp.a(alt_alarm_start.o)
 .debug_info    0x0000000000013e4f       0xd0 ../niosII_training_bsp/\libhal_bsp.a(alt_busy_sleep.o)
 .debug_info    0x0000000000013f1f       0xd5 ../niosII_training_bsp/\libhal_bsp.a(alt_dcache_flush.o)
 .debug_info    0x0000000000013ff4      0x1a2 ../niosII_training_bsp/\libhal_bsp.a(alt_dev_llist_insert.o)
 .debug_info    0x0000000000014196       0x83 ../niosII_training_bsp/\libhal_bsp.a(alt_do_ctors.o)
 .debug_info    0x0000000000014219       0x83 ../niosII_training_bsp/\libhal_bsp.a(alt_do_dtors.o)
 .debug_info    0x000000000001429c       0xc2 ../niosII_training_bsp/\libhal_bsp.a(alt_exception_entry.o)
 .debug_info    0x000000000001435e      0x3d0 ../niosII_training_bsp/\libhal_bsp.a(alt_flash_dev.o)
 .debug_info    0x000000000001472e      0x1d8 ../niosII_training_bsp/\libhal_bsp.a(alt_instruction_exception_entry.o)
 .debug_info    0x0000000000014906      0x49e ../niosII_training_bsp/\libhal_bsp.a(alt_io_redirect.o)
 .debug_info    0x0000000000014da4      0x3b4 ../niosII_training_bsp/\libhal_bsp.a(alt_open.o)
 .debug_info    0x0000000000015158      0x292 ../niosII_training_bsp/\libhal_bsp.a(alt_tick.o)
 .debug_info    0x00000000000153ea       0x8b ../niosII_training_bsp/\libhal_bsp.a(altera_nios2_gen2_irq.o)
 .debug_info    0x0000000000015475      0x62f ../niosII_training_bsp/\libhal_bsp.a(altera_avalon_cfi_flash_amd.o)
 .debug_info    0x0000000000015aa4      0x62f ../niosII_training_bsp/\libhal_bsp.a(altera_avalon_cfi_flash_intel.o)
 .debug_info    0x00000000000160d3      0x2e2 ../niosII_training_bsp/\libhal_bsp.a(alt_find_dev.o)
 .debug_info    0x00000000000163b5      0x2df ../niosII_training_bsp/\libhal_bsp.a(alt_find_file.o)
 .debug_info    0x0000000000016694      0x309 ../niosII_training_bsp/\libhal_bsp.a(alt_get_fd.o)
 .debug_info    0x000000000001699d      0x10a c:/altera/15.0/nios2eds/bin/gnu/h-x86_64-mingw32/bin/../lib/gcc/nios2-elf/4.9.1/../../../../../H-x86_64-mingw32/nios2-elf/lib\libc.a(lib_a-atexit.o)
 .debug_info    0x0000000000016aa7      0x8df c:/altera/15.0/nios2eds/bin/gnu/h-x86_64-mingw32/bin/../lib/gcc/nios2-elf/4.9.1/../../../../../H-x86_64-mingw32/nios2-elf/lib\libc.a(lib_a-exit.o)
 .debug_info    0x0000000000017386      0x113 c:/altera/15.0/nios2eds/bin/gnu/h-x86_64-mingw32/bin/../lib/gcc/nios2-elf/4.9.1/../../../../../H-x86_64-mingw32/nios2-elf/lib\libc.a(lib_a-memcmp.o)
 .debug_info    0x0000000000017499      0x93b c:/altera/15.0/nios2eds/bin/gnu/h-x86_64-mingw32/bin/../lib/gcc/nios2-elf/4.9.1/../../../../../H-x86_64-mingw32/nios2-elf/lib\libc.a(lib_a-__atexit.o)
 .debug_info    0x0000000000017dd4      0x948 c:/altera/15.0/nios2eds/bin/gnu/h-x86_64-mingw32/bin/../lib/gcc/nios2-elf/4.9.1/../../../../../H-x86_64-mingw32/nios2-elf/lib\libc.a(lib_a-__call_atexit.o)
 .debug_info    0x000000000001871c      0x234 c:/altera/15.0/nios2eds/bin/gnu/h-x86_64-mingw32/bin/../lib/gcc/nios2-elf/4.9.1\libgcc.a(lib2-divmod.o)
 .debug_info    0x0000000000018950       0xe5 ../niosII_training_bsp/\libhal_bsp.a(alt_exit.o)

.debug_abbrev   0x0000000000000000     0x66a9
 *(.debug_abbrev)
 .debug_abbrev  0x0000000000000000       0x14 ../niosII_training_bsp//obj/HAL/src/crt0.o
 .debug_abbrev  0x0000000000000014       0xd6 obj/default/simple.o
 .debug_abbrev  0x00000000000000ea      0x226 c:/altera/15.0/nios2eds/bin/gnu/h-x86_64-mingw32/bin/../lib/gcc/nios2-elf/4.9.1/../../../../../H-x86_64-mingw32/nios2-elf/lib\libc.a(lib_a-puts.o)
 .debug_abbrev  0x0000000000000310       0x90 c:/altera/15.0/nios2eds/bin/gnu/h-x86_64-mingw32/bin/../lib/gcc/nios2-elf/4.9.1/../../../../../H-x86_64-mingw32/nios2-elf/lib\libc.a(lib_a-strlen.o)
 .debug_abbrev  0x00000000000003a0      0x252 c:/altera/15.0/nios2eds/bin/gnu/h-x86_64-mingw32/bin/../lib/gcc/nios2-elf/4.9.1/../../../../../H-x86_64-mingw32/nios2-elf/lib\libc.a(lib_a-fvwrite.o)