Archive member included to satisfy reference by file (symbol)

c:/altera/15.0/nios2eds/bin/gnu/h-x86_64-mingw32/bin/../lib/gcc/nios2-elf/4.9.1/../../../../../H-x86_64-mingw32/nios2-elf/lib\libc.a(lib_a-exit.o)
                              obj/default/alt_ucosii_simple_error_check.o (exit)
c:/altera/15.0/nios2eds/bin/gnu/h-x86_64-mingw32/bin/../lib/gcc/nios2-elf/4.9.1/../../../../../H-x86_64-mingw32/nios2-elf/lib\libc.a(lib_a-fprintf.o)
                              obj/default/alt_ucosii_simple_error_check.o (fprintf)
c:/altera/15.0/nios2eds/bin/gnu/h-x86_64-mingw32/bin/../lib/gcc/nios2-elf/4.9.1/../../../../../H-x86_64-mingw32/nios2-elf/lib\libc.a(lib_a-fwrite.o)
                              obj/default/alt_ucosii_simple_error_check.o (fwrite)
c:/altera/15.0/nios2eds/bin/gnu/h-x86_64-mingw32/bin/../lib/gcc/nios2-elf/4.9.1/../../../../../H-x86_64-mingw32/nios2-elf/lib\libc.a(lib_a-impure.o)
                              c:/altera/15.0/nios2eds/bin/gnu/h-x86_64-mingw32/bin/../lib/gcc/nios2-elf/4.9.1/../../../../../H-x86_64-mingw32/nios2-elf/lib\libc.a(lib_a-exit.o) (_global_impure_ptr)
c:/altera/15.0/nios2eds/bin/gnu/h-x86_64-mingw32/bin/../lib/gcc/nios2-elf/4.9.1/../../../../../H-x86_64-mingw32/nios2-elf/lib\libc.a(lib_a-printf.o)
                              obj/default/ucosii_tutorial.o (printf)
c:/altera/15.0/nios2eds/bin/gnu/h-x86_64-mingw32/bin/../lib/gcc/nios2-elf/4.9.1/../../../../../H-x86_64-mingw32/nios2-elf/lib\libc.a(lib_a-puts.o)
                              obj/default/alt_ucosii_simple_error_check.o (puts)
c:/altera/15.0/nios2eds/bin/gnu/h-x86_64-mingw32/bin/../lib/gcc/nios2-elf/4.9.1/../../../../../H-x86_64-mingw32/nios2-elf/lib\libc.a(lib_a-strlen.o)
                              c:/altera/15.0/nios2eds/bin/gnu/h-x86_64-mingw32/bin/../lib/gcc/nios2-elf/4.9.1/../../../../../H-x86_64-mingw32/nios2-elf/lib\libc.a(lib_a-puts.o) (strlen)
c:/altera/15.0/nios2eds/bin/gnu/h-x86_64-mingw32/bin/../lib/gcc/nios2-elf/4.9.1/../../../../../H-x86_64-mingw32/nios2-elf/lib\libc.a(lib_a-vfprintf.o)
                              c:/altera/15.0/nios2eds/bin/gnu/h-x86_64-mingw32/bin/../lib/gcc/nios2-elf/4.9.1/../../../../../H-x86_64-mingw32/nios2-elf/lib\libc.a(lib_a-printf.o) (___vfprintf_internal_r)
c:/altera/15.0/nios2eds/bin/gnu/h-x86_64-mingw32/bin/../lib/gcc/nios2-elf/4.9.1/../../../../../H-x86_64-mingw32/nios2-elf/lib\libc.a(lib_a-wsetup.o)
                              c:/altera/15.0/nios2eds/bin/gnu/h-x86_64-mingw32/bin/../lib/gcc/nios2-elf/4.9.1/../../../../../H-x86_64-mingw32/nios2-elf/lib\libc.a(lib_a-vfprintf.o) (__swsetup_r)
c:/altera/15.0/nios2eds/bin/gnu/h-x86_64-mingw32/bin/../lib/gcc/nios2-elf/4.9.1/../../../../../H-x86_64-mingw32/nios2-elf/lib\libc.a(lib_a-__call_atexit.o)
                              c:/altera/15.0/nios2eds/bin/gnu/h-x86_64-mingw32/bin/../lib/gcc/nios2-elf/4.9.1/../../../../../H-x86_64-mingw32/nios2-elf/lib\libc.a(lib_a-exit.o) (__call_exitprocs)
c:/altera/15.0/nios2eds/bin/gnu/h-x86_64-mingw32/bin/../lib/gcc/nios2-elf/4.9.1/../../../../../H-x86_64-mingw32/nios2-elf/lib\libc.a(lib_a-dtoa.o)
                              c:/altera/15.0/nios2eds/bin/gnu/h-x86_64-mingw32/bin/../lib/gcc/nios2-elf/4.9.1/../../../../../H-x86_64-mingw32/nios2-elf/lib\libc.a(lib_a-vfprintf.o) (_dtoa_r)
c:/altera/15.0/nios2eds/bin/gnu/h-x86_64-mingw32/bin/../lib/gcc/nios2-elf/4.9.1/../../../../../H-x86_64-mingw32/nios2-elf/lib\libc.a(lib_a-fflush.o)
                              c:/altera/15.0/nios2eds/bin/gnu/h-x86_64-mingw32/bin/../lib/gcc/nios2-elf/4.9.1/../../../../../H-x86_64-mingw32/nios2-elf/lib\libc.a(lib_a-vfprintf.o) (_fflush_r)
c:/altera/15.0/nios2eds/bin/gnu/h-x86_64-mingw32/bin/../lib/gcc/nios2-elf/4.9.1/../../../../../H-x86_64-mingw32/nios2-elf/lib\libc.a(lib_a-findfp.o)
                              c:/altera/15.0/nios2eds/bin/gnu/h-x86_64-mingw32/bin/../lib/gcc/nios2-elf/4.9.1/../../../../../H-x86_64-mingw32/nios2-elf/lib\libc.a(lib_a-fwrite.o) (__sinit)
c:/altera/15.0/nios2eds/bin/gnu/h-x86_64-mingw32/bin/../lib/gcc/nios2-elf/4.9.1/../../../../../H-x86_64-mingw32/nios2-elf/lib\libc.a(lib_a-freer.o)
                              c:/altera/15.0/nios2eds/bin/gnu/h-x86_64-mingw32/bin/../lib/gcc/nios2-elf/4.9.1/../../../../../H-x86_64-mingw32/nios2-elf/lib\libc.a(lib_a-wsetup.o) (_free_r)
c:/altera/15.0/nios2eds/bin/gnu/h-x86_64-mingw32/bin/../lib/gcc/nios2-elf/4.9.1/../../../../../H-x86_64-mingw32/nios2-elf/lib\libc.a(lib_a-fvwrite.o)
                              c:/altera/15.0/nios2eds/bin/gnu/h-x86_64-mingw32/bin/../lib/gcc/nios2-elf/4.9.1/../../../../../H-x86_64-mingw32/nios2-elf/lib\libc.a(lib_a-fwrite.o) (__sfvwrite_r)
c:/altera/15.0/nios2eds/bin/gnu/h-x86_64-mingw32/bin/../lib/gcc/nios2-elf/4.9.1/../../../../../H-x86_64-mingw32/nios2-elf/lib\libc.a(lib_a-fwalk.o)
[...]
Memory Configuration

Name             Origin             Length             Attributes
reset            0x0000000000800000 0x0000000000000020
ext_flash_ctl    0x0000000000800020 0x00000000007fffe0
ext_ram_ctl_BEFORE_EXCEPTION 0x0000000001200000 0x0000000000000020
ext_ram_ctl      0x0000000001200020 0x00000000001fffe0
instruction_tcm  0x0000000002000000 0x0000000000004000
*default*        0x0000000000000000 0xffffffffffffffff

Linker script and memory map

LOAD D:\Altera\IU3-17M\Gutnikov\embsw\nios_II_lab_1\SysBuild\CodeGenerated\DE2_115\Lab1_POVS\software\ucosii_tutorial_bsp/obj/HAL/src/crt0.o
LOAD obj/default/alt_ucosii_simple_error_check.o
LOAD obj/default/ucosii_tutorial.o
LOAD c:/altera/15.0/nios2eds/bin/gnu/h-x86_64-mingw32/bin/../lib/gcc/nios2-elf/4.9.1/../../../../../H-x86_64-mingw32/nios2-elf/lib\libstdc++.a
LOAD c:/altera/15.0/nios2eds/bin/gnu/h-x86_64-mingw32/bin/../lib/gcc/nios2-elf/4.9.1/../../../../../H-x86_64-mingw32/nios2-elf/lib\libm.a
LOAD c:/altera/15.0/nios2eds/bin/gnu/h-x86_64-mingw32/bin/../lib/gcc/nios2-elf/4.9.1\libgcc.a
START GROUP
LOAD c:/altera/15.0/nios2eds/bin/gnu/h-x86_64-mingw32/bin/../lib/gcc/nios2-elf/4.9.1/../../../../../H-x86_64-mingw32/nios2-elf/lib\libc.a
LOAD c:/altera/15.0/nios2eds/bin/gnu/h-x86_64-mingw32/bin/../lib/gcc/nios2-elf/4.9.1\libgcc.a
LOAD D:\Altera\IU3-17M\Gutnikov\embsw\nios_II_lab_1\SysBuild\CodeGenerated\DE2_115\Lab1_POVS\software\ucosii_tutorial_bsp\libucosii_bsp.a
LOAD c:/altera/15.0/nios2eds/bin/gnu/h-x86_64-mingw32/bin/../lib/gcc/nios2-elf/4.9.1/../../../../../H-x86_64-mingw32/nios2-elf/lib\libm.a
END GROUP
LOAD c:/altera/15.0/nios2eds/bin/gnu/h-x86_64-mingw32/bin/../lib/gcc/nios2-elf/4.9.1\libgcc.a
                0x0000000000800000                __alt_mem_ext_flash_ctl = 0x800000
                0x0000000001200000                __alt_mem_ext_ram_ctl = 0x1200000
                0x0000000002000000                __alt_mem_instruction_tcm = 0x2000000

.entry          0x0000000000800000        0x0
 *(.entry)
 .entry         0x0000000000800000        0x0 D:\Altera\IU3-17M\Gutnikov\embsw\nios_II_lab_1\SysBuild\CodeGenerated\DE2_115\Lab1_POVS\software\ucosii_tutorial_bsp/obj/HAL/src/crt0.o
                0x0000000000800000                __reset

.exceptions     0x0000000001200020      0x220
                0x0000000001200020                PROVIDE (__ram_exceptions_start, ABSOLUTE (.))
                0x0000000001200020                . = ALIGN (0x20)
 *(.irq)
 *(.exceptions.entry.label)
 .exceptions.entry.label
                0x0000000001200020        0x0 D:\Altera\IU3-17M\Gutnikov\embsw\nios_II_lab_1\SysBuild\CodeGenerated\DE2_115\Lab1_POVS\software\ucosii_tutorial_bsp\libucosii_bsp.a(alt_irq_entry.o)
                0x0000000001200020                alt_irq_entry
 .exceptions.entry.label
                0x0000000001200020        0x0 D:\Altera\IU3-17M\Gutnikov\embsw\nios_II_lab_1\SysBuild\CodeGenerated\DE2_115\Lab1_POVS\software\ucosii_tutorial_bsp\libucosii_bsp.a(alt_exception_entry.o)
                0x0000000001200020                alt_exception
 *(.exceptions.entry.user)
 *(.exceptions.entry.ecc_fatal)
 *(.exceptions.entry)
 .exceptions.entry
                0x0000000001200020       0x54 D:\Altera\IU3-17M\Gutnikov\embsw\nios_II_lab_1\SysBuild\CodeGenerated\DE2_115\Lab1_POVS\software\ucosii_tutorial_bsp\libucosii_bsp.a(alt_exception_entry.o)
 *(.exceptions.irqtest.user)
 *(.exceptions.irqtest)
 .exceptions.irqtest
                0x0000000001200074       0x10 D:\Altera\IU3-17M\Gutnikov\embsw\nios_II_lab_1\SysBuild\CodeGenerated\DE2_115\Lab1_POVS\software\ucosii_tutorial_bsp\libucosii_bsp.a(alt_irq_entry.o)
 *(.exceptions.irqhandler.user)
 *(.exceptions.irqhandler)
 .exceptions.irqhandler
                0x0000000001200084        0x4 D:\Altera\IU3-17M\Gutnikov\embsw\nios_II_lab_1\SysBuild\CodeGenerated\DE2_115\Lab1_POVS\software\ucosii_tutorial_bsp\libucosii_bsp.a(alt_irq_entry.o)
 *(.exceptions.irqreturn.user)
 *(.exceptions.irqreturn)
 .exceptions.irqreturn
                0x0000000001200088        0x4 D:\Altera\IU3-17M\Gutnikov\embsw\nios_II_lab_1\SysBuild\CodeGenerated\DE2_115\Lab1_POVS\software\ucosii_tutorial_bsp\libucosii_bsp.a(alt_irq_entry.o)
 *(.exceptions.notirq.label)
 .exceptions.notirq.label
                0x000000000120008c        0x0 D:\Altera\IU3-17M\Gutnikov\embsw\nios_II_lab_1\SysBuild\CodeGenerated\DE2_115\Lab1_POVS\software\ucosii_tutorial_bsp\libucosii_bsp.a(alt_irq_entry.o)
 *(.exceptions.notirq.user)
 *(.exceptions.notirq)
 .exceptions.notirq
                0x000000000120008c        0x8 D:\Altera\IU3-17M\Gutnikov\embsw\nios_II_lab_1\SysBuild\CodeGenerated\DE2_115\Lab1_POVS\software\ucosii_tutorial_bsp\libucosii_bsp.a(alt_exception_entry.o)
 *(.exceptions.soft.user)
 *(.exceptions.soft)
 *(.exceptions.unknown.user)
 *(.exceptions.unknown)
 .exceptions.unknown
                0x0000000001200094       0x14 D:\Altera\IU3-17M\Gutnikov\embsw\nios_II_lab_1\SysBuild\CodeGenerated\DE2_115\Lab1_POVS\software\ucosii_tutorial_bsp\libucosii_bsp.a(alt_exception_entry.o)
 *(.exceptions.exit.label)
 .exceptions.exit.label
                0x00000000012000a8        0x0 D:\Altera\IU3-17M\Gutnikov\embsw\nios_II_lab_1\SysBuild\CodeGenerated\DE2_115\Lab1_POVS\software\ucosii_tutorial_bsp\libucosii_bsp.a(alt_irq_entry.o)
 .exceptions.exit.label
                0x00000000012000a8        0x0 D:\Altera\IU3-17M\Gutnikov\embsw\nios_II_lab_1\SysBuild\CodeGenerated\DE2_115\Lab1_POVS\software\ucosii_tutorial_bsp\libucosii_bsp.a(alt_exception_entry.o)
 *(.exceptions.exit.user)
 *(.exceptions.exit)
 .exceptions.exit
                0x00000000012000a8       0x54 D:\Altera\IU3-17M\Gutnikov\embsw\nios_II_lab_1\SysBuild\CodeGenerated\DE2_115\Lab1_POVS\software\ucosii_tutorial_bsp\libucosii_bsp.a(alt_exception_entry.o)
 *(.exceptions)
 .exceptions    0x00000000012000fc       0xd0 D:\Altera\IU3-17M\Gutnikov\embsw\nios_II_lab_1\SysBuild\CodeGenerated\DE2_115\Lab1_POVS\software\ucosii_tutorial_bsp\libucosii_bsp.a(alt_irq_handler.o)
                0x00000000012000fc                alt_irq_handler
 .exceptions    0x00000000012001cc       0x74 D:\Altera\IU3-17M\Gutnikov\embsw\nios_II_lab_1\SysBuild\CodeGenerated\DE2_115\Lab1_POVS\software\ucosii_tutorial_bsp\libucosii_bsp.a(alt_instruction_exception_entry.o)
                0x00000000012001cc                alt_instruction_exception_entry
                0x0000000001200240                PROVIDE (__ram_exceptions_end, ABSOLUTE (.))
                0x0000000001200020                PROVIDE (__flash_exceptions_start, LOADADDR (.exceptions))

.text           0x0000000001200240    0x1bc54
                0x0000000001200240                PROVIDE (stext, ABSOLUTE (.))
 *(.interp)
 *(.hash)
 *(.dynsym)
 *(.dynstr)
 *(.gnu.version)
 *(.gnu.version_d)
 *(.gnu.version_r)
 *(.rel.init)
 *(.rela.init)
 *(.rel.text .rel.text.* .rel.gnu.linkonce.t.*)
 *(.rela.text .rela.text.* .rela.gnu.linkonce.t.*)
 *(.rel.fini)
 *(.rela.fini)
 *(.rel.rodata .rel.rodata.* .rel.gnu.linkonce.r.*)
 *(.rela.rodata .rela.rodata.* .rela.gnu.linkonce.r.*)
 *(.rel.data .rel.data.* .rel.gnu.linkonce.d.*)
 *(.rela.data .rela.data.* .rela.gnu.linkonce.d.*)
 *(.rel.tdata .rel.tdata.* .rel.gnu.linkonce.td.*)
 *(.rela.tdata .rela.tdata.* .rela.gnu.linkonce.td.*)
 *(.rel.tbss .rel.tbss.* .rel.gnu.linkonce.tb.*)
 *(.rela.tbss .rela.tbss.* .rela.gnu.linkonce.tb.*)
 *(.rel.ctors)
 *(.rela.ctors)
 *(.rel.dtors)
 *(.rela.dtors)
 *(.rel.got)
 *(.rela.got)
 *(.rel.sdata .rel.sdata.* .rel.gnu.linkonce.s.*)
 *(.rela.sdata .rela.sdata.* .rela.gnu.linkonce.s.*)
 *(.rel.sbss .rel.sbss.* .rel.gnu.linkonce.sb.*)
 *(.rela.sbss .rela.sbss.* .rela.gnu.linkonce.sb.*)
 *(.rel.sdata2 .rel.sdata2.* .rel.gnu.linkonce.s2.*)
 *(.rela.sdata2 .rela.sdata2.* .rela.gnu.linkonce.s2.*)
 *(.rel.sbss2 .rel.sbss2.* .rel.gnu.linkonce.sb2.*)
 *(.rela.sbss2 .rela.sbss2.* .rela.gnu.linkonce.sb2.*)
 *(.rel.bss .rel.bss.* .rel.gnu.linkonce.b.*)
 *(.rela.bss .rela.bss.* .rela.gnu.linkonce.b.*)
 *(.rel.plt)
 *(.rela.plt)
 *(.rel.dyn)
 *(.init)
 *(.plt)
 *(.text .stub .text.* .gnu.linkonce.t.*)
 .text          0x0000000001200240       0x48 D:\Altera\IU3-17M\Gutnikov\embsw\nios_II_lab_1\SysBuild\CodeGenerated\DE2_115\Lab1_POVS\software\ucosii_tutorial_bsp/obj/HAL/src/crt0.o
                0x0000000001200240                _start
 .text          0x0000000001200288      0x530 obj/default/alt_ucosii_simple_error_check.o
                0x0000000001200288                alt_ucosii_check_return_code
                0x00000000012002d0                alt_ucosii_simple_error_handler
 .text          0x00000000012007b8      0x678 obj/default/ucosii_tutorial.o
                0x00000000012007b8                TimerISRFnct
                0x00000000012007f0                isr_button
                0x0000000001200844                get_sem_task2
                0x00000000012008f4                send_task
                0x0000000001200990                receive_task1
                0x0000000001200aec                receive_task2
                0x0000000001200c3c                initialize_task
                0x0000000001200c78                main
                0x0000000001200d0c                initOSDataStructs
                0x0000000001200d54                initCreateTasks
 .text          0x0000000001200e30       0x38 c:/altera/15.0/nios2eds/bin/gnu/h-x86_64-mingw32/bin/../lib/gcc/nios2-elf/4.9.1/../../../../../H-x86_64-mingw32/nios2-elf/lib\libc.a(lib_a-exit.o)
                0x0000000001200e30                exit
 .text          0x0000000001200e68       0x4c c:/altera/15.0/nios2eds/bin/gnu/h-x86_64-mingw32/bin/../lib/gcc/nios2-elf/4.9.1/../../../../../H-x86_64-mingw32/nios2-elf/lib\libc.a(lib_a-fprintf.o)
                0x0000000001200e68                _fprintf_r
                0x0000000001200e90                fprintf
 .text          0x0000000001200eb4      0x10c c:/altera/15.0/nios2eds/bin/gnu/h-x86_64-mingw32/bin/../lib/gcc/nios2-elf/4.9.1/../../../../../H-x86_64-mingw32/nios2-elf/lib\libc.a(lib_a-fwrite.o)
                0x0000000001200eb4                _fwrite_r
                0x0000000001200f80                fwrite
 .text          0x0000000001200fc0        0x0 c:/altera/15.0/nios2eds/bin/gnu/h-x86_64-mingw32/bin/../lib/gcc/nios2-elf/4.9.1/../../../../../H-x86_64-mingw32/nios2-elf/lib\libc.a(lib_a-impure.o)
 .text          0x0000000001200fc0       0x68 c:/altera/15.0/nios2eds/bin/gnu/h-x86_64-mingw32/bin/../lib/gcc/nios2-elf/4.9.1/../../../../../H-x86_64-mingw32/nios2-elf/lib\libc.a(lib_a-printf.o)
                0x0000000001200fc0                _printf_r
                0x0000000001200fec                printf
 .text          0x0000000001201028       0xcc c:/altera/15.0/nios2eds/bin/gnu/h-x86_64-mingw32/bin/../lib/gcc/nios2-elf/4.9.1/../../../../../H-x86_64-mingw32/nios2-elf/lib\libc.a(lib_a-puts.o)
                0x0000000001201028                _puts_r
                0x00000000012010e0                puts
 .text          0x00000000012010f4       0x98 c:/altera/15.0/nios2eds/bin/gnu/h-x86_64-mingw32/bin/../lib/gcc/nios2-elf/4.9.1/../../../../../H-x86_64-mingw32/nios2-elf/lib\libc.a(lib_a-strlen.o)
                0x00000000012010f4                strlen
 .text          0x000000000120118c     0x2020 c:/altera/15.0/nios2eds/bin/gnu/h-x86_64-mingw32/bin/../lib/gcc/nios2-elf/4.9.1/../../../../../H-x86_64-mingw32/nios2-elf/lib\libc.a(lib_a-vfprintf.o)
                0x000000000120118c                ___vfprintf_internal_r
                0x0000000001203188                __vfprintf_internal
 .text          0x00000000012031ac      0x130 c:/altera/15.0/nios2eds/bin/gnu/h-x86_64-mingw32/bin/../lib/gcc/nios2-elf/4.9.1/../../../../../H-x86_64-mingw32/nios2-elf/lib\libc.a(lib_a-wsetup.o)
                0x00000000012031ac                __swsetup_r
 .text          0x00000000012032dc      0x194 c:/altera/15.0/nios2eds/bin/gnu/h-x86_64-mingw32/bin/../lib/gcc/nios2-elf/4.9.1/../../../../../H-x86_64-mingw32/nios2-elf/lib\libc.a(lib_a-__call_atexit.o)
                0x00000000012032dc                __call_exitprocs
 .text          0x0000000001203470     0x1928 c:/altera/15.0/nios2eds/bin/gnu/h-x86_64-mingw32/bin/../lib/gcc/nios2-elf/4.9.1/../../../../../H-x86_64-mingw32/nios2-elf/lib\libc.a(lib_a-dtoa.o)
                0x0000000001203670                _dtoa_r
 .text          0x0000000001204d98      0x258 c:/altera/15.0/nios2eds/bin/gnu/h-x86_64-mingw32/bin/../lib/gcc/nios2-elf/4.9.1/../../../../../H-x86_64-mingw32/nios2-elf/lib\libc.a(lib_a-fflush.o)
                0x0000000001204d98                _fflush_r
                0x0000000001204fc0                fflush
 .text          0x0000000001204ff0      0x3a0 c:/altera/15.0/nios2eds/bin/gnu/h-x86_64-mingw32/bin/../lib/gcc/nios2-elf/4.9.1/../../../../../H-x86_64-mingw32/nios2-elf/lib\libc.a(lib_a-findfp.o)
                0x0000000001205000                _cleanup_r
                0x00000000012051ac                __sfmoreglue
                0x0000000001205210                __sfp
                0x0000000001205328                _cleanup
                0x0000000001205340                __sinit
                0x0000000001205350                __sfp_lock_acquire
                0x0000000001205354                __sfp_lock_release
                0x0000000001205358                __sinit_lock_acquire
                0x000000000120535c                __sinit_lock_release
                0x0000000001205360                __fp_lock_all
                0x0000000001205378                __fp_unlock_all
 .text          0x0000000001205390      0x414 c:/altera/15.0/nios2eds/bin/gnu/h-x86_64-mingw32/bin/../lib/gcc/nios2-elf/4.9.1/../../../../../H-x86_64-mingw32/nios2-elf/lib\libc.a(lib_a-freer.o)
                0x0000000001205390                _malloc_trim_r
                0x00000000012054b4                _free_r
 .text          0x00000000012057a4      0x4a4 c:/altera/15.0/nios2eds/bin/gnu/h-x86_64-mingw32/bin/../lib/gcc/nios2-elf/4.9.1/../../../../../H-x86_64-mingw32/nios2-elf/lib\libc.a(lib_a-fvwrite.o)
                0x00000000012057a4                __sfvwrite_r
 .text          0x0000000001205c48      0x170 c:/altera/15.0/nios2eds/bin/gnu/h-x86_64-mingw32/bin/../lib/gcc/nios2-elf/4.9.1/../../../../../H-x86_64-mingw32/nios2-elf/lib\libc.a(lib_a-fwalk.o)
                0x0000000001205c48                _fwalk
                0x0000000001205d00                _fwalk_reent
 .text          0x0000000001205db8       0xe0 c:/altera/15.0/nios2eds/bin/gnu/h-x86_64-mingw32/bin/../lib/gcc/nios2-elf/4.9.1/../../../../../H-x86_64-mingw32/nios2-elf/lib\libc.a(lib_a-locale.o)
                0x0000000001205db8                _setlocale_r
                0x0000000001205e34                __locale_charset
                0x0000000001205e40                __locale_mb_cur_max
                0x0000000001205e50                __locale_msgcharset
                0x0000000001205e5c                __locale_cjk_lang
                0x0000000001205e64                _localeconv_r
                0x0000000001205e70                setlocale
                0x0000000001205e8c                localeconv
 .text          0x0000000001205e98      0x1b8 c:/altera/15.0/nios2eds/bin/gnu/h-x86_64-mingw32/bin/../lib/gcc/nios2-elf/4.9.1/../../../../../H-x86_64-mingw32/nios2-elf/lib\libc.a(lib_a-makebuf.o)
                0x0000000001205e98                __smakebuf_r
 .text          0x0000000001206050      0x7a8 c:/altera/15.0/nios2eds/bin/gnu/h-x86_64-mingw32/bin/../lib/gcc/nios2-elf/4.9.1/../../../../../H-x86_64-mingw32/nios2-elf/lib\libc.a(lib_a-mallocr.o)
                0x0000000001206050                _malloc_r
 .text          0x00000000012067f8       0xe8 c:/altera/15.0/nios2eds/bin/gnu/h-x86_64-mingw32/bin/../lib/gcc/nios2-elf/4.9.1/../../../../../H-x86_64-mingw32/nios2-elf/lib\libc.a(lib_a-memchr.o)
                0x00000000012067f8                memchr
 .text          0x00000000012068e0      0x138 c:/altera/15.0/nios2eds/bin/gnu/h-x86_64-mingw32/bin/../lib/gcc/nios2-elf/4.9.1/../../../../../H-x86_64-mingw32/nios2-elf/lib\libc.a(lib_a-memcpy.o)
                0x00000000012068e0                memcpy
 .text          0x0000000001206a18      0x15c c:/altera/15.0/nios2eds/bin/gnu/h-x86_64-mingw32/bin/../lib/gcc/nios2-elf/4.9.1/../../../../../H-x86_64-mingw32/nios2-elf/lib\libc.a(lib_a-memmove.o)
                0x0000000001206a18                memmove
 .text          0x0000000001206b74      0x124 c:/altera/15.0/nios2eds/bin/gnu/h-x86_64-mingw32/bin/../lib/gcc/nios2-elf/4.9.1/../../../../../H-x86_64-mingw32/nios2-elf/lib\libc.a(lib_a-memset.o)
                0x0000000001206b74                memset
 .text          0x0000000001206c98      0xf8c c:/altera/15.0/nios2eds/bin/gnu/h-x86_64-mingw32/bin/../lib/gcc/nios2-elf/4.9.1/../../../../../H-x86_64-mingw32/nios2-elf/lib\libc.a(lib_a-mprec.o)
                0x0000000001206c98                _Balloc
                0x0000000001206d40                _Bfree
                0x0000000001206d68                __multadd
                0x0000000001206e7c                __s2b
                0x0000000001206f80                __hi0bits
                0x0000000001206fe8                __lo0bits
                0x0000000001207098                __i2b
                0x00000000012070d4                __multiply
                0x00000000012072d0                __pow5mult
                0x0000000001207410                __lshift
                0x0000000001207558                __mcmp
                0x00000000012075b8                __mdiff
                0x0000000001207750                __ulp
                0x00000000012077b0                __b2d
                0x00000000012078cc                __d2b
                0x0000000001207a08                __ratio
                0x0000000001207aac                _mprec_log10
                0x0000000001207b20                __copybits
                0x0000000001207b98                __any_on
 .text          0x0000000001207c24      0x5a0 c:/altera/15.0/nios2eds/bin/gnu/h-x86_64-mingw32/bin/../lib/gcc/nios2-elf/4.9.1/../../../../../H-x86_64-mingw32/nios2-elf/lib\libc.a(lib_a-reallocr.o)
                0x0000000001207c24                _realloc_r
 .text          0x00000000012081c4       0x74 c:/altera/15.0/nios2eds/bin/gnu/h-x86_64-mingw32/bin/../lib/gcc/nios2-elf/4.9.1/../../../../../H-x86_64-mingw32/nios2-elf/lib\libc.a(lib_a-s_fpclassify.o)
                0x00000000012081c4                __fpclassifyd
 .text          0x0000000001208238       0x54 c:/altera/15.0/nios2eds/bin/gnu/h-x86_64-mingw32/bin/../lib/gcc/nios2-elf/4.9.1/../../../../../H-x86_64-mingw32/nios2-elf/lib\libc.a(lib_a-sbrkr.o)
                0x0000000001208238                _sbrk_r
 .text          0x000000000120828c      0x13c c:/altera/15.0/nios2eds/bin/gnu/h-x86_64-mingw32/bin/../lib/gcc/nios2-elf/4.9.1/../../../../../H-x86_64-mingw32/nios2-elf/lib\libc.a(lib_a-stdio.o)
                0x000000000120828c                __sread
                0x00000000012082e0                __seofread
                0x00000000012082e8                __swrite
                0x0000000001208364                __sseek
                0x00000000012083c0                __sclose
 .text          0x00000000012083c8       0xa4 c:/altera/15.0/nios2eds/bin/gnu/h-x86_64-mingw32/bin/../lib/gcc/nios2-elf/4.9.1/../../../../../H-x86_64-mingw32/nios2-elf/lib\libc.a(lib_a-strcmp.o)
                0x00000000012083c8                strcmp
 .text          0x000000000120846c     0x1494 c:/altera/15.0/nios2eds/bin/gnu/h-x86_64-mingw32/bin/../lib/gcc/nios2-elf/4.9.1/../../../../../H-x86_64-mingw32/nios2-elf/lib\libc.a(lib_a-vfiprintf.o)
                0x0000000001208568                __sprint_r
                0x0000000001208580                ___vfiprintf_internal_r
                0x00000000012098dc                __vfiprintf_internal
 .text          0x0000000001209900       0x5c c:/altera/15.0/nios2eds/bin/gnu/h-x86_64-mingw32/bin/../lib/gcc/nios2-elf/4.9.1/../../../../../H-x86_64-mingw32/nios2-elf/lib\libc.a(lib_a-writer.o)
                0x0000000001209900                _write_r
 .text          0x000000000120995c       0x54 c:/altera/15.0/nios2eds/bin/gnu/h-x86_64-mingw32/bin/../lib/gcc/nios2-elf/4.9.1/../../../../../H-x86_64-mingw32/nios2-elf/lib\libc.a(closer.o)
                0x000000000120995c                _close_r
 .text          0x00000000012099b0       0xc4 c:/altera/15.0/nios2eds/bin/gnu/h-x86_64-mingw32/bin/../lib/gcc/nios2-elf/4.9.1/../../../../../H-x86_64-mingw32/nios2-elf/lib\libc.a(lib_a-callocr.o)
                0x00000000012099b0                _calloc_r
 .text          0x0000000001209a74      0x114 c:/altera/15.0/nios2eds/bin/gnu/h-x86_64-mingw32/bin/../lib/gcc/nios2-elf/4.9.1/../../../../../H-x86_64-mingw32/nios2-elf/lib\libc.a(lib_a-fclose.o)
                0x0000000001209a74                _fclose_r
                0x0000000001209b74                fclose
 .text          0x0000000001209b88      0x1dc c:/altera/15.0/nios2eds/bin/gnu/h-x86_64-mingw32/bin/../lib/gcc/nios2-elf/4.9.1/../../../../../H-x86_64-mingw32/nios2-elf/lib\libc.a(lib_a-fputwc.o)
                0x0000000001209b88                _fputwc_r
                0x0000000001209d0c                fputwc
 .text          0x0000000001209d64       0x58 c:/altera/15.0/nios2eds/bin/gnu/h-x86_64-mingw32/bin/../lib/gcc/nios2-elf/4.9.1/../../../../../H-x86_64-mingw32/nios2-elf/lib\libc.a(lib_a-fstatr.o)
                0x0000000001209d64                _fstat_r
 .text          0x0000000001209dbc        0x0 c:/altera/15.0/nios2eds/bin/gnu/h-x86_64-mingw32/bin/../lib/gcc/nios2-elf/4.9.1/../../../../../H-x86_64-mingw32/nios2-elf/lib\libc.a(lib_a-int_errno.o)
 .text          0x0000000001209dbc       0x54 c:/altera/15.0/nios2eds/bin/gnu/h-x86_64-mingw32/bin/../lib/gcc/nios2-elf/4.9.1/../../../../../H-x86_64-mingw32/nios2-elf/lib\libc.a(lib_a-isattyr.o)
                0x0000000001209dbc                _isatty_r
 .text          0x0000000001209e10       0x5c c:/altera/15.0/nios2eds/bin/gnu/h-x86_64-mingw32/bin/../lib/gcc/nios2-elf/4.9.1/../../../../../H-x86_64-mingw32/nios2-elf/lib\libc.a(lib_a-lseekr.o)
                0x0000000001209e10                _lseek_r
 .text          0x0000000001209e6c       0x5c c:/altera/15.0/nios2eds/bin/gnu/h-x86_64-mingw32/bin/../lib/gcc/nios2-elf/4.9.1/../../../../../H-x86_64-mingw32/nios2-elf/lib\libc.a(lib_a-readr.o)
                0x0000000001209e6c                _read_r
 .text          0x0000000001209ec8      0x170 c:/altera/15.0/nios2eds/bin/gnu/h-x86_64-mingw32/bin/../lib/gcc/nios2-elf/4.9.1/../../../../../H-x86_64-mingw32/nios2-elf/lib\libc.a(lib_a-wbuf.o)
                0x0000000001209ec8                __swbuf_r
                0x000000000120a01c                __swbuf
 .text          0x000000000120a038      0x174 c:/altera/15.0/nios2eds/bin/gnu/h-x86_64-mingw32/bin/../lib/gcc/nios2-elf/4.9.1/../../../../../H-x86_64-mingw32/nios2-elf/lib\libc.a(lib_a-wcrtomb.o)
                0x000000000120a038                _wcrtomb_r
                0x000000000120a0d4                wcrtomb
 .text          0x000000000120a1ac       0x8c c:/altera/15.0/nios2eds/bin/gnu/h-x86_64-mingw32/bin/../lib/gcc/nios2-elf/4.9.1/../../../../../H-x86_64-mingw32/nios2-elf/lib\libc.a(lib_a-wctomb_r.o)
                0x000000000120a1ac                __ascii_wctomb
                0x000000000120a1dc                _wctomb_r
 .text          0x000000000120a238      0x5c0 c:/altera/15.0/nios2eds/bin/gnu/h-x86_64-mingw32/bin/../lib/gcc/nios2-elf/4.9.1\libgcc.a(_udivdi3.o)
                0x000000000120a238                __udivdi3
 .text          0x000000000120a7f8      0x590 c:/altera/15.0/nios2eds/bin/gnu/h-x86_64-mingw32/bin/../lib/gcc/nios2-elf/4.9.1\libgcc.a(_umoddi3.o)
                0x000000000120a7f8                __umoddi3
 .text          0x000000000120ad88      0x12c c:/altera/15.0/nios2eds/bin/gnu/h-x86_64-mingw32/bin/../lib/gcc/nios2-elf/4.9.1\libgcc.a(lib2-divmod.o)
                0x000000000120adf4                __divsi3
                0x000000000120ae48                __modsi3
                0x000000000120aea4                __udivsi3
                0x000000000120aeac                __umodsi3
 .text          0x000000000120aeb4      0x89c c:/altera/15.0/nios2eds/bin/gnu/h-x86_64-mingw32/bin/../lib/gcc/nios2-elf/4.9.1\libgcc.a(adddf3.o)
                0x000000000120aeb4                __adddf3
 .text          0x000000000120b750      0x8cc c:/altera/15.0/nios2eds/bin/gnu/h-x86_64-mingw32/bin/../lib/gcc/nios2-elf/4.9.1\libgcc.a(divdf3.o)
                0x000000000120b750                __divdf3
 .text          0x000000000120c01c       0x84 c:/altera/15.0/nios2eds/bin/gnu/h-x86_64-mingw32/bin/../lib/gcc/nios2-elf/4.9.1\libgcc.a(eqdf2.o)
                0x000000000120c01c                __nedf2
                0x000000000120c01c                __eqdf2
 .text          0x000000000120c0a0       0xe0 c:/altera/15.0/nios2eds/bin/gnu/h-x86_64-mingw32/bin/../lib/gcc/nios2-elf/4.9.1\libgcc.a(gedf2.o)
                0x000000000120c0a0                __gedf2
                0x000000000120c0a0                __gtdf2
 .text          0x000000000120c180       0xe0 c:/altera/15.0/nios2eds/bin/gnu/h-x86_64-mingw32/bin/../lib/gcc/nios2-elf/4.9.1\libgcc.a(ledf2.o)
                0x000000000120c180                __ledf2
                0x000000000120c180                __ltdf2
 .text          0x000000000120c260      0x724 c:/altera/15.0/nios2eds/bin/gnu/h-x86_64-mingw32/bin/../lib/gcc/nios2-elf/4.9.1\libgcc.a(muldf3.o)
                0x000000000120c260                __muldf3
 .text          0x000000000120c984      0x8d0 c:/altera/15.0/nios2eds/bin/gnu/h-x86_64-mingw32/bin/../lib/gcc/nios2-elf/4.9.1\libgcc.a(subdf3.o)
                0x000000000120c984                __subdf3
 .text          0x000000000120d254       0x88 c:/altera/15.0/nios2eds/bin/gnu/h-x86_64-mingw32/bin/../lib/gcc/nios2-elf/4.9.1\libgcc.a(fixdfsi.o)
                0x000000000120d254                __fixdfsi
 .text          0x000000000120d2dc       0xd0 c:/altera/15.0/nios2eds/bin/gnu/h-x86_64-mingw32/bin/../lib/gcc/nios2-elf/4.9.1\libgcc.a(floatsidf.o)
                0x000000000120d2dc                __floatsidf
 .text          0x000000000120d3ac       0xa4 c:/altera/15.0/nios2eds/bin/gnu/h-x86_64-mingw32/bin/../lib/gcc/nios2-elf/4.9.1\libgcc.a(floatunsidf.o)
                0x000000000120d3ac                __floatunsidf
 .text          0x000000000120d450        0x0 c:/altera/15.0/nios2eds/bin/gnu/h-x86_64-mingw32/bin/../lib/gcc/nios2-elf/4.9.1\libgcc.a(_clz.o)
 .text          0x000000000120d450       0x64 c:/altera/15.0/nios2eds/bin/gnu/h-x86_64-mingw32/bin/../lib/gcc/nios2-elf/4.9.1\libgcc.a(_clzsi2.o)
                0x000000000120d450                __clzsi2
 .text          0x000000000120d4b4      0x120 D:\Altera\IU3-17M\Gutnikov\embsw\nios_II_lab_1\SysBuild\CodeGenerated\DE2_115\Lab1_POVS\software\ucosii_tutorial_bsp\libucosii_bsp.a(alt_close.o)
                0x000000000120d504                close
 .text          0x000000000120d5d4       0x2c D:\Altera\IU3-17M\Gutnikov\embsw\nios_II_lab_1\SysBuild\CodeGenerated\DE2_115\Lab1_POVS\software\ucosii_tutorial_bsp\libucosii_bsp.a(alt_dev.o)
 .text          0x000000000120d600        0x0 D:\Altera\IU3-17M\Gutnikov\embsw\nios_II_lab_1\SysBuild\CodeGenerated\DE2_115\Lab1_POVS\software\ucosii_tutorial_bsp\libucosii_bsp.a(alt_errno.o)
 .text          0x000000000120d600       0x3c D:\Altera\IU3-17M\Gutnikov\embsw\nios_II_lab_1\SysBuild\CodeGenerated\DE2_115\Lab1_POVS\software\ucosii_tutorial_bsp\libucosii_bsp.a(alt_exit.o)
                0x000000000120d600                _exit
 .text          0x000000000120d63c      0x100 D:\Altera\IU3-17M\Gutnikov\embsw\nios_II_lab_1\SysBuild\CodeGenerated\DE2_115\Lab1_POVS\software\ucosii_tutorial_bsp\libucosii_bsp.a(alt_fstat.o)
                0x000000000120d68c                fstat
 .text          0x000000000120d73c      0x1b0 D:\Altera\IU3-17M\Gutnikov\embsw\nios_II_lab_1\SysBuild\CodeGenerated\DE2_115\Lab1_POVS\software\ucosii_tutorial_bsp\libucosii_bsp.a(alt_irq_register.o)
                0x000000000120d73c                alt_irq_register
 .text          0x000000000120d8ec        0x0 D:\Altera\IU3-17M\Gutnikov\embsw\nios_II_lab_1\SysBuild\CodeGenerated\DE2_115\Lab1_POVS\software\ucosii_tutorial_bsp\libucosii_bsp.a(alt_irq_vars.o)
 .text          0x000000000120d8ec       0xf4 D:\Altera\IU3-17M\Gutnikov\embsw\nios_II_lab_1\SysBuild\CodeGenerated\DE2_115\Lab1_POVS\software\ucosii_tutorial_bsp\libucosii_bsp.a(alt_isatty.o)
                0x000000000120d93c                isatty
 .text          0x000000000120d9e0      0x124 D:\Altera\IU3-17M\Gutnikov\embsw\nios_II_lab_1\SysBuild\CodeGenerated\DE2_115\Lab1_POVS\software\ucosii_tutorial_bsp\libucosii_bsp.a(alt_lseek.o)
                0x000000000120da30                lseek
 .text          0x000000000120db04       0xd4 D:\Altera\IU3-17M\Gutnikov\embsw\nios_II_lab_1\SysBuild\CodeGenerated\DE2_115\Lab1_POVS\software\ucosii_tutorial_bsp\libucosii_bsp.a(alt_main.o)
                0x000000000120db04                alt_main
 .text          0x000000000120dbd8      0x14c D:\Altera\IU3-17M\Gutnikov\embsw\nios_II_lab_1\SysBuild\CodeGenerated\DE2_115\Lab1_POVS\software\ucosii_tutorial_bsp\libucosii_bsp.a(alt_read.o)
                0x000000000120dc28                read
 .text          0x000000000120dd24       0x60 D:\Altera\IU3-17M\Gutnikov\embsw\nios_II_lab_1\SysBuild\CodeGenerated\DE2_115\Lab1_POVS\software\ucosii_tutorial_bsp\libucosii_bsp.a(alt_release_fd.o)
                0x000000000120dd24                alt_release_fd
 .text          0x000000000120dd84       0xb0 D:\Altera\IU3-17M\Gutnikov\embsw\nios_II_lab_1\SysBuild\CodeGenerated\DE2_115\Lab1_POVS\software\ucosii_tutorial_bsp\libucosii_bsp.a(alt_sbrk.o)
                0x000000000120dd84                sbrk
 .text          0x000000000120de34      0x148 D:\Altera\IU3-17M\Gutnikov\embsw\nios_II_lab_1\SysBuild\CodeGenerated\DE2_115\Lab1_POVS\software\ucosii_tutorial_bsp\libucosii_bsp.a(alt_write.o)
                0x000000000120de84                write
 .text          0x000000000120df7c      0x11c D:\Altera\IU3-17M\Gutnikov\embsw\nios_II_lab_1\SysBuild\CodeGenerated\DE2_115\Lab1_POVS\software\ucosii_tutorial_bsp\libucosii_bsp.a(alt_env_lock.o)
                0x000000000120df7c                __env_lock
                0x000000000120e03c                __env_unlock
 .text          0x000000000120e098      0x1f0 D:\Altera\IU3-17M\Gutnikov\embsw\nios_II_lab_1\SysBuild\CodeGenerated\DE2_115\Lab1_POVS\software\ucosii_tutorial_bsp\libucosii_bsp.a(alt_malloc_lock.o)
                0x000000000120e098                __malloc_lock
                0x000000000120e1b8                __malloc_unlock
 .text          0x000000000120e288     0x1fe4 D:\Altera\IU3-17M\Gutnikov\embsw\nios_II_lab_1\SysBuild\CodeGenerated\DE2_115\Lab1_POVS\software\ucosii_tutorial_bsp\libucosii_bsp.a(os_core.o)
                0x000000000120e288                OSEventNameGet
                0x000000000120e3a8                OSEventNameSet
                0x000000000120e4e4                OSEventPendMulti
                0x000000000120eaf4                OSInit
                0x000000000120eb4c                OSIntEnter
                0x000000000120ebc8                OSIntExit
                0x000000000120ecbc                OSSchedLock
                0x000000000120ed44                OSSchedUnlock
                0x000000000120ee1c                OSStart
                0x000000000120ee88                OSStatInit
                0x000000000120ef34                OSTimeTick
                0x000000000120f150                OSVersion
                0x000000000120f170                OS_Dummy
                0x000000000120f18c                OS_EventTaskRdy
                0x000000000120f324                OS_EventTaskWait
                0x000000000120f430                OS_EventTaskWaitMulti
                0x000000000120f57c                OS_EventTaskRemove
                0x000000000120f630                OS_EventTaskRemoveMulti
                0x000000000120f72c                OS_EventWaitListInit
                0x000000000120faf0                OS_MemClr
                0x000000000120fb40                OS_MemCopy
                0x000000000120fba4                OS_Sched
                0x000000000120fce0                OS_StrCopy
                0x000000000120fd54                OS_StrLen
                0x000000000120fda8                OS_TaskIdle
                0x000000000120fe04                OS_TaskStat
                0x000000000120fed0                OS_TaskStatStkChk
                0x000000000120ff98                OS_TCBInit
 .text          0x000000000121026c      0x1ec D:\Altera\IU3-17M\Gutnikov\embsw\nios_II_lab_1\SysBuild\CodeGenerated\DE2_115\Lab1_POVS\software\ucosii_tutorial_bsp\libucosii_bsp.a(os_dbg.o)
                0x000000000121026c                OSDebugInit
 .text          0x0000000001210458     0x181c D:\Altera\IU3-17M\Gutnikov\embsw\nios_II_lab_1\SysBuild\CodeGenerated\DE2_115\Lab1_POVS\software\ucosii_tutorial_bsp\libucosii_bsp.a(os_flag.o)
                0x0000000001210458                OSFlagAccept
                0x0000000001210760                OSFlagCreate
                0x0000000001210888                OSFlagDel
                0x0000000001210af8                OSFlagNameGet
                0x0000000001210c28                OSFlagNameSet
                0x0000000001210d78                OSFlagPend
                0x0000000001211368                OSFlagPendGetFlagsRdy
                0x00000000012113d0                OSFlagPost
                0x0000000001211758                OSFlagQuery
                0x00000000012119e0                OS_FlagInit
                0x0000000001211bd4                OS_FlagUnlink
 .text          0x0000000001211c74      0x784 D:\Altera\IU3-17M\Gutnikov\embsw\nios_II_lab_1\SysBuild\CodeGenerated\DE2_115\Lab1_POVS\software\ucosii_tutorial_bsp\libucosii_bsp.a(os_mem.o)
                0x0000000001211c74                OSMemCreate
                0x0000000001211e68                OSMemGet
                0x0000000001211f58                OSMemNameGet
                0x0000000001212050                OSMemNameSet
                0x0000000001212168                OSMemPut
                0x0000000001212240                OSMemQuery
                0x0000000001212328                OS_MemInit
 .text          0x00000000012123f8     0x1210 D:\Altera\IU3-17M\Gutnikov\embsw\nios_II_lab_1\SysBuild\CodeGenerated\DE2_115\Lab1_POVS\software\ucosii_tutorial_bsp\libucosii_bsp.a(os_q.o)
                0x00000000012123f8                OSQAccept
                0x0000000001212538                OSQCreate
                0x0000000001212734                OSQDel
                0x00000000012129fc                OSQFlush
                0x0000000001212ab4                OSQPend
                0x0000000001212db0                OSQPendAbort
                0x0000000001212f1c                OSQPost
                0x0000000001213084                OSQPostFront
                0x00000000012131f4                OSQPostOpt
                0x0000000001213400                OSQQuery
                0x000000000121355c                OS_QInit
 .text          0x0000000001213608      0xb08 D:\Altera\IU3-17M\Gutnikov\embsw\nios_II_lab_1\SysBuild\CodeGenerated\DE2_115\Lab1_POVS\software\ucosii_tutorial_bsp\libucosii_bsp.a(os_sem.o)
                0x0000000001213608                OSSemAccept
                0x00000000012136b8                OSSemCreate
                0x00000000012137b8                OSSemDel
                0x0000000001213a20                OSSemPend
                0x0000000001213c88                OSSemPendAbort
                0x0000000001213df4                OSSemPost
                0x0000000001213f04                OSSemQuery
                0x0000000001214014                OSSemSet
 .text          0x0000000001214110     0x18f4 D:\Altera\IU3-17M\Gutnikov\embsw\nios_II_lab_1\SysBuild\CodeGenerated\DE2_115\Lab1_POVS\software\ucosii_tutorial_bsp\libucosii_bsp.a(os_task.o)
                0x0000000001214110                OSTaskChangePrio
                0x0000000001214650                OSTaskCreate
                0x000000000121480c                OSTaskCreateExt
                0x00000000012149f8                OSTaskDel
                0x0000000001214dd8                OSTaskDelReq
                0x0000000001214f30                OSTaskNameGet
                0x00000000012150d8                OSTaskNameSet
                0x0000000001215298                OSTaskResume
                0x0000000001215490                OSTaskStkChk
                0x0000000001215658                OSTaskSuspend
                0x000000000121586c                OSTaskQuery
                0x0000000001215998                OS_TaskStkClr
 .text          0x0000000001215a04      0x55c D:\Altera\IU3-17M\Gutnikov\embsw\nios_II_lab_1\SysBuild\CodeGenerated\DE2_115\Lab1_POVS\software\ucosii_tutorial_bsp\libucosii_bsp.a(os_time.o)
                0x0000000001215a04                OSTimeDly
                0x0000000001215b4c                OSTimeDlyHMSM
                0x0000000001215ca8                OSTimeDlyResume
                0x0000000001215e98                OSTimeGet
                0x0000000001215efc                OSTimeSet
 .text          0x0000000001215f60     0x11f8 D:\Altera\IU3-17M\Gutnikov\embsw\nios_II_lab_1\SysBuild\CodeGenerated\DE2_115\Lab1_POVS\software\ucosii_tutorial_bsp\libucosii_bsp.a(os_tmr.o)
                0x0000000001215f60                OSTmrCreate
                0x0000000001216120                OSTmrDel
                0x0000000001216260                OSTmrNameGet
                0x00000000012163a0                OSTmrRemainGet
                0x0000000001216560                OSTmrStateGet
                0x000000000121664c                OSTmrStart
                0x0000000001216794                OSTmrStop
                0x000000000121697c                OSTmrSignal
                0x0000000001216b38                OSTmr_Init
 .text          0x0000000001217158       0xd8 D:\Altera\IU3-17M\Gutnikov\embsw\nios_II_lab_1\SysBuild\CodeGenerated\DE2_115\Lab1_POVS\software\ucosii_tutorial_bsp\libucosii_bsp.a(alt_sys_init.o)
                0x0000000001217190                alt_irq_init
                0x00000000012171c4                alt_sys_init
 .text          0x0000000001217230      0x88c D:\Altera\IU3-17M\Gutnikov\embsw\nios_II_lab_1\SysBuild\CodeGenerated\DE2_115\Lab1_POVS\software\ucosii_tutorial_bsp\libucosii_bsp.a(altera_avalon_cfi_flash.o)
                0x0000000001217268                alt_flash_cfi_init
                0x00000000012172f8                alt_flash_cfi_write
                0x00000000012175a0                alt_flash_cfi_get_info
                0x000000000121762c                alt_flash_cfi_read
                0x0000000001217690                alt_write_value_to_flash
                0x00000000012177e8                alt_flash_program_block
 .text          0x0000000001217abc     0x1454 D:\Altera\IU3-17M\Gutnikov\embsw\nios_II_lab_1\SysBuild\CodeGenerated\DE2_115\Lab1_POVS\software\ucosii_tutorial_bsp\libucosii_bsp.a(altera_avalon_cfi_flash_table.o)
                0x0000000001217abc                alt_read_query_entry_8bit
                0x0000000001217af8                alt_read_query_entry_16bit
                0x0000000001217b38                alt_read_query_entry_32bit
                0x0000000001217b78                alt_write_flash_command_8bit_device_8bit_mode
                0x0000000001217bbc                alt_write_flash_command_16bit_device_8bit_mode
                0x0000000001217c34                alt_write_flash_command_32bit_device_8bit_mode
                0x0000000001217c84                alt_write_flash_command_16bit_device_16bit_mode
                0x0000000001217cd0                alt_write_flash_command_32bit_device_16bit_mode
                0x0000000001217d20                alt_write_flash_command_32bit_device_32bit_mode
                0x0000000001217d70                alt_write_native_8bit
                0x0000000001217da8                alt_write_native_16bit
                0x0000000001217de0                alt_write_native_32bit
                0x0000000001217e14                alt_set_flash_width_func
                0x0000000001217fd0                alt_set_flash_algorithm_func
                0x00000000012180ec                alt_read_cfi_table
                0x00000000012186b4                alt_read_cfi_width
                0x0000000001218e38                alt_check_primary_table
 .text          0x0000000001218f10      0x164 D:\Altera\IU3-17M\Gutnikov\embsw\nios_II_lab_1\SysBuild\CodeGenerated\DE2_115\Lab1_POVS\software\ucosii_tutorial_bsp\libucosii_bsp.a(altera_avalon_jtag_uart_fd.o)
                0x0000000001218f10                altera_avalon_jtag_uart_read_fd
                0x0000000001218f70                altera_avalon_jtag_uart_write_fd
                0x0000000001218fd0                altera_avalon_jtag_uart_close_fd
                0x0000000001219020                altera_avalon_jtag_uart_ioctl_fd
 .text          0x0000000001219074      0x568 D:\Altera\IU3-17M\Gutnikov\embsw\nios_II_lab_1\SysBuild\CodeGenerated\DE2_115\Lab1_POVS\software\ucosii_tutorial_bsp\libucosii_bsp.a(altera_avalon_jtag_uart_init.o)
                0x0000000001219074                altera_avalon_jtag_uart_init
                0x0000000001219574                altera_avalon_jtag_uart_close
 .text          0x00000000012195dc       0xec D:\Altera\IU3-17M\Gutnikov\embsw\nios_II_lab_1\SysBuild\CodeGenerated\DE2_115\Lab1_POVS\software\ucosii_tutorial_bsp\libucosii_bsp.a(altera_avalon_jtag_uart_ioctl.o)
                0x00000000012195dc                altera_avalon_jtag_uart_ioctl
 .text          0x00000000012196c8      0x2b4 D:\Altera\IU3-17M\Gutnikov\embsw\nios_II_lab_1\SysBuild\CodeGenerated\DE2_115\Lab1_POVS\software\ucosii_tutorial_bsp\libucosii_bsp.a(altera_avalon_jtag_uart_read.o)
                0x00000000012196c8                altera_avalon_jtag_uart_read
 .text          0x000000000121997c      0x2c0 D:\Altera\IU3-17M\Gutnikov\embsw\nios_II_lab_1\SysBuild\CodeGenerated\DE2_115\Lab1_POVS\software\ucosii_tutorial_bsp\libucosii_bsp.a(altera_avalon_jtag_uart_write.o)
                0x000000000121997c                altera_avalon_jtag_uart_write
 .text          0x0000000001219c3c       0xfc D:\Altera\IU3-17M\Gutnikov\embsw\nios_II_lab_1\SysBuild\CodeGenerated\DE2_115\Lab1_POVS\software\ucosii_tutorial_bsp\libucosii_bsp.a(altera_avalon_timer_sc.o)
                0x0000000001219cb0                alt_avalon_timer_sc_init
 .text          0x0000000001219d38      0x140 D:\Altera\IU3-17M\Gutnikov\embsw\nios_II_lab_1\SysBuild\CodeGenerated\DE2_115\Lab1_POVS\software\ucosii_tutorial_bsp\libucosii_bsp.a(alt_alarm_start.o)
                0x0000000001219d38                alt_alarm_start
 .text          0x0000000001219e78       0x74 D:\Altera\IU3-17M\Gutnikov\embsw\nios_II_lab_1\SysBuild\CodeGenerated\DE2_115\Lab1_POVS\software\ucosii_tutorial_bsp\libucosii_bsp.a(alt_dcache_flush.o)
                0x0000000001219e78                alt_dcache_flush
 .text          0x0000000001219eec       0xf4 D:\Altera\IU3-17M\Gutnikov\embsw\nios_II_lab_1\SysBuild\CodeGenerated\DE2_115\Lab1_POVS\software\ucosii_tutorial_bsp\libucosii_bsp.a(alt_dev_llist_insert.o)
                0x0000000001219f3c                alt_dev_llist_insert
 .text          0x0000000001219fe0       0x5c D:\Altera\IU3-17M\Gutnikov\embsw\nios_II_lab_1\SysBuild\CodeGenerated\DE2_115\Lab1_POVS\software\ucosii_tutorial_bsp\libucosii_bsp.a(alt_do_ctors.o)
                0x0000000001219fe0                _do_ctors
 .text          0x000000000121a03c       0x5c D:\Altera\IU3-17M\Gutnikov\embsw\nios_II_lab_1\SysBuild\CodeGenerated\DE2_115\Lab1_POVS\software\ucosii_tutorial_bsp\libucosii_bsp.a(alt_do_dtors.o)
                0x000000000121a03c                _do_dtors
 .text          0x000000000121a098       0xb8 D:\Altera\IU3-17M\Gutnikov\embsw\nios_II_lab_1\SysBuild\CodeGenerated\DE2_115\Lab1_POVS\software\ucosii_tutorial_bsp\libucosii_bsp.a(alt_flash_dev.o)
                0x000000000121a098                alt_flash_open_dev
                0x000000000121a100                alt_flash_close_dev
 .text          0x000000000121a150      0x1e0 D:\Altera\IU3-17M\Gutnikov\embsw\nios_II_lab_1\SysBuild\CodeGenerated\DE2_115\Lab1_POVS\software\ucosii_tutorial_bsp\libucosii_bsp.a(alt_iic.o)
                0x000000000121a150                alt_ic_isr_register
                0x000000000121a1a0                alt_ic_irq_enable
                0x000000000121a240                alt_ic_irq_disable
                0x000000000121a2e4                alt_ic_irq_enabled
 .text          0x000000000121a330       0xf0 D:\Altera\IU3-17M\Gutnikov\embsw\nios_II_lab_1\SysBuild\CodeGenerated\DE2_115\Lab1_POVS\software\ucosii_tutorial_bsp\libucosii_bsp.a(alt_iic_isr_register.o)
                0x000000000121a330                alt_iic_isr_register
 .text          0x000000000121a420      0x138 D:\Altera\IU3-17M\Gutnikov\embsw\nios_II_lab_1\SysBuild\CodeGenerated\DE2_115\Lab1_POVS\software\ucosii_tutorial_bsp\libucosii_bsp.a(alt_io_redirect.o)
                0x000000000121a4e0                alt_io_redirect
 .text          0x000000000121a558        0x0 D:\Altera\IU3-17M\Gutnikov\embsw\nios_II_lab_1\SysBuild\CodeGenerated\DE2_115\Lab1_POVS\software\ucosii_tutorial_bsp\libucosii_bsp.a(alt_irq_entry.o)
 .text          0x000000000121a558        0x0 D:\Altera\IU3-17M\Gutnikov\embsw\nios_II_lab_1\SysBuild\CodeGenerated\DE2_115\Lab1_POVS\software\ucosii_tutorial_bsp\libucosii_bsp.a(alt_irq_handler.o)
 .text          0x000000000121a558      0x274 D:\Altera\IU3-17M\Gutnikov\embsw\nios_II_lab_1\SysBuild\CodeGenerated\DE2_115\Lab1_POVS\software\ucosii_tutorial_bsp\libucosii_bsp.a(alt_open.o)
                0x000000000121a674                open
 .text          0x000000000121a7cc      0x19c D:\Altera\IU3-17M\Gutnikov\embsw\nios_II_lab_1\SysBuild\CodeGenerated\DE2_115\Lab1_POVS\software\ucosii_tutorial_bsp\libucosii_bsp.a(alt_tick.o)
                0x000000000121a7cc                alt_alarm_stop
                0x000000000121a864                alt_tick
 .text          0x000000000121a968       0x20 D:\Altera\IU3-17M\Gutnikov\embsw\nios_II_lab_1\SysBuild\CodeGenerated\DE2_115\Lab1_POVS\software\ucosii_tutorial_bsp\libucosii_bsp.a(altera_nios2_gen2_irq.o)
                0x000000000121a968                altera_nios2_gen2_irq_init
 .text          0x000000000121a988       0xd0 D:\Altera\IU3-17M\Gutnikov\embsw\nios_II_lab_1\SysBuild\CodeGenerated\DE2_115\Lab1_POVS\software\ucosii_tutorial_bsp\libucosii_bsp.a(os_cpu_a.o)
                0x000000000121a988                OSCtxSw
                0x000000000121a988                OSIntCtxSw
                0x000000000121aa14                OSStartHighRdy
                0x000000000121aa34                OSStartTsk
 .text          0x000000000121aa58      0x42c D:\Altera\IU3-17M\Gutnikov\embsw\nios_II_lab_1\SysBuild\CodeGenerated\DE2_115\Lab1_POVS\software\ucosii_tutorial_bsp\libucosii_bsp.a(os_cpu_c.o)
                0x000000000121aa58                OSTaskStkInit
                0x000000000121ad4c                OSTaskCreateHook
                0x000000000121ad6c                OSTaskDelHook
                0x000000000121ad8c                OSTaskSwHook
                0x000000000121ada8                OSTaskStatHook
                0x000000000121adc4                OSTimeTickHook
                0x000000000121ae0c                OSInitHookBegin
                0x000000000121ae2c                OSInitHookEnd
                0x000000000121ae48                OSTaskIdleHook
                0x000000000121ae64                OSTCBInitHook
 .text          0x000000000121ae84      0x460 D:\Altera\IU3-17M\Gutnikov\embsw\nios_II_lab_1\SysBuild\CodeGenerated\DE2_115\Lab1_POVS\software\ucosii_tutorial_bsp\libucosii_bsp.a(altera_avalon_cfi_flash_amd.o)
                0x000000000121ae84                alt_program_amd
                0x000000000121aeec                alt_erase_block_amd
 .text          0x000000000121b2e4      0x454 D:\Altera\IU3-17M\Gutnikov\embsw\nios_II_lab_1\SysBuild\CodeGenerated\DE2_115\Lab1_POVS\software\ucosii_tutorial_bsp\libucosii_bsp.a(altera_avalon_cfi_flash_intel.o)
                0x000000000121b2e4                alt_program_intel
                0x000000000121b364                alt_erase_block_intel
 .text          0x000000000121b738        0x0 D:\Altera\IU3-17M\Gutnikov\embsw\nios_II_lab_1\SysBuild\CodeGenerated\DE2_115\Lab1_POVS\software\ucosii_tutorial_bsp\libucosii_bsp.a(alt_exception_entry.o)
 .text          0x000000000121b738       0x90 D:\Altera\IU3-17M\Gutnikov\embsw\nios_II_lab_1\SysBuild\CodeGenerated\DE2_115\Lab1_POVS\software\ucosii_tutorial_bsp\libucosii_bsp.a(alt_find_dev.o)
                0x000000000121b738                alt_find_dev
 .text          0x000000000121b7c8      0x114 D:\Altera\IU3-17M\Gutnikov\embsw\nios_II_lab_1\SysBuild\CodeGenerated\DE2_115\Lab1_POVS\software\ucosii_tutorial_bsp\libucosii_bsp.a(alt_find_file.o)
                0x000000000121b7c8                alt_find_file
 .text          0x000000000121b8dc       0xfc D:\Altera\IU3-17M\Gutnikov\embsw\nios_II_lab_1\SysBuild\CodeGenerated\DE2_115\Lab1_POVS\software\ucosii_tutorial_bsp\libucosii_bsp.a(alt_get_fd.o)
                0x000000000121b8dc                alt_get_fd
 .text          0x000000000121b9d8       0x9c D:\Altera\IU3-17M\Gutnikov\embsw\nios_II_lab_1\SysBuild\CodeGenerated\DE2_115\Lab1_POVS\software\ucosii_tutorial_bsp\libucosii_bsp.a(alt_instruction_exception_entry.o)
                0x000000000121b9d8                alt_exception_cause_generated_bad_addr
 .text          0x000000000121ba74      0x124 D:\Altera\IU3-17M\Gutnikov\embsw\nios_II_lab_1\SysBuild\CodeGenerated\DE2_115\Lab1_POVS\software\ucosii_tutorial_bsp\libucosii_bsp.a(alt_usleep.o)
                0x000000000121ba74                usleep
 .text          0x000000000121bb98      0x158 D:\Altera\IU3-17M\Gutnikov\embsw\nios_II_lab_1\SysBuild\CodeGenerated\DE2_115\Lab1_POVS\software\ucosii_tutorial_bsp\libucosii_bsp.a(alt_busy_sleep.o)
                0x000000000121bb98                alt_busy_sleep
 .text          0x000000000121bcf0       0x14 c:/altera/15.0/nios2eds/bin/gnu/h-x86_64-mingw32/bin/../lib/gcc/nios2-elf/4.9.1/../../../../../H-x86_64-mingw32/nios2-elf/lib\libc.a(lib_a-atexit.o)
                0x000000000121bcf0                atexit
 .text          0x000000000121bd04       0x7c c:/altera/15.0/nios2eds/bin/gnu/h-x86_64-mingw32/bin/../lib/gcc/nios2-elf/4.9.1/../../../../../H-x86_64-mingw32/nios2-elf/lib\libc.a(lib_a-memcmp.o)
                0x000000000121bd04                memcmp
 .text          0x000000000121bd80      0x114 c:/altera/15.0/nios2eds/bin/gnu/h-x86_64-mingw32/bin/../lib/gcc/nios2-elf/4.9.1/../../../../../H-x86_64-mingw32/nios2-elf/lib\libc.a(lib_a-__atexit.o)
                0x000000000121bd80                __register_exitproc
 *(.gnu.warning.*)
 *(.fini)
                0x000000000121be94                PROVIDE (__etext, ABSOLUTE (.))
                0x000000000121be94                PROVIDE (_etext, ABSOLUTE (.))
                0x000000000121be94                PROVIDE (etext, ABSOLUTE (.))
 *(.eh_frame_hdr)
                0x000000000121be94                . = ALIGN (0x4)
                0x000000000121be94                PROVIDE (__preinit_array_start, ABSOLUTE (.))
 *(.preinit_array)
                0x000000000121be94                PROVIDE (__preinit_array_end, ABSOLUTE (.))
                0x000000000121be94                PROVIDE (__init_array_start, ABSOLUTE (.))
 *(.init_array)
                0x000000000121be94                PROVIDE (__init_array_end, ABSOLUTE (.))
                0x000000000121be94                PROVIDE (__fini_array_start, ABSOLUTE (.))
 *(.fini_array)
                0x000000000121be94                PROVIDE (__fini_array_end, ABSOLUTE (.))
 *(.eh_frame)
 *(.gcc_except_table .gcc_except_table.*)
 *(.dynamic)
                0x000000000121be94                PROVIDE (__CTOR_LIST__, ABSOLUTE (.))
 *(.ctors)
 *(SORT(.ctors.*))
                0x000000000121be94                PROVIDE (__CTOR_END__, ABSOLUTE (.))
                0x000000000121be94                PROVIDE (__DTOR_LIST__, ABSOLUTE (.))
 *(.dtors)
 *(SORT(.dtors.*))
                0x000000000121be94                PROVIDE (__DTOR_END__, ABSOLUTE (.))
 *(.jcr)
                0x000000000121be94                . = ALIGN (0x4)

.rodata         0x000000000121be94      0x81c
                0x000000000121be94                PROVIDE (__ram_rodata_start, ABSOLUTE (.))
                0x000000000121be94                . = ALIGN (0x4)
 *(.rodata .rodata.* .gnu.linkonce.r.*)
 .rodata        0x000000000121be94      0x378 obj/default/alt_ucosii_simple_error_check.o
 .rodata        0x000000000121c20c       0x3c obj/default/ucosii_tutorial.o
 .rodata.str1.4
                0x000000000121c248        0x2 c:/altera/15.0/nios2eds/bin/gnu/h-x86_64-mingw32/bin/../lib/gcc/nios2-elf/4.9.1/../../../../../H-x86_64-mingw32/nios2-elf/lib\libc.a(lib_a-impure.o)
                                          0x4 (size before relaxing)
 *fill*         0x000000000121c24a        0x2 
 .rodata.str1.4
                0x000000000121c24c        0x2 c:/altera/15.0/nios2eds/bin/gnu/h-x86_64-mingw32/bin/../lib/gcc/nios2-elf/4.9.1/../../../../../H-x86_64-mingw32/nios2-elf/lib\libc.a(lib_a-puts.o)
                                          0x4 (size before relaxing)
 *fill*         0x000000000121c24e        0x2 
 .rodata.str1.4
                0x000000000121c250       0x42 c:/altera/15.0/nios2eds/bin/gnu/h-x86_64-mingw32/bin/../lib/gcc/nios2-elf/4.9.1/../../../../../H-x86_64-mingw32/nios2-elf/lib\libc.a(lib_a-vfprintf.o)
                                         0x44 (size before relaxing)
 .rodata        0x000000000121c292       0x20 c:/altera/15.0/nios2eds/bin/gnu/h-x86_64-mingw32/bin/../lib/gcc/nios2-elf/4.9.1/../../../../../H-x86_64-mingw32/nios2-elf/lib\libc.a(lib_a-vfprintf.o)
 *fill*         0x000000000121c2b2        0x2 
 .rodata.str1.4
                0x000000000121c2b4       0x10 c:/altera/15.0/nios2eds/bin/gnu/h-x86_64-mingw32/bin/../lib/gcc/nios2-elf/4.9.1/../../../../../H-x86_64-mingw32/nios2-elf/lib\libc.a(lib_a-dtoa.o)
                                         0x14 (size before relaxing)
 .rodata.str1.4
                0x000000000121c2c4        0xc c:/altera/15.0/nios2eds/bin/gnu/h-x86_64-mingw32/bin/../lib/gcc/nios2-elf/4.9.1/../../../../../H-x86_64-mingw32/nios2-elf/lib\libc.a(lib_a-locale.o)
                                         0x14 (size before relaxing)
 .rodata        0x000000000121c2d0      0x124 c:/altera/15.0/nios2eds/bin/gnu/h-x86_64-mingw32/bin/../lib/gcc/nios2-elf/4.9.1/../../../../../H-x86_64-mingw32/nios2-elf/lib\libc.a(lib_a-mprec.o)
                0x000000000121c2dc                __mprec_tinytens
                0x000000000121c304                __mprec_bigtens
                0x000000000121c32c                __mprec_tens
 .rodata.str1.4
                0x0000000000000000       0x30 c:/altera/15.0/nios2eds/bin/gnu/h-x86_64-mingw32/bin/../lib/gcc/nios2-elf/4.9.1/../../../../../H-x86_64-mingw32/nios2-elf/lib\libc.a(lib_a-vfiprintf.o)
 .rodata        0x000000000121c3f4       0x20 c:/altera/15.0/nios2eds/bin/gnu/h-x86_64-mingw32/bin/../lib/gcc/nios2-elf/4.9.1/../../../../../H-x86_64-mingw32/nios2-elf/lib\libc.a(lib_a-vfiprintf.o)
 .rodata        0x000000000121c414      0x100 c:/altera/15.0/nios2eds/bin/gnu/h-x86_64-mingw32/bin/../lib/gcc/nios2-elf/4.9.1\libgcc.a(_clz.o)
                0x000000000121c414                __clz_tab
 .rodata        0x000000000121c514        0xc D:\Altera\IU3-17M\Gutnikov\embsw\nios_II_lab_1\SysBuild\CodeGenerated\DE2_115\Lab1_POVS\software\ucosii_tutorial_bsp\libucosii_bsp.a(alt_dev.o)
 .rodata        0x000000000121c520       0x10 D:\Altera\IU3-17M\Gutnikov\embsw\nios_II_lab_1\SysBuild\CodeGenerated\DE2_115\Lab1_POVS\software\ucosii_tutorial_bsp\libucosii_bsp.a(alt_main.o)
 .rodata        0x000000000121c530      0x120 D:\Altera\IU3-17M\Gutnikov\embsw\nios_II_lab_1\SysBuild\CodeGenerated\DE2_115\Lab1_POVS\software\ucosii_tutorial_bsp\libucosii_bsp.a(os_core.o)
                0x000000000121c530                OSUnMapTbl
 .rodata        0x000000000121c650       0x38 D:\Altera\IU3-17M\Gutnikov\embsw\nios_II_lab_1\SysBuild\CodeGenerated\DE2_115\Lab1_POVS\software\ucosii_tutorial_bsp\libucosii_bsp.a(os_tmr.o)
 .rodata        0x000000000121c688       0x24 D:\Altera\IU3-17M\Gutnikov\embsw\nios_II_lab_1\SysBuild\CodeGenerated\DE2_115\Lab1_POVS\software\ucosii_tutorial_bsp\libucosii_bsp.a(alt_sys_init.o)
 .rodata        0x000000000121c6ac        0x4 D:\Altera\IU3-17M\Gutnikov\embsw\nios_II_lab_1\SysBuild\CodeGenerated\DE2_115\Lab1_POVS\software\ucosii_tutorial_bsp\libucosii_bsp.a(os_cpu_c.o)
 *(.rodata1)
                0x000000000121c6b0                . = ALIGN (0x4)
                0x000000000121c6b0                PROVIDE (__ram_rodata_end, ABSOLUTE (.))
                0x000000000121be94                PROVIDE (__flash_rodata_start, LOADADDR (.rodata))

.rwdata         0x000000000121c6b0     0x1c5c
                0x000000000121c6b0                PROVIDE (__ram_rwdata_start, ABSOLUTE (.))
                0x000000000121c6b0                . = ALIGN (0x4)
 *(.got.plt)
 *(.got)
 *(.data1)
 *(.data .data.* .gnu.linkonce.d.*)
 .data          0x000000000121c6b0        0x0 D:\Altera\IU3-17M\Gutnikov\embsw\nios_II_lab_1\SysBuild\CodeGenerated\DE2_115\Lab1_POVS\software\ucosii_tutorial_bsp/obj/HAL/src/crt0.o
 .data          0x000000000121c6b0        0x0 obj/default/alt_ucosii_simple_error_check.o
 .data          0x000000000121c6b0        0x0 obj/default/ucosii_tutorial.o
 .data          0x000000000121c6b0        0x0 c:/altera/15.0/nios2eds/bin/gnu/h-x86_64-mingw32/bin/../lib/gcc/nios2-elf/4.9.1/../../../../../H-x86_64-mingw32/nios2-elf/lib\libc.a(lib_a-exit.o)
 .data          0x000000000121c6b0        0x0 c:/altera/15.0/nios2eds/bin/gnu/h-x86_64-mingw32/bin/../lib/gcc/nios2-elf/4.9.1/../../../../../H-x86_64-mingw32/nios2-elf/lib\libc.a(lib_a-fprintf.o)
 .data          0x000000000121c6b0        0x0 c:/altera/15.0/nios2eds/bin/gnu/h-x86_64-mingw32/bin/../lib/gcc/nios2-elf/4.9.1/../../../../../H-x86_64-mingw32/nios2-elf/lib\libc.a(lib_a-fwrite.o)
 .data          0x000000000121c6b0      0x424 c:/altera/15.0/nios2eds/bin/gnu/h-x86_64-mingw32/bin/../lib/gcc/nios2-elf/4.9.1/../../../../../H-x86_64-mingw32/nios2-elf/lib\libc.a(lib_a-impure.o)
 .data          0x000000000121cad4        0x0 c:/altera/15.0/nios2eds/bin/gnu/h-x86_64-mingw32/bin/../lib/gcc/nios2-elf/4.9.1/../../../../../H-x86_64-mingw32/nios2-elf/lib\libc.a(lib_a-printf.o)
 .data          0x000000000121cad4        0x0 c:/altera/15.0/nios2eds/bin/gnu/h-x86_64-mingw32/bin/../lib/gcc/nios2-elf/4.9.1/../../../../../H-x86_64-mingw32/nios2-elf/lib\libc.a(lib_a-puts.o)
 .data          0x000000000121cad4        0x0 c:/altera/15.0/nios2eds/bin/gnu/h-x86_64-mingw32/bin/../lib/gcc/nios2-elf/4.9.1/../../../../../H-x86_64-mingw32/nios2-elf/lib\libc.a(lib_a-strlen.o)
 .data          0x000000000121cad4        0x0 c:/altera/15.0/nios2eds/bin/gnu/h-x86_64-mingw32/bin/../lib/gcc/nios2-elf/4.9.1/../../../../../H-x86_64-mingw32/nios2-elf/lib\libc.a(lib_a-vfprintf.o)
 .data          0x000000000121cad4        0x0 c:/altera/15.0/nios2eds/bin/gnu/h-x86_64-mingw32/bin/../lib/gcc/nios2-elf/4.9.1/../../../../../H-x86_64-mingw32/nios2-elf/lib\libc.a(lib_a-wsetup.o)
 .data          0x000000000121cad4        0x0 c:/altera/15.0/nios2eds/bin/gnu/h-x86_64-mingw32/bin/../lib/gcc/nios2-elf/4.9.1/../../../../../H-x86_64-mingw32/nios2-elf/lib\libc.a(lib_a-__call_atexit.o)
 .data          0x000000000121cad4        0x0 c:/altera/15.0/nios2eds/bin/gnu/h-x86_64-mingw32/bin/../lib/gcc/nios2-elf/4.9.1/../../../../../H-x86_64-mingw32/nios2-elf/lib\libc.a(lib_a-dtoa.o)
 .data          0x000000000121cad4        0x0 c:/altera/15.0/nios2eds/bin/gnu/h-x86_64-mingw32/bin/../lib/gcc/nios2-elf/4.9.1/../../../../../H-x86_64-mingw32/nios2-elf/lib\libc.a(lib_a-fflush.o)
 .data          0x000000000121cad4        0x0 c:/altera/15.0/nios2eds/bin/gnu/h-x86_64-mingw32/bin/../lib/gcc/nios2-elf/4.9.1/../../../../../H-x86_64-mingw32/nios2-elf/lib\libc.a(lib_a-findfp.o)
 .data          0x000000000121cad4        0x0 c:/altera/15.0/nios2eds/bin/gnu/h-x86_64-mingw32/bin/../lib/gcc/nios2-elf/4.9.1/../../../../../H-x86_64-mingw32/nios2-elf/lib\libc.a(lib_a-freer.o)
 .data          0x000000000121cad4        0x0 c:/altera/15.0/nios2eds/bin/gnu/h-x86_64-mingw32/bin/../lib/gcc/nios2-elf/4.9.1/../../../../../H-x86_64-mingw32/nios2-elf/lib\libc.a(lib_a-fvwrite.o)
 .data          0x000000000121cad4        0x0 c:/altera/15.0/nios2eds/bin/gnu/h-x86_64-mingw32/bin/../lib/gcc/nios2-elf/4.9.1/../../../../../H-x86_64-mingw32/nios2-elf/lib\libc.a(lib_a-fwalk.o)
 .data          0x000000000121cad4       0x78 c:/altera/15.0/nios2eds/bin/gnu/h-x86_64-mingw32/bin/../lib/gcc/nios2-elf/4.9.1/../../../../../H-x86_64-mingw32/nios2-elf/lib\libc.a(lib_a-locale.o)
 .data          0x000000000121cb4c        0x0 c:/altera/15.0/nios2eds/bin/gnu/h-x86_64-mingw32/bin/../lib/gcc/nios2-elf/4.9.1/../../../../../H-x86_64-mingw32/nios2-elf/lib\libc.a(lib_a-makebuf.o)
 .data          0x000000000121cb4c      0x408 c:/altera/15.0/nios2eds/bin/gnu/h-x86_64-mingw32/bin/../lib/gcc/nios2-elf/4.9.1/../../../../../H-x86_64-mingw32/nios2-elf/lib\libc.a(lib_a-mallocr.o)
                0x000000000121cb4c                __malloc_av_
 .data          0x000000000121cf54        0x0 c:/altera/15.0/nios2eds/bin/gnu/h-x86_64-mingw32/bin/../lib/gcc/nios2-elf/4.9.1/../../../../../H-x86_64-mingw32/nios2-elf/lib\libc.a(lib_a-memchr.o)
 .data          0x000000000121cf54        0x0 c:/altera/15.0/nios2eds/bin/gnu/h-x86_64-mingw32/bin/../lib/gcc/nios2-elf/4.9.1/../../../../../H-x86_64-mingw32/nios2-elf/lib\libc.a(lib_a-memcpy.o)
 .data          0x000000000121cf54        0x0 c:/altera/15.0/nios2eds/bin/gnu/h-x86_64-mingw32/bin/../lib/gcc/nios2-elf/4.9.1/../../../../../H-x86_64-mingw32/nios2-elf/lib\libc.a(lib_a-memmove.o)
 .data          0x000000000121cf54        0x0 c:/altera/15.0/nios2eds/bin/gnu/h-x86_64-mingw32/bin/../lib/gcc/nios2-elf/4.9.1/../../../../../H-x86_64-mingw32/nios2-elf/lib\libc.a(lib_a-memset.o)
 .data          0x000000000121cf54        0x0 c:/altera/15.0/nios2eds/bin/gnu/h-x86_64-mingw32/bin/../lib/gcc/nios2-elf/4.9.1/../../../../../H-x86_64-mingw32/nios2-elf/lib\libc.a(lib_a-mprec.o)
 .data          0x000000000121cf54        0x0 c:/altera/15.0/nios2eds/bin/gnu/h-x86_64-mingw32/bin/../lib/gcc/nios2-elf/4.9.1/../../../../../H-x86_64-mingw32/nios2-elf/lib\libc.a(lib_a-reallocr.o)
 .data          0x000000000121cf54        0x0 c:/altera/15.0/nios2eds/bin/gnu/h-x86_64-mingw32/bin/../lib/gcc/nios2-elf/4.9.1/../../../../../H-x86_64-mingw32/nios2-elf/lib\libc.a(lib_a-s_fpclassify.o)
 .data          0x000000000121cf54        0x0 c:/altera/15.0/nios2eds/bin/gnu/h-x86_64-mingw32/bin/../lib/gcc/nios2-elf/4.9.1/../../../../../H-x86_64-mingw32/nios2-elf/lib\libc.a(lib_a-sbrkr.o)
 .data          0x000000000121cf54        0x0 c:/altera/15.0/nios2eds/bin/gnu/h-x86_64-mingw32/bin/../lib/gcc/nios2-elf/4.9.1/../../../../../H-x86_64-mingw32/nios2-elf/lib\libc.a(lib_a-stdio.o)
 .data          0x000000000121cf54        0x0 c:/altera/15.0/nios2eds/bin/gnu/h-x86_64-mingw32/bin/../lib/gcc/nios2-elf/4.9.1/../../../../../H-x86_64-mingw32/nios2-elf/lib\libc.a(lib_a-strcmp.o)
 .data          0x000000000121cf54        0x0 c:/altera/15.0/nios2eds/bin/gnu/h-x86_64-mingw32/bin/../lib/gcc/nios2-elf/4.9.1/../../../../../H-x86_64-mingw32/nios2-elf/lib\libc.a(lib_a-vfiprintf.o)
 .data          0x000000000121cf54        0x0 c:/altera/15.0/nios2eds/bin/gnu/h-x86_64-mingw32/bin/../lib/gcc/nios2-elf/4.9.1/../../../../../H-x86_64-mingw32/nios2-elf/lib\libc.a(lib_a-writer.o)
 .data          0x000000000121cf54        0x0 c:/altera/15.0/nios2eds/bin/gnu/h-x86_64-mingw32/bin/../lib/gcc/nios2-elf/4.9.1/../../../../../H-x86_64-mingw32/nios2-elf/lib\libc.a(closer.o)
 .data          0x000000000121cf54        0x0 c:/altera/15.0/nios2eds/bin/gnu/h-x86_64-mingw32/bin/../lib/gcc/nios2-elf/4.9.1/../../../../../H-x86_64-mingw32/nios2-elf/lib\libc.a(lib_a-callocr.o)
 .data          0x000000000121cf54        0x0 c:/altera/15.0/nios2eds/bin/gnu/h-x86_64-mingw32/bin/../lib/gcc/nios2-elf/4.9.1/../../../../../H-x86_64-mingw32/nios2-elf/lib\libc.a(lib_a-fclose.o)
 .data          0x000000000121cf54        0x0 c:/altera/15.0/nios2eds/bin/gnu/h-x86_64-mingw32/bin/../lib/gcc/nios2-elf/4.9.1/../../../../../H-x86_64-mingw32/nios2-elf/lib\libc.a(lib_a-fputwc.o)
 .data          0x000000000121cf54        0x0 c:/altera/15.0/nios2eds/bin/gnu/h-x86_64-mingw32/bin/../lib/gcc/nios2-elf/4.9.1/../../../../../H-x86_64-mingw32/nios2-elf/lib\libc.a(lib_a-fstatr.o)
 .data          0x000000000121cf54        0x0 c:/altera/15.0/nios2eds/bin/gnu/h-x86_64-mingw32/bin/../lib/gcc/nios2-elf/4.9.1/../../../../../H-x86_64-mingw32/nios2-elf/lib\libc.a(lib_a-int_errno.o)
 .data          0x000000000121cf54        0x0 c:/altera/15.0/nios2eds/bin/gnu/h-x86_64-mingw32/bin/../lib/gcc/nios2-elf/4.9.1/../../../../../H-x86_64-mingw32/nios2-elf/lib\libc.a(lib_a-isattyr.o)
 .data          0x000000000121cf54        0x0 c:/altera/15.0/nios2eds/bin/gnu/h-x86_64-mingw32/bin/../lib/gcc/nios2-elf/4.9.1/../../../../../H-x86_64-mingw32/nios2-elf/lib\libc.a(lib_a-lseekr.o)
 .data          0x000000000121cf54        0x0 c:/altera/15.0/nios2eds/bin/gnu/h-x86_64-mingw32/bin/../lib/gcc/nios2-elf/4.9.1/../../../../../H-x86_64-mingw32/nios2-elf/lib\libc.a(lib_a-readr.o)
 .data          0x000000000121cf54        0x0 c:/altera/15.0/nios2eds/bin/gnu/h-x86_64-mingw32/bin/../lib/gcc/nios2-elf/4.9.1/../../../../../H-x86_64-mingw32/nios2-elf/lib\libc.a(lib_a-wbuf.o)
 .data          0x000000000121cf54        0x0 c:/altera/15.0/nios2eds/bin/gnu/h-x86_64-mingw32/bin/../lib/gcc/nios2-elf/4.9.1/../../../../../H-x86_64-mingw32/nios2-elf/lib\libc.a(lib_a-wcrtomb.o)
 .data          0x000000000121cf54        0x0 c:/altera/15.0/nios2eds/bin/gnu/h-x86_64-mingw32/bin/../lib/gcc/nios2-elf/4.9.1/../../../../../H-x86_64-mingw32/nios2-elf/lib\libc.a(lib_a-wctomb_r.o)
 .data          0x000000000121cf54        0x0 c:/altera/15.0/nios2eds/bin/gnu/h-x86_64-mingw32/bin/../lib/gcc/nios2-elf/4.9.1\libgcc.a(_udivdi3.o)
 .data          0x000000000121cf54        0x0 c:/altera/15.0/nios2eds/bin/gnu/h-x86_64-mingw32/bin/../lib/gcc/nios2-elf/4.9.1\libgcc.a(_umoddi3.o)
 .data          0x000000000121cf54        0x0 c:/altera/15.0/nios2eds/bin/gnu/h-x86_64-mingw32/bin/../lib/gcc/nios2-elf/4.9.1\libgcc.a(lib2-divmod.o)
 .data          0x000000000121cf54        0x0 c:/altera/15.0/nios2eds/bin/gnu/h-x86_64-mingw32/bin/../lib/gcc/nios2-elf/4.9.1\libgcc.a(adddf3.o)
 .data          0x000000000121cf54        0x0 c:/altera/15.0/nios2eds/bin/gnu/h-x86_64-mingw32/bin/../lib/gcc/nios2-elf/4.9.1\libgcc.a(divdf3.o)
 .data          0x000000000121cf54        0x0 c:/altera/15.0/nios2eds/bin/gnu/h-x86_64-mingw32/bin/../lib/gcc/nios2-elf/4.9.1\libgcc.a(eqdf2.o)
 .data          0x000000000121cf54        0x0 c:/altera/15.0/nios2eds/bin/gnu/h-x86_64-mingw32/bin/../lib/gcc/nios2-elf/4.9.1\libgcc.a(gedf2.o)
 .data          0x000000000121cf54        0x0 c:/altera/15.0/nios2eds/bin/gnu/h-x86_64-mingw32/bin/../lib/gcc/nios2-elf/4.9.1\libgcc.a(ledf2.o)
 .data          0x000000000121cf54        0x0 c:/altera/15.0/nios2eds/bin/gnu/h-x86_64-mingw32/bin/../lib/gcc/nios2-elf/4.9.1\libgcc.a(muldf3.o)
 .data          0x000000000121cf54        0x0 c:/altera/15.0/nios2eds/bin/gnu/h-x86_64-mingw32/bin/../lib/gcc/nios2-elf/4.9.1\libgcc.a(subdf3.o)
 .data          0x000000000121cf54        0x0 c:/altera/15.0/nios2eds/bin/gnu/h-x86_64-mingw32/bin/../lib/gcc/nios2-elf/4.9.1\libgcc.a(fixdfsi.o)
 .data          0x000000000121cf54        0x0 c:/altera/15.0/nios2eds/bin/gnu/h-x86_64-mingw32/bin/../lib/gcc/nios2-elf/4.9.1\libgcc.a(floatsidf.o)
 .data          0x000000000121cf54        0x0 c:/altera/15.0/nios2eds/bin/gnu/h-x86_64-mingw32/bin/../lib/gcc/nios2-elf/4.9.1\libgcc.a(floatunsidf.o)
 .data          0x000000000121cf54        0x0 c:/altera/15.0/nios2eds/bin/gnu/h-x86_64-mingw32/bin/../lib/gcc/nios2-elf/4.9.1\libgcc.a(_clz.o)
 .data          0x000000000121cf54        0x0 c:/altera/15.0/nios2eds/bin/gnu/h-x86_64-mingw32/bin/../lib/gcc/nios2-elf/4.9.1\libgcc.a(_clzsi2.o)
 .data          0x000000000121cf54        0x0 D:\Altera\IU3-17M\Gutnikov\embsw\nios_II_lab_1\SysBuild\CodeGenerated\DE2_115\Lab1_POVS\software\ucosii_tutorial_bsp\libucosii_bsp.a(alt_close.o)
 .data          0x000000000121cf54      0x1a8 D:\Altera\IU3-17M\Gutnikov\embsw\nios_II_lab_1\SysBuild\CodeGenerated\DE2_115\Lab1_POVS\software\ucosii_tutorial_bsp\libucosii_bsp.a(alt_dev.o)
                0x000000000121cf54                alt_dev_null
                0x000000000121cf7c                alt_fd_list
 .data          0x000000000121d0fc        0x0 D:\Altera\IU3-17M\Gutnikov\embsw\nios_II_lab_1\SysBuild\CodeGenerated\DE2_115\Lab1_POVS\software\ucosii_tutorial_bsp\libucosii_bsp.a(alt_errno.o)
 .data          0x000000000121d0fc        0x0 D:\Altera\IU3-17M\Gutnikov\embsw\nios_II_lab_1\SysBuild\CodeGenerated\DE2_115\Lab1_POVS\software\ucosii_tutorial_bsp\libucosii_bsp.a(alt_exit.o)
 .data          0x000000000121d0fc        0x0 D:\Altera\IU3-17M\Gutnikov\embsw\nios_II_lab_1\SysBuild\CodeGenerated\DE2_115\Lab1_POVS\software\ucosii_tutorial_bsp\libucosii_bsp.a(alt_fstat.o)
 .data          0x000000000121d0fc        0x0 D:\Altera\IU3-17M\Gutnikov\embsw\nios_II_lab_1\SysBuild\CodeGenerated\DE2_115\Lab1_POVS\software\ucosii_tutorial_bsp\libucosii_bsp.a(alt_irq_register.o)
 .data          0x000000000121d0fc        0x0 D:\Altera\IU3-17M\Gutnikov\embsw\nios_II_lab_1\SysBuild\CodeGenerated\DE2_115\Lab1_POVS\software\ucosii_tutorial_bsp\libucosii_bsp.a(alt_irq_vars.o)
 .data          0x000000000121d0fc        0x0 D:\Altera\IU3-17M\Gutnikov\embsw\nios_II_lab_1\SysBuild\CodeGenerated\DE2_115\Lab1_POVS\software\ucosii_tutorial_bsp\libucosii_bsp.a(alt_isatty.o)
 .data          0x000000000121d0fc        0x0 D:\Altera\IU3-17M\Gutnikov\embsw\nios_II_lab_1\SysBuild\CodeGenerated\DE2_115\Lab1_POVS\software\ucosii_tutorial_bsp\libucosii_bsp.a(alt_lseek.o)
 .data          0x000000000121d0fc        0x0 D:\Altera\IU3-17M\Gutnikov\embsw\nios_II_lab_1\SysBuild\CodeGenerated\DE2_115\Lab1_POVS\software\ucosii_tutorial_bsp\libucosii_bsp.a(alt_main.o)
 .data          0x000000000121d0fc        0x0 D:\Altera\IU3-17M\Gutnikov\embsw\nios_II_lab_1\SysBuild\CodeGenerated\DE2_115\Lab1_POVS\software\ucosii_tutorial_bsp\libucosii_bsp.a(alt_read.o)
 .data          0x000000000121d0fc        0x0 D:\Altera\IU3-17M\Gutnikov\embsw\nios_II_lab_1\SysBuild\CodeGenerated\DE2_115\Lab1_POVS\software\ucosii_tutorial_bsp\libucosii_bsp.a(alt_release_fd.o)
 .data          0x000000000121d0fc        0x0 D:\Altera\IU3-17M\Gutnikov\embsw\nios_II_lab_1\SysBuild\CodeGenerated\DE2_115\Lab1_POVS\software\ucosii_tutorial_bsp\libucosii_bsp.a(alt_sbrk.o)
 .data          0x000000000121d0fc        0x0 D:\Altera\IU3-17M\Gutnikov\embsw\nios_II_lab_1\SysBuild\CodeGenerated\DE2_115\Lab1_POVS\software\ucosii_tutorial_bsp\libucosii_bsp.a(alt_write.o)
 .data          0x000000000121d0fc        0x0 D:\Altera\IU3-17M\Gutnikov\embsw\nios_II_lab_1\SysBuild\CodeGenerated\DE2_115\Lab1_POVS\software\ucosii_tutorial_bsp\libucosii_bsp.a(alt_env_lock.o)
 .data          0x000000000121d0fc        0x0 D:\Altera\IU3-17M\Gutnikov\embsw\nios_II_lab_1\SysBuild\CodeGenerated\DE2_115\Lab1_POVS\software\ucosii_tutorial_bsp\libucosii_bsp.a(alt_malloc_lock.o)
 .data          0x000000000121d0fc        0x0 D:\Altera\IU3-17M\Gutnikov\embsw\nios_II_lab_1\SysBuild\CodeGenerated\DE2_115\Lab1_POVS\software\ucosii_tutorial_bsp\libucosii_bsp.a(os_core.o)
 .data          0x000000000121d0fc        0x0 D:\Altera\IU3-17M\Gutnikov\embsw\nios_II_lab_1\SysBuild\CodeGenerated\DE2_115\Lab1_POVS\software\ucosii_tutorial_bsp\libucosii_bsp.a(os_dbg.o)
 .data          0x000000000121d0fc        0x0 D:\Altera\IU3-17M\Gutnikov\embsw\nios_II_lab_1\SysBuild\CodeGenerated\DE2_115\Lab1_POVS\software\ucosii_tutorial_bsp\libucosii_bsp.a(os_flag.o)
 .data          0x000000000121d0fc        0x0 D:\Altera\IU3-17M\Gutnikov\embsw\nios_II_lab_1\SysBuild\CodeGenerated\DE2_115\Lab1_POVS\software\ucosii_tutorial_bsp\libucosii_bsp.a(os_mem.o)
 .data          0x000000000121d0fc        0x0 D:\Altera\IU3-17M\Gutnikov\embsw\nios_II_lab_1\SysBuild\CodeGenerated\DE2_115\Lab1_POVS\software\ucosii_tutorial_bsp\libucosii_bsp.a(os_q.o)
 .data          0x000000000121d0fc        0x0 D:\Altera\IU3-17M\Gutnikov\embsw\nios_II_lab_1\SysBuild\CodeGenerated\DE2_115\Lab1_POVS\software\ucosii_tutorial_bsp\libucosii_bsp.a(os_sem.o)
 .data          0x000000000121d0fc        0x0 D:\Altera\IU3-17M\Gutnikov\embsw\nios_II_lab_1\SysBuild\CodeGenerated\DE2_115\Lab1_POVS\software\ucosii_tutorial_bsp\libucosii_bsp.a(os_task.o)
 .data          0x000000000121d0fc        0x0 D:\Altera\IU3-17M\Gutnikov\embsw\nios_II_lab_1\SysBuild\CodeGenerated\DE2_115\Lab1_POVS\software\ucosii_tutorial_bsp\libucosii_bsp.a(os_time.o)
 .data          0x000000000121d0fc        0x0 D:\Altera\IU3-17M\Gutnikov\embsw\nios_II_lab_1\SysBuild\CodeGenerated\DE2_115\Lab1_POVS\software\ucosii_tutorial_bsp\libucosii_bsp.a(os_tmr.o)
 .data          0x000000000121d0fc     0x1148 D:\Altera\IU3-17M\Gutnikov\embsw\nios_II_lab_1\SysBuild\CodeGenerated\DE2_115\Lab1_POVS\software\ucosii_tutorial_bsp\libucosii_bsp.a(alt_sys_init.o)
 .data          0x000000000121e244        0x0 D:\Altera\IU3-17M\Gutnikov\embsw\nios_II_lab_1\SysBuild\CodeGenerated\DE2_115\Lab1_POVS\software\ucosii_tutorial_bsp\libucosii_bsp.a(altera_avalon_cfi_flash.o)
 .data          0x000000000121e244        0x0 D:\Altera\IU3-17M\Gutnikov\embsw\nios_II_lab_1\SysBuild\CodeGenerated\DE2_115\Lab1_POVS\software\ucosii_tutorial_bsp\libucosii_bsp.a(altera_avalon_cfi_flash_table.o)
 .data          0x000000000121e244        0x0 D:\Altera\IU3-17M\Gutnikov\embsw\nios_II_lab_1\SysBuild\CodeGenerated\DE2_115\Lab1_POVS\software\ucosii_tutorial_bsp\libucosii_bsp.a(altera_avalon_jtag_uart_fd.o)
 .data          0x000000000121e244        0x0 D:\Altera\IU3-17M\Gutnikov\embsw\nios_II_lab_1\SysBuild\CodeGenerated\DE2_115\Lab1_POVS\software\ucosii_tutorial_bsp\libucosii_bsp.a(altera_avalon_jtag_uart_init.o)
 .data          0x000000000121e244        0x0 D:\Altera\IU3-17M\Gutnikov\embsw\nios_II_lab_1\SysBuild\CodeGenerated\DE2_115\Lab1_POVS\software\ucosii_tutorial_bsp\libucosii_bsp.a(altera_avalon_jtag_uart_ioctl.o)
 .data          0x000000000121e244        0x0 D:\Altera\IU3-17M\Gutnikov\embsw\nios_II_lab_1\SysBuild\CodeGenerated\DE2_115\Lab1_POVS\software\ucosii_tutorial_bsp\libucosii_bsp.a(altera_avalon_jtag_uart_read.o)
 .data          0x000000000121e244        0x0 D:\Altera\IU3-17M\Gutnikov\embsw\nios_II_lab_1\SysBuild\CodeGenerated\DE2_115\Lab1_POVS\software\ucosii_tutorial_bsp\libucosii_bsp.a(altera_avalon_jtag_uart_write.o)
 .data          0x000000000121e244        0x0 D:\Altera\IU3-17M\Gutnikov\embsw\nios_II_lab_1\SysBuild\CodeGenerated\DE2_115\Lab1_POVS\software\ucosii_tutorial_bsp\libucosii_bsp.a(altera_avalon_timer_sc.o)
 .data          0x000000000121e244        0x0 D:\Altera\IU3-17M\Gutnikov\embsw\nios_II_lab_1\SysBuild\CodeGenerated\DE2_115\Lab1_POVS\software\ucosii_tutorial_bsp\libucosii_bsp.a(alt_alarm_start.o)
 .data          0x000000000121e244        0x0 D:\Altera\IU3-17M\Gutnikov\embsw\nios_II_lab_1\SysBuild\CodeGenerated\DE2_115\Lab1_POVS\software\ucosii_tutorial_bsp\libucosii_bsp.a(alt_dcache_flush.o)
 .data          0x000000000121e244        0x0 D:\Altera\IU3-17M\Gutnikov\embsw\nios_II_lab_1\SysBuild\CodeGenerated\DE2_115\Lab1_POVS\software\ucosii_tutorial_bsp\libucosii_bsp.a(alt_dev_llist_insert.o)
 .data          0x000000000121e244        0x0 D:\Altera\IU3-17M\Gutnikov\embsw\nios_II_lab_1\SysBuild\CodeGenerated\DE2_115\Lab1_POVS\software\ucosii_tutorial_bsp\libucosii_bsp.a(alt_do_ctors.o)
 .data          0x000000000121e244        0x0 D:\Altera\IU3-17M\Gutnikov\embsw\nios_II_lab_1\SysBuild\CodeGenerated\DE2_115\Lab1_POVS\software\ucosii_tutorial_bsp\libucosii_bsp.a(alt_do_dtors.o)
 .data          0x000000000121e244        0x0 D:\Altera\IU3-17M\Gutnikov\embsw\nios_II_lab_1\SysBuild\CodeGenerated\DE2_115\Lab1_POVS\software\ucosii_tutorial_bsp\libucosii_bsp.a(alt_flash_dev.o)
 .data          0x000000000121e244        0x0 D:\Altera\IU3-17M\Gutnikov\embsw\nios_II_lab_1\SysBuild\CodeGenerated\DE2_115\Lab1_POVS\software\ucosii_tutorial_bsp\libucosii_bsp.a(alt_iic.o)
 .data          0x000000000121e244        0x0 D:\Altera\IU3-17M\Gutnikov\embsw\nios_II_lab_1\SysBuild\CodeGenerated\DE2_115\Lab1_POVS\software\ucosii_tutorial_bsp\libucosii_bsp.a(alt_iic_isr_register.o)
 .data          0x000000000121e244        0x0 D:\Altera\IU3-17M\Gutnikov\embsw\nios_II_lab_1\SysBuild\CodeGenerated\DE2_115\Lab1_POVS\software\ucosii_tutorial_bsp\libucosii_bsp.a(alt_io_redirect.o)
 .data          0x000000000121e244        0x0 D:\Altera\IU3-17M\Gutnikov\embsw\nios_II_lab_1\SysBuild\CodeGenerated\DE2_115\Lab1_POVS\software\ucosii_tutorial_bsp\libucosii_bsp.a(alt_irq_entry.o)
 .data          0x000000000121e244        0x0 D:\Altera\IU3-17M\Gutnikov\embsw\nios_II_lab_1\SysBuild\CodeGenerated\DE2_115\Lab1_POVS\software\ucosii_tutorial_bsp\libucosii_bsp.a(alt_irq_handler.o)
 .data          0x000000000121e244        0x0 D:\Altera\IU3-17M\Gutnikov\embsw\nios_II_lab_1\SysBuild\CodeGenerated\DE2_115\Lab1_POVS\software\ucosii_tutorial_bsp\libucosii_bsp.a(alt_open.o)
 .data          0x000000000121e244        0x0 D:\Altera\IU3-17M\Gutnikov\embsw\nios_II_lab_1\SysBuild\CodeGenerated\DE2_115\Lab1_POVS\software\ucosii_tutorial_bsp\libucosii_bsp.a(alt_tick.o)
 .data          0x000000000121e244        0x0 D:\Altera\IU3-17M\Gutnikov\embsw\nios_II_lab_1\SysBuild\CodeGenerated\DE2_115\Lab1_POVS\software\ucosii_tutorial_bsp\libucosii_bsp.a(altera_nios2_gen2_irq.o)
 .data          0x000000000121e244        0x0 D:\Altera\IU3-17M\Gutnikov\embsw\nios_II_lab_1\SysBuild\CodeGenerated\DE2_115\Lab1_POVS\software\ucosii_tutorial_bsp\libucosii_bsp.a(os_cpu_a.o)
 .data          0x000000000121e244        0x0 D:\Altera\IU3-17M\Gutnikov\embsw\nios_II_lab_1\SysBuild\CodeGenerated\DE2_115\Lab1_POVS\software\ucosii_tutorial_bsp\libucosii_bsp.a(os_cpu_c.o)
 .data          0x000000000121e244        0x0 D:\Altera\IU3-17M\Gutnikov\embsw\nios_II_lab_1\SysBuild\CodeGenerated\DE2_115\Lab1_POVS\software\ucosii_tutorial_bsp\libucosii_bsp.a(altera_avalon_cfi_flash_amd.o)
 .data          0x000000000121e244        0x0 D:\Altera\IU3-17M\Gutnikov\embsw\nios_II_lab_1\SysBuild\CodeGenerated\DE2_115\Lab1_POVS\software\ucosii_tutorial_bsp\libucosii_bsp.a(altera_avalon_cfi_flash_intel.o)
 .data          0x000000000121e244        0x0 D:\Altera\IU3-17M\Gutnikov\embsw\nios_II_lab_1\SysBuild\CodeGenerated\DE2_115\Lab1_POVS\software\ucosii_tutorial_bsp\libucosii_bsp.a(alt_exception_entry.o)
 .data          0x000000000121e244        0x0 D:\Altera\IU3-17M\Gutnikov\embsw\nios_II_lab_1\SysBuild\CodeGenerated\DE2_115\Lab1_POVS\software\ucosii_tutorial_bsp\libucosii_bsp.a(alt_find_dev.o)
 .data          0x000000000121e244        0x0 D:\Altera\IU3-17M\Gutnikov\embsw\nios_II_lab_1\SysBuild\CodeGenerated\DE2_115\Lab1_POVS\software\ucosii_tutorial_bsp\libucosii_bsp.a(alt_find_file.o)
 .data          0x000000000121e244        0x0 D:\Altera\IU3-17M\Gutnikov\embsw\nios_II_lab_1\SysBuild\CodeGenerated\DE2_115\Lab1_POVS\software\ucosii_tutorial_bsp\libucosii_bsp.a(alt_get_fd.o)
 .data          0x000000000121e244        0x0 D:\Altera\IU3-17M\Gutnikov\embsw\nios_II_lab_1\SysBuild\CodeGenerated\DE2_115\Lab1_POVS\software\ucosii_tutorial_bsp\libucosii_bsp.a(alt_instruction_exception_entry.o)
 .data          0x000000000121e244        0x0 D:\Altera\IU3-17M\Gutnikov\embsw\nios_II_lab_1\SysBuild\CodeGenerated\DE2_115\Lab1_POVS\software\ucosii_tutorial_bsp\libucosii_bsp.a(alt_usleep.o)
 .data          0x000000000121e244        0x0 D:\Altera\IU3-17M\Gutnikov\embsw\nios_II_lab_1\SysBuild\CodeGenerated\DE2_115\Lab1_POVS\software\ucosii_tutorial_bsp\libucosii_bsp.a(alt_busy_sleep.o)
 .data          0x000000000121e244        0x0 c:/altera/15.0/nios2eds/bin/gnu/h-x86_64-mingw32/bin/../lib/gcc/nios2-elf/4.9.1/../../../../../H-x86_64-mingw32/nios2-elf/lib\libc.a(lib_a-atexit.o)
 .data          0x000000000121e244        0x0 c:/altera/15.0/nios2eds/bin/gnu/h-x86_64-mingw32/bin/../lib/gcc/nios2-elf/4.9.1/../../../../../H-x86_64-mingw32/nios2-elf/lib\libc.a(lib_a-memcmp.o)
 .data          0x000000000121e244        0x0 c:/altera/15.0/nios2eds/bin/gnu/h-x86_64-mingw32/bin/../lib/gcc/nios2-elf/4.9.1/../../../../../H-x86_64-mingw32/nios2-elf/lib\libc.a(lib_a-__atexit.o)
                0x0000000001226244                _gp = ABSOLUTE ((. + 0x8000))
                0x0000000001226244                PROVIDE (gp, _gp)
 *(.rwdata .rwdata.*)
 *(.sdata .sdata.* .gnu.linkonce.s.*)
 .sdata         0x000000000121e244        0x4 obj/default/ucosii_tutorial.o
                0x000000000121e244                led_counter
 .sdata         0x000000000121e248        0x8 c:/altera/15.0/nios2eds/bin/gnu/h-x86_64-mingw32/bin/../lib/gcc/nios2-elf/4.9.1/../../../../../H-x86_64-mingw32/nios2-elf/lib\libc.a(lib_a-impure.o)
                0x000000000121e248                _global_impure_ptr
                0x000000000121e24c                _impure_ptr
 .sdata         0x000000000121e250        0x4 c:/altera/15.0/nios2eds/bin/gnu/h-x86_64-mingw32/bin/../lib/gcc/nios2-elf/4.9.1/../../../../../H-x86_64-mingw32/nios2-elf/lib\libc.a(lib_a-locale.o)
                0x000000000121e250                __mb_cur_max
 .sdata         0x000000000121e254        0x8 c:/altera/15.0/nios2eds/bin/gnu/h-x86_64-mingw32/bin/../lib/gcc/nios2-elf/4.9.1/../../../../../H-x86_64-mingw32/nios2-elf/lib\libc.a(lib_a-mallocr.o)
                0x000000000121e254                __malloc_sbrk_base
                0x000000000121e258                __malloc_trim_threshold
 .sdata         0x000000000121e25c        0x4 c:/altera/15.0/nios2eds/bin/gnu/h-x86_64-mingw32/bin/../lib/gcc/nios2-elf/4.9.1/../../../../../H-x86_64-mingw32/nios2-elf/lib\libc.a(lib_a-wctomb_r.o)
                0x000000000121e25c                __wctomb
 .sdata         0x000000000121e260       0x14 D:\Altera\IU3-17M\Gutnikov\embsw\nios_II_lab_1\SysBuild\CodeGenerated\DE2_115\Lab1_POVS\software\ucosii_tutorial_bsp\libucosii_bsp.a(alt_dev.o)
                0x000000000121e260                alt_fs_list
                0x000000000121e268                alt_dev_list
                0x000000000121e270                alt_max_fd
 .sdata         0x000000000121e274        0x4 D:\Altera\IU3-17M\Gutnikov\embsw\nios_II_lab_1\SysBuild\CodeGenerated\DE2_115\Lab1_POVS\software\ucosii_tutorial_bsp\libucosii_bsp.a(alt_errno.o)
                0x000000000121e274                alt_errno
 .sdata         0x000000000121e278        0x4 D:\Altera\IU3-17M\Gutnikov\embsw\nios_II_lab_1\SysBuild\CodeGenerated\DE2_115\Lab1_POVS\software\ucosii_tutorial_bsp\libucosii_bsp.a(alt_irq_vars.o)
                0x000000000121e278                alt_priority_mask
 .sdata         0x000000000121e27c        0x4 D:\Altera\IU3-17M\Gutnikov\embsw\nios_II_lab_1\SysBuild\CodeGenerated\DE2_115\Lab1_POVS\software\ucosii_tutorial_bsp\libucosii_bsp.a(alt_sbrk.o)
 .sdata         0x000000000121e280        0x4 D:\Altera\IU3-17M\Gutnikov\embsw\nios_II_lab_1\SysBuild\CodeGenerated\DE2_115\Lab1_POVS\software\ucosii_tutorial_bsp\libucosii_bsp.a(alt_env_lock.o)
 .sdata         0x000000000121e284        0x4 D:\Altera\IU3-17M\Gutnikov\embsw\nios_II_lab_1\SysBuild\CodeGenerated\DE2_115\Lab1_POVS\software\ucosii_tutorial_bsp\libucosii_bsp.a(alt_malloc_lock.o)
 .sdata         0x000000000121e288       0x74 D:\Altera\IU3-17M\Gutnikov\embsw\nios_II_lab_1\SysBuild\CodeGenerated\DE2_115\Lab1_POVS\software\ucosii_tutorial_bsp\libucosii_bsp.a(os_dbg.o)
                0x000000000121e288                OSDebugEn
                0x000000000121e28c                OSEndiannessTest
                0x000000000121e290                OSEventEn
                0x000000000121e292                OSEventMax
                0x000000000121e294                OSEventNameSize
                0x000000000121e296                OSEventSize
                0x000000000121e298                OSEventTblSize
                0x000000000121e29a                OSEventMultiEn
                0x000000000121e29c                OSFlagEn
                0x000000000121e29e                OSFlagGrpSize
                0x000000000121e2a0                OSFlagNodeSize
                0x000000000121e2a2                OSFlagWidth
                0x000000000121e2a4                OSFlagMax
                0x000000000121e2a6                OSFlagNameSize
                0x000000000121e2a8                OSLowestPrio
                0x000000000121e2aa                OSMboxEn
                0x000000000121e2ac                OSMemEn
                0x000000000121e2ae                OSMemMax
                0x000000000121e2b0                OSMemNameSize
                0x000000000121e2b2                OSMemSize
                0x000000000121e2b4                OSMemTblSize
                0x000000000121e2b6                OSMutexEn
                0x000000000121e2b8                OSPtrSize
                0x000000000121e2ba                OSQEn
                0x000000000121e2bc                OSQMax
                0x000000000121e2be                OSQSize
                0x000000000121e2c0                OSRdyTblSize
                0x000000000121e2c2                OSSemEn
                0x000000000121e2c4                OSStkWidth
                0x000000000121e2c6                OSTaskCreateEn
                0x000000000121e2c8                OSTaskCreateExtEn
                0x000000000121e2ca                OSTaskDelEn
                0x000000000121e2cc                OSTaskIdleStkSize
                0x000000000121e2ce                OSTaskProfileEn
                0x000000000121e2d0                OSTaskMax
                0x000000000121e2d2                OSTaskNameSize
                0x000000000121e2d4                OSTaskStatEn
                0x000000000121e2d6                OSTaskStatStkSize
                0x000000000121e2d8                OSTaskStatStkChkEn
                0x000000000121e2da                OSTaskSwHookEn
                0x000000000121e2dc                OSTCBPrioTblMax
                0x000000000121e2de                OSTCBSize
                0x000000000121e2e0                OSTicksPerSec
                0x000000000121e2e2                OSTimeTickHookEn
                0x000000000121e2e4                OSVersionNbr
                0x000000000121e2e6                OSTmrEn
                0x000000000121e2e8                OSTmrCfgMax
                0x000000000121e2ea                OSTmrCfgNameSize
                0x000000000121e2ec                OSTmrCfgWheelSize
                0x000000000121e2ee                OSTmrCfgTicksPerSec
                0x000000000121e2f0                OSTmrSize
                0x000000000121e2f2                OSTmrTblSize
                0x000000000121e2f4                OSTmrWheelSize
                0x000000000121e2f6                OSTmrWheelTblSize
                0x000000000121e2f8                OSDataSize
 .sdata         0x000000000121e2fc        0x8 D:\Altera\IU3-17M\Gutnikov\embsw\nios_II_lab_1\SysBuild\CodeGenerated\DE2_115\Lab1_POVS\software\ucosii_tutorial_bsp\libucosii_bsp.a(alt_flash_dev.o)
                0x000000000121e2fc                alt_flash_dev_list
 .sdata         0x000000000121e304        0x8 D:\Altera\IU3-17M\Gutnikov\embsw\nios_II_lab_1\SysBuild\CodeGenerated\DE2_115\Lab1_POVS\software\ucosii_tutorial_bsp\libucosii_bsp.a(alt_tick.o)
                0x000000000121e304                alt_alarm_list
 *(.sdata2 .sdata2.* .gnu.linkonce.s2.*)
                0x000000000121e30c                . = ALIGN (0x4)
                0x000000000121e30c                _edata = ABSOLUTE (.)
                0x000000000121e30c                PROVIDE (edata, ABSOLUTE (.))
                0x000000000121e30c                PROVIDE (__ram_rwdata_end, ABSOLUTE (.))
                0x000000000121c6b0                PROVIDE (__flash_rwdata_start, LOADADDR (.rwdata))

.bss            0x000000000121e30c     0xb198
                0x000000000121e30c                __bss_start = ABSOLUTE (.)
                0x000000000121e30c                PROVIDE (__sbss_start, ABSOLUTE (.))
                0x000000000121e30c                PROVIDE (___sbss_start, ABSOLUTE (.))
 *(.dynsbss)
 *(.sbss .sbss.* .gnu.linkonce.sb.*)
 .sbss          0x000000000121e30c       0x18 obj/default/ucosii_tutorial.o
                0x000000000121e30c                button_pressed
                0x000000000121e310                number_of_messages_sent
                0x000000000121e314                number_of_messages_received_task1
                0x000000000121e318                number_of_messages_received_task2
                0x000000000121e31c                getsem_task1_got_sem
                0x000000000121e320                getsem_task2_got_sem
 .sbss          0x000000000121e324       0x10 obj/default/ucosii_tutorial.o
                0x000000000121e324                msgqueue
                0x000000000121e328                led
                0x000000000121e32c                counter
                0x000000000121e330                shared_resource_sem
 .sbss          0x000000000121e334        0xc c:/altera/15.0/nios2eds/bin/gnu/h-x86_64-mingw32/bin/../lib/gcc/nios2-elf/4.9.1/../../../../../H-x86_64-mingw32/nios2-elf/lib\libc.a(lib_a-locale.o)
                0x000000000121e334                _PathLocale
                0x000000000121e338                __mlocale_changed
                0x000000000121e33c                __nlocale_changed
 .sbss          0x000000000121e340        0xc c:/altera/15.0/nios2eds/bin/gnu/h-x86_64-mingw32/bin/../lib/gcc/nios2-elf/4.9.1/../../../../../H-x86_64-mingw32/nios2-elf/lib\libc.a(lib_a-mallocr.o)
                0x000000000121e340                __malloc_max_total_mem
                0x000000000121e344                __malloc_max_sbrked_mem
                0x000000000121e348                __malloc_top_pad
 .sbss          0x000000000121e34c        0x4 c:/altera/15.0/nios2eds/bin/gnu/h-x86_64-mingw32/bin/../lib/gcc/nios2-elf/4.9.1/../../../../../H-x86_64-mingw32/nios2-elf/lib\libc.a(lib_a-int_errno.o)
                0x000000000121e34c                errno
 .sbss          0x000000000121e350        0x4 D:\Altera\IU3-17M\Gutnikov\embsw\nios_II_lab_1\SysBuild\CodeGenerated\DE2_115\Lab1_POVS\software\ucosii_tutorial_bsp\libucosii_bsp.a(alt_dev.o)
                0x000000000121e350                alt_fd_list_lock
 .sbss          0x000000000121e354        0x4 D:\Altera\IU3-17M\Gutnikov\embsw\nios_II_lab_1\SysBuild\CodeGenerated\DE2_115\Lab1_POVS\software\ucosii_tutorial_bsp\libucosii_bsp.a(alt_irq_vars.o)
                0x000000000121e354                alt_irq_active
 .sbss          0x000000000121e358        0xc D:\Altera\IU3-17M\Gutnikov\embsw\nios_II_lab_1\SysBuild\CodeGenerated\DE2_115\Lab1_POVS\software\ucosii_tutorial_bsp\libucosii_bsp.a(alt_main.o)
                0x000000000121e358                alt_argc
                0x000000000121e35c                alt_argv
                0x000000000121e360                alt_envp
 .sbss          0x000000000121e364        0x8 D:\Altera\IU3-17M\Gutnikov\embsw\nios_II_lab_1\SysBuild\CodeGenerated\DE2_115\Lab1_POVS\software\ucosii_tutorial_bsp\libucosii_bsp.a(alt_env_lock.o)
                0x000000000121e368                alt_envsem
 .sbss          0x000000000121e36c        0x8 D:\Altera\IU3-17M\Gutnikov\embsw\nios_II_lab_1\SysBuild\CodeGenerated\DE2_115\Lab1_POVS\software\ucosii_tutorial_bsp\libucosii_bsp.a(alt_malloc_lock.o)
                0x000000000121e370                alt_heapsem
 .sbss          0x000000000121e374       0x68 D:\Altera\IU3-17M\Gutnikov\embsw\nios_II_lab_1\SysBuild\CodeGenerated\DE2_115\Lab1_POVS\software\ucosii_tutorial_bsp\libucosii_bsp.a(os_core.o)
                0x000000000121e374                OSTmrFreeList
                0x000000000121e378                OSLockNesting
                0x000000000121e37c                OSTmrSemSignal
                0x000000000121e380                OSRunning
                0x000000000121e384                OSIdleCtr
                0x000000000121e388                OSTmrUsed
                0x000000000121e38a                OSPrioHighRdy
                0x000000000121e38b                OSPrioCur
                0x000000000121e38c                OSTCBList
                0x000000000121e390                OSTickStepState
                0x000000000121e394                OSCtxSwCtr
                0x000000000121e398                OSTmrFree
                0x000000000121e39c                OSIdleCtrMax
                0x000000000121e3a0                OSTCBFreeList
                0x000000000121e3a4                OSCPUUsage
                0x000000000121e3a5                OSTaskCtr
                0x000000000121e3a8                OSMemFreeList
                0x000000000121e3ac                OSTCBHighRdy
                0x000000000121e3b0                OSQFreeList
                0x000000000121e3b4                OSRdyGrp
                0x000000000121e3b5                OSRdyTbl
                0x000000000121e3b8                OSEventFreeList
                0x000000000121e3bc                OSIntNesting
                0x000000000121e3c0                OSTCBCur
                0x000000000121e3c4                OSTmrTime