Archive member included to satisfy reference by file (symbol)

c:/altera/15.0/nios2eds/bin/gnu/h-x86_64-mingw32/bin/../lib/gcc/nios2-elf/4.9.1\libgcc.a(lib2-divmod.o)
                              obj/default/hello_world.o (__divsi3)
c:/altera/15.0/nios2eds/bin/gnu/h-x86_64-mingw32/bin/../lib/gcc/nios2-elf/4.9.1\libgcc.a(lib2-divtable.o)
                              obj/default/hello_world.o (__divsi3_table)
c:/altera/15.0/nios2eds/bin/gnu/h-x86_64-mingw32/bin/../lib/gcc/nios2-elf/4.9.1/../../../../../H-x86_64-mingw32/nios2-elf/lib\libc.a(lib_a-printf.o)
                              obj/default/hello_world.o (printf)
c:/altera/15.0/nios2eds/bin/gnu/h-x86_64-mingw32/bin/../lib/gcc/nios2-elf/4.9.1/../../../../../H-x86_64-mingw32/nios2-elf/lib\libc.a(lib_a-putchar.o)
                              obj/default/hello_world.o (putchar)
c:/altera/15.0/nios2eds/bin/gnu/h-x86_64-mingw32/bin/../lib/gcc/nios2-elf/4.9.1/../../../../../H-x86_64-mingw32/nios2-elf/lib\libc.a(lib_a-rand.o)
                              obj/default/hello_world.o (srand)
c:/altera/15.0/nios2eds/bin/gnu/h-x86_64-mingw32/bin/../lib/gcc/nios2-elf/4.9.1/../../../../../H-x86_64-mingw32/nios2-elf/lib\libc.a(lib_a-time.o)
                              obj/default/hello_world.o (time)
c:/altera/15.0/nios2eds/bin/gnu/h-x86_64-mingw32/bin/../lib/gcc/nios2-elf/4.9.1/../../../../../H-x86_64-mingw32/nios2-elf/lib\libc.a(lib_a-vfprintf.o)
                              c:/altera/15.0/nios2eds/bin/gnu/h-x86_64-mingw32/bin/../lib/gcc/nios2-elf/4.9.1/../../../../../H-x86_64-mingw32/nios2-elf/lib\libc.a(lib_a-printf.o) (___vfprintf_internal_r)
c:/altera/15.0/nios2eds/bin/gnu/h-x86_64-mingw32/bin/../lib/gcc/nios2-elf/4.9.1/../../../../../H-x86_64-mingw32/nios2-elf/lib\libc.a(lib_a-wsetup.o)
                              c:/altera/15.0/nios2eds/bin/gnu/h-x86_64-mingw32/bin/../lib/gcc/nios2-elf/4.9.1/../../../../../H-x86_64-mingw32/nios2-elf/lib\libc.a(lib_a-vfprintf.o) (__swsetup_r)
c:/altera/15.0/nios2eds/bin/gnu/h-x86_64-mingw32/bin/../lib/gcc/nios2-elf/4.9.1/../../../../../H-x86_64-mingw32/nios2-elf/lib\libc.a(lib_a-dtoa.o)
                              c:/altera/15.0/nios2eds/bin/gnu/h-x86_64-mingw32/bin/../lib/gcc/nios2-elf/4.9.1/../../../../../H-x86_64-mingw32/nios2-elf/lib\libc.a(lib_a-vfprintf.o) (_dtoa_r)
c:/altera/15.0/nios2eds/bin/gnu/h-x86_64-mingw32/bin/../lib/gcc/nios2-elf/4.9.1/../../../../../H-x86_64-mingw32/nios2-elf/lib\libc.a(lib_a-fflush.o)
                              c:/altera/15.0/nios2eds/bin/gnu/h-x86_64-mingw32/bin/../lib/gcc/nios2-elf/4.9.1/../../../../../H-x86_64-mingw32/nios2-elf/lib\libc.a(lib_a-vfprintf.o) (_fflush_r)
c:/altera/15.0/nios2eds/bin/gnu/h-x86_64-mingw32/bin/../lib/gcc/nios2-elf/4.9.1/../../../../../H-x86_64-mingw32/nios2-elf/lib\libc.a(lib_a-findfp.o)
                              c:/altera/15.0/nios2eds/bin/gnu/h-x86_64-mingw32/bin/../lib/gcc/nios2-elf/4.9.1/../../../../../H-x86_64-mingw32/nios2-elf/lib\libc.a(lib_a-vfprintf.o) (__sinit)
c:/altera/15.0/nios2eds/bin/gnu/h-x86_64-mingw32/bin/../lib/gcc/nios2-elf/4.9.1/../../../../../H-x86_64-mingw32/nios2-elf/lib\libc.a(lib_a-freer.o)
                              c:/altera/15.0/nios2eds/bin/gnu/h-x86_64-mingw32/bin/../lib/gcc/nios2-elf/4.9.1/../../../../../H-x86_64-mingw32/nios2-elf/lib\libc.a(lib_a-wsetup.o) (_free_r)
c:/altera/15.0/nios2eds/bin/gnu/h-x86_64-mingw32/bin/../lib/gcc/nios2-elf/4.9.1/../../../../../H-x86_64-mingw32/nios2-elf/lib\libc.a(lib_a-fwalk.o)
                              c:/altera/15.0/nios2eds/bin/gnu/h-x86_64-mingw32/bin/../lib/gcc/nios2-elf/4.9.1/../../../../../H-x86_64-mingw32/nios2-elf/lib\libc.a(lib_a-findfp.o) (_fwalk)
c:/altera/15.0/nios2eds/bin/gnu/h-x86_64-mingw32/bin/../lib/gcc/nios2-elf/4.9.1/../../../../../H-x86_64-mingw32/nios2-elf/lib\libc.a(lib_a-gettimeofdayr.o)
                              c:/altera/15.0/nios2eds/bin/gnu/h-x86_64-mingw32/bin/../lib/gcc/nios2-elf/4.9.1/../../../../../H-x86_64-mingw32/nios2-elf/lib\libc.a(lib_a-time.o) (_gettimeofday_r)
c:/altera/15.0/nios2eds/bin/gnu/h-x86_64-mingw32/bin/../lib/gcc/nios2-elf/4.9.1/../../../../../H-x86_64-mingw32/nios2-elf/lib\libc.a(lib_a-impure.o)
                              c:/altera/15.0/nios2eds/bin/gnu/h-x86_64-mingw32/bin/../lib/gcc/nios2-elf/4.9.1/../../../../../H-x86_64-mingw32/nios2-elf/lib\libc.a(lib_a-fflush.o) (_global_impure_ptr)
c:/altera/15.0/nios2eds/bin/gnu/h-x86_64-mingw32/bin/../lib/gcc/nios2-elf/4.9.1/../../../../../H-x86_64-mingw32/nios2-elf/lib\libc.a(lib_a-int_errno.o)
                              c:/altera/15.0/nios2eds/bin/gnu/h-x86_64-mingw32/bin/../lib/gcc/nios2-elf/4.9.1/../../../../../H-x86_64-mingw32/nios2-elf/lib\libc.a(lib_a-gettimeofdayr.o) (errno)
c:/altera/15.0/nios2eds/bin/gnu/h-x86_64-mingw32/bin/../lib/gcc/nios2-elf/4.9.1/../../../../../H-x86_64-mingw32/nios2-elf/lib\libc.a(lib_a-locale.o)
[...]
Memory Configuration

Name             Origin             Length             Attributes
reset            0x0000000000800000 0x0000000000000020
ext_flash_ctl    0x0000000000800020 0x00000000007fffe0
ext_ram_ctl_BEFORE_EXCEPTION 0x0000000001200000 0x0000000000000020
ext_ram_ctl      0x0000000001200020 0x00000000001fffe0
instruction_tcm  0x0000000002000000 0x0000000000004000
*default*        0x0000000000000000 0xffffffffffffffff

Linker script and memory map

LOAD ../hello_bsp1//obj/HAL/src/crt0.o
LOAD obj/default/hello_world.o
LOAD c:/altera/15.0/nios2eds/bin/gnu/h-x86_64-mingw32/bin/../lib/gcc/nios2-elf/4.9.1/../../../../../H-x86_64-mingw32/nios2-elf/lib\libstdc++.a
LOAD c:/altera/15.0/nios2eds/bin/gnu/h-x86_64-mingw32/bin/../lib/gcc/nios2-elf/4.9.1/../../../../../H-x86_64-mingw32/nios2-elf/lib\libm.a
LOAD c:/altera/15.0/nios2eds/bin/gnu/h-x86_64-mingw32/bin/../lib/gcc/nios2-elf/4.9.1\libgcc.a
START GROUP
LOAD c:/altera/15.0/nios2eds/bin/gnu/h-x86_64-mingw32/bin/../lib/gcc/nios2-elf/4.9.1/../../../../../H-x86_64-mingw32/nios2-elf/lib\libc.a
LOAD c:/altera/15.0/nios2eds/bin/gnu/h-x86_64-mingw32/bin/../lib/gcc/nios2-elf/4.9.1\libgcc.a
LOAD ../hello_bsp1/\libhal_bsp.a
LOAD c:/altera/15.0/nios2eds/bin/gnu/h-x86_64-mingw32/bin/../lib/gcc/nios2-elf/4.9.1/../../../../../H-x86_64-mingw32/nios2-elf/lib\libm.a
END GROUP
LOAD c:/altera/15.0/nios2eds/bin/gnu/h-x86_64-mingw32/bin/../lib/gcc/nios2-elf/4.9.1\libgcc.a
                0x0000000000800000                __alt_mem_ext_flash_ctl = 0x800000
                0x0000000001200000                __alt_mem_ext_ram_ctl = 0x1200000
                0x0000000002000000                __alt_mem_instruction_tcm = 0x2000000

.entry          0x0000000000800000        0x0
 *(.entry)
 .entry         0x0000000000800000        0x0 ../hello_bsp1//obj/HAL/src/crt0.o
                0x0000000000800000                __reset

.exceptions     0x0000000001200020      0x220
                0x0000000001200020                PROVIDE (__ram_exceptions_start, ABSOLUTE (.))
                0x0000000001200020                . = ALIGN (0x20)
 *(.irq)
 *(.exceptions.entry.label)
 .exceptions.entry.label
                0x0000000001200020        0x0 ../hello_bsp1/\libhal_bsp.a(alt_irq_entry.o)
                0x0000000001200020                alt_irq_entry
 .exceptions.entry.label
                0x0000000001200020        0x0 ../hello_bsp1/\libhal_bsp.a(alt_exception_entry.o)
                0x0000000001200020                alt_exception
 *(.exceptions.entry.user)
 *(.exceptions.entry.ecc_fatal)
 *(.exceptions.entry)
 .exceptions.entry
                0x0000000001200020       0x54 ../hello_bsp1/\libhal_bsp.a(alt_exception_entry.o)
 *(.exceptions.irqtest.user)
 *(.exceptions.irqtest)
 .exceptions.irqtest
                0x0000000001200074       0x10 ../hello_bsp1/\libhal_bsp.a(alt_irq_entry.o)
 *(.exceptions.irqhandler.user)
 *(.exceptions.irqhandler)
 .exceptions.irqhandler
                0x0000000001200084        0x4 ../hello_bsp1/\libhal_bsp.a(alt_irq_entry.o)
 *(.exceptions.irqreturn.user)
 *(.exceptions.irqreturn)
 .exceptions.irqreturn
                0x0000000001200088        0x4 ../hello_bsp1/\libhal_bsp.a(alt_irq_entry.o)
 *(.exceptions.notirq.label)
 .exceptions.notirq.label
                0x000000000120008c        0x0 ../hello_bsp1/\libhal_bsp.a(alt_irq_entry.o)
 *(.exceptions.notirq.user)
 *(.exceptions.notirq)
 .exceptions.notirq
                0x000000000120008c        0x8 ../hello_bsp1/\libhal_bsp.a(alt_exception_entry.o)
 *(.exceptions.soft.user)
 *(.exceptions.soft)
 *(.exceptions.unknown.user)
 *(.exceptions.unknown)
 .exceptions.unknown
                0x0000000001200094       0x14 ../hello_bsp1/\libhal_bsp.a(alt_exception_entry.o)
 *(.exceptions.exit.label)
 .exceptions.exit.label
                0x00000000012000a8        0x0 ../hello_bsp1/\libhal_bsp.a(alt_irq_entry.o)
 .exceptions.exit.label
                0x00000000012000a8        0x0 ../hello_bsp1/\libhal_bsp.a(alt_exception_entry.o)
 *(.exceptions.exit.user)
 *(.exceptions.exit)
 .exceptions.exit
                0x00000000012000a8       0x54 ../hello_bsp1/\libhal_bsp.a(alt_exception_entry.o)
 *(.exceptions)
 .exceptions    0x00000000012000fc       0xd0 ../hello_bsp1/\libhal_bsp.a(alt_irq_handler.o)
                0x00000000012000fc                alt_irq_handler
 .exceptions    0x00000000012001cc       0x74 ../hello_bsp1/\libhal_bsp.a(alt_instruction_exception_entry.o)
                0x00000000012001cc                alt_instruction_exception_entry
                0x0000000001200240                PROVIDE (__ram_exceptions_end, ABSOLUTE (.))
                0x0000000001200020                PROVIDE (__flash_exceptions_start, LOADADDR (.exceptions))

.text           0x0000000001200240    0x11d04
                0x0000000001200240                PROVIDE (stext, ABSOLUTE (.))
 *(.interp)
 *(.hash)
 *(.dynsym)
 *(.dynstr)
 *(.gnu.version)
 *(.gnu.version_d)
 *(.gnu.version_r)
 *(.rel.init)
 *(.rela.init)
 *(.rel.text .rel.text.* .rel.gnu.linkonce.t.*)
 *(.rela.text .rela.text.* .rela.gnu.linkonce.t.*)
 *(.rel.fini)
 *(.rela.fini)
 *(.rel.rodata .rel.rodata.* .rel.gnu.linkonce.r.*)
 *(.rela.rodata .rela.rodata.* .rela.gnu.linkonce.r.*)
 *(.rel.data .rel.data.* .rel.gnu.linkonce.d.*)
 *(.rela.data .rela.data.* .rela.gnu.linkonce.d.*)
 *(.rel.tdata .rel.tdata.* .rel.gnu.linkonce.td.*)
 *(.rela.tdata .rela.tdata.* .rela.gnu.linkonce.td.*)
 *(.rel.tbss .rel.tbss.* .rel.gnu.linkonce.tb.*)
 *(.rela.tbss .rela.tbss.* .rela.gnu.linkonce.tb.*)
 *(.rel.ctors)
 *(.rela.ctors)
 *(.rel.dtors)
 *(.rela.dtors)
 *(.rel.got)
 *(.rela.got)
 *(.rel.sdata .rel.sdata.* .rel.gnu.linkonce.s.*)
 *(.rela.sdata .rela.sdata.* .rela.gnu.linkonce.s.*)
 *(.rel.sbss .rel.sbss.* .rel.gnu.linkonce.sb.*)
 *(.rela.sbss .rela.sbss.* .rela.gnu.linkonce.sb.*)
 *(.rel.sdata2 .rel.sdata2.* .rel.gnu.linkonce.s2.*)
 *(.rela.sdata2 .rela.sdata2.* .rela.gnu.linkonce.s2.*)
 *(.rel.sbss2 .rel.sbss2.* .rel.gnu.linkonce.sb2.*)
 *(.rela.sbss2 .rela.sbss2.* .rela.gnu.linkonce.sb2.*)
 *(.rel.bss .rel.bss.* .rel.gnu.linkonce.b.*)
 *(.rela.bss .rela.bss.* .rela.gnu.linkonce.b.*)
 *(.rel.plt)
 *(.rela.plt)
 *(.rel.dyn)
 *(.init)
 *(.plt)
 *(.text .stub .text.* .gnu.linkonce.t.*)
 .text          0x0000000001200240       0x48 ../hello_bsp1//obj/HAL/src/crt0.o
                0x0000000001200240                _start
 .text          0x0000000001200288      0x124 obj/default/hello_world.o
                0x0000000001200288                arrays
 .text.startup  0x00000000012003ac       0x70 obj/default/hello_world.o
                0x00000000012003ac                main
 .text          0x000000000120041c      0x12c c:/altera/15.0/nios2eds/bin/gnu/h-x86_64-mingw32/bin/../lib/gcc/nios2-elf/4.9.1\libgcc.a(lib2-divmod.o)
                0x0000000001200488                __divsi3
                0x00000000012004dc                __modsi3
                0x0000000001200538                __udivsi3
                0x0000000001200540                __umodsi3
 .text          0x0000000001200548        0x0 c:/altera/15.0/nios2eds/bin/gnu/h-x86_64-mingw32/bin/../lib/gcc/nios2-elf/4.9.1\libgcc.a(lib2-divtable.o)
 .text          0x0000000001200548       0x68 c:/altera/15.0/nios2eds/bin/gnu/h-x86_64-mingw32/bin/../lib/gcc/nios2-elf/4.9.1/../../../../../H-x86_64-mingw32/nios2-elf/lib\libc.a(lib_a-printf.o)
                0x0000000001200548                _printf_r
                0x0000000001200574                printf
 .text          0x00000000012005b0       0x20 c:/altera/15.0/nios2eds/bin/gnu/h-x86_64-mingw32/bin/../lib/gcc/nios2-elf/4.9.1/../../../../../H-x86_64-mingw32/nios2-elf/lib\libc.a(lib_a-putchar.o)
                0x00000000012005b0                _putchar_r
                0x00000000012005b8                putchar
 .text          0x00000000012005d0       0x7c c:/altera/15.0/nios2eds/bin/gnu/h-x86_64-mingw32/bin/../lib/gcc/nios2-elf/4.9.1/../../../../../H-x86_64-mingw32/nios2-elf/lib\libc.a(lib_a-rand.o)
                0x00000000012005d0                srand
                0x00000000012005e8                rand
 .text          0x000000000120064c       0x50 c:/altera/15.0/nios2eds/bin/gnu/h-x86_64-mingw32/bin/../lib/gcc/nios2-elf/4.9.1/../../../../../H-x86_64-mingw32/nios2-elf/lib\libc.a(lib_a-time.o)
                0x000000000120064c                time
 .text          0x000000000120069c     0x2020 c:/altera/15.0/nios2eds/bin/gnu/h-x86_64-mingw32/bin/../lib/gcc/nios2-elf/4.9.1/../../../../../H-x86_64-mingw32/nios2-elf/lib\libc.a(lib_a-vfprintf.o)
                0x000000000120069c                ___vfprintf_internal_r
                0x0000000001202698                __vfprintf_internal
 .text          0x00000000012026bc      0x130 c:/altera/15.0/nios2eds/bin/gnu/h-x86_64-mingw32/bin/../lib/gcc/nios2-elf/4.9.1/../../../../../H-x86_64-mingw32/nios2-elf/lib\libc.a(lib_a-wsetup.o)
                0x00000000012026bc                __swsetup_r
 .text          0x00000000012027ec     0x1928 c:/altera/15.0/nios2eds/bin/gnu/h-x86_64-mingw32/bin/../lib/gcc/nios2-elf/4.9.1/../../../../../H-x86_64-mingw32/nios2-elf/lib\libc.a(lib_a-dtoa.o)
                0x00000000012029ec                _dtoa_r
 .text          0x0000000001204114      0x258 c:/altera/15.0/nios2eds/bin/gnu/h-x86_64-mingw32/bin/../lib/gcc/nios2-elf/4.9.1/../../../../../H-x86_64-mingw32/nios2-elf/lib\libc.a(lib_a-fflush.o)
                0x0000000001204114                _fflush_r
                0x000000000120433c                fflush
 .text          0x000000000120436c      0x3a0 c:/altera/15.0/nios2eds/bin/gnu/h-x86_64-mingw32/bin/../lib/gcc/nios2-elf/4.9.1/../../../../../H-x86_64-mingw32/nios2-elf/lib\libc.a(lib_a-findfp.o)
                0x000000000120437c                _cleanup_r
                0x0000000001204528                __sfmoreglue
                0x000000000120458c                __sfp
                0x00000000012046a4                _cleanup
                0x00000000012046bc                __sinit
                0x00000000012046cc                __sfp_lock_acquire
                0x00000000012046d0                __sfp_lock_release
                0x00000000012046d4                __sinit_lock_acquire
                0x00000000012046d8                __sinit_lock_release
                0x00000000012046dc                __fp_lock_all
                0x00000000012046f4                __fp_unlock_all
 .text          0x000000000120470c      0x414 c:/altera/15.0/nios2eds/bin/gnu/h-x86_64-mingw32/bin/../lib/gcc/nios2-elf/4.9.1/../../../../../H-x86_64-mingw32/nios2-elf/lib\libc.a(lib_a-freer.o)
                0x000000000120470c                _malloc_trim_r
                0x0000000001204830                _free_r
 .text          0x0000000001204b20      0x170 c:/altera/15.0/nios2eds/bin/gnu/h-x86_64-mingw32/bin/../lib/gcc/nios2-elf/4.9.1/../../../../../H-x86_64-mingw32/nios2-elf/lib\libc.a(lib_a-fwalk.o)
                0x0000000001204b20                _fwalk
                0x0000000001204bd8                _fwalk_reent
 .text          0x0000000001204c90       0x58 c:/altera/15.0/nios2eds/bin/gnu/h-x86_64-mingw32/bin/../lib/gcc/nios2-elf/4.9.1/../../../../../H-x86_64-mingw32/nios2-elf/lib\libc.a(lib_a-gettimeofdayr.o)
                0x0000000001204c90                _gettimeofday_r
 .text          0x0000000001204ce8        0x0 c:/altera/15.0/nios2eds/bin/gnu/h-x86_64-mingw32/bin/../lib/gcc/nios2-elf/4.9.1/../../../../../H-x86_64-mingw32/nios2-elf/lib\libc.a(lib_a-impure.o)
 .text          0x0000000001204ce8        0x0 c:/altera/15.0/nios2eds/bin/gnu/h-x86_64-mingw32/bin/../lib/gcc/nios2-elf/4.9.1/../../../../../H-x86_64-mingw32/nios2-elf/lib\libc.a(lib_a-int_errno.o)
 .text          0x0000000001204ce8       0xe0 c:/altera/15.0/nios2eds/bin/gnu/h-x86_64-mingw32/bin/../lib/gcc/nios2-elf/4.9.1/../../../../../H-x86_64-mingw32/nios2-elf/lib\libc.a(lib_a-locale.o)
                0x0000000001204ce8                _setlocale_r
                0x0000000001204d64                __locale_charset
                0x0000000001204d70                __locale_mb_cur_max
                0x0000000001204d80                __locale_msgcharset
                0x0000000001204d8c                __locale_cjk_lang
                0x0000000001204d94                _localeconv_r
                0x0000000001204da0                setlocale
                0x0000000001204dbc                localeconv
 .text          0x0000000001204dc8      0x1b8 c:/altera/15.0/nios2eds/bin/gnu/h-x86_64-mingw32/bin/../lib/gcc/nios2-elf/4.9.1/../../../../../H-x86_64-mingw32/nios2-elf/lib\libc.a(lib_a-makebuf.o)
                0x0000000001204dc8                __smakebuf_r
 .text          0x0000000001204f80      0x7a8 c:/altera/15.0/nios2eds/bin/gnu/h-x86_64-mingw32/bin/../lib/gcc/nios2-elf/4.9.1/../../../../../H-x86_64-mingw32/nios2-elf/lib\libc.a(lib_a-mallocr.o)
                0x0000000001204f80                _malloc_r
 .text          0x0000000001205728       0xe8 c:/altera/15.0/nios2eds/bin/gnu/h-x86_64-mingw32/bin/../lib/gcc/nios2-elf/4.9.1/../../../../../H-x86_64-mingw32/nios2-elf/lib\libc.a(lib_a-memchr.o)
                0x0000000001205728                memchr
 .text          0x0000000001205810      0x138 c:/altera/15.0/nios2eds/bin/gnu/h-x86_64-mingw32/bin/../lib/gcc/nios2-elf/4.9.1/../../../../../H-x86_64-mingw32/nios2-elf/lib\libc.a(lib_a-memcpy.o)
                0x0000000001205810                memcpy
 .text          0x0000000001205948      0x124 c:/altera/15.0/nios2eds/bin/gnu/h-x86_64-mingw32/bin/../lib/gcc/nios2-elf/4.9.1/../../../../../H-x86_64-mingw32/nios2-elf/lib\libc.a(lib_a-memset.o)
                0x0000000001205948                memset
 .text          0x0000000001205a6c      0xf8c c:/altera/15.0/nios2eds/bin/gnu/h-x86_64-mingw32/bin/../lib/gcc/nios2-elf/4.9.1/../../../../../H-x86_64-mingw32/nios2-elf/lib\libc.a(lib_a-mprec.o)
                0x0000000001205a6c                _Balloc
                0x0000000001205b14                _Bfree
                0x0000000001205b3c                __multadd
                0x0000000001205c50                __s2b
                0x0000000001205d54                __hi0bits
                0x0000000001205dbc                __lo0bits
                0x0000000001205e6c                __i2b
                0x0000000001205ea8                __multiply
                0x00000000012060a4                __pow5mult
                0x00000000012061e4                __lshift
                0x000000000120632c                __mcmp
                0x000000000120638c                __mdiff
                0x0000000001206524                __ulp
                0x0000000001206584                __b2d
                0x00000000012066a0                __d2b
                0x00000000012067dc                __ratio
                0x0000000001206880                _mprec_log10
                0x00000000012068f4                __copybits
                0x000000000120696c                __any_on
 .text          0x00000000012069f8      0x168 c:/altera/15.0/nios2eds/bin/gnu/h-x86_64-mingw32/bin/../lib/gcc/nios2-elf/4.9.1/../../../../../H-x86_64-mingw32/nios2-elf/lib\libc.a(lib_a-putc.o)
                0x00000000012069f8                _putc_r
                0x0000000001206a98                putc
 .text          0x0000000001206b60       0x74 c:/altera/15.0/nios2eds/bin/gnu/h-x86_64-mingw32/bin/../lib/gcc/nios2-elf/4.9.1/../../../../../H-x86_64-mingw32/nios2-elf/lib\libc.a(lib_a-s_fpclassify.o)
                0x0000000001206b60                __fpclassifyd
 .text          0x0000000001206bd4       0x54 c:/altera/15.0/nios2eds/bin/gnu/h-x86_64-mingw32/bin/../lib/gcc/nios2-elf/4.9.1/../../../../../H-x86_64-mingw32/nios2-elf/lib\libc.a(lib_a-sbrkr.o)
                0x0000000001206bd4                _sbrk_r
 .text          0x0000000001206c28      0x13c c:/altera/15.0/nios2eds/bin/gnu/h-x86_64-mingw32/bin/../lib/gcc/nios2-elf/4.9.1/../../../../../H-x86_64-mingw32/nios2-elf/lib\libc.a(lib_a-stdio.o)
                0x0000000001206c28                __sread
                0x0000000001206c7c                __seofread
                0x0000000001206c84                __swrite
                0x0000000001206d00                __sseek
                0x0000000001206d5c                __sclose
 .text          0x0000000001206d64       0xa4 c:/altera/15.0/nios2eds/bin/gnu/h-x86_64-mingw32/bin/../lib/gcc/nios2-elf/4.9.1/../../../../../H-x86_64-mingw32/nios2-elf/lib\libc.a(lib_a-strcmp.o)
                0x0000000001206d64                strcmp
 .text          0x0000000001206e08       0x98 c:/altera/15.0/nios2eds/bin/gnu/h-x86_64-mingw32/bin/../lib/gcc/nios2-elf/4.9.1/../../../../../H-x86_64-mingw32/nios2-elf/lib\libc.a(lib_a-strlen.o)
                0x0000000001206e08                strlen
 .text          0x0000000001206ea0     0x1494 c:/altera/15.0/nios2eds/bin/gnu/h-x86_64-mingw32/bin/../lib/gcc/nios2-elf/4.9.1/../../../../../H-x86_64-mingw32/nios2-elf/lib\libc.a(lib_a-vfiprintf.o)
                0x0000000001206f9c                __sprint_r
                0x0000000001206fb4                ___vfiprintf_internal_r
                0x0000000001208310                __vfiprintf_internal
 .text          0x0000000001208334      0x170 c:/altera/15.0/nios2eds/bin/gnu/h-x86_64-mingw32/bin/../lib/gcc/nios2-elf/4.9.1/../../../../../H-x86_64-mingw32/nios2-elf/lib\libc.a(lib_a-wbuf.o)
                0x0000000001208334                __swbuf_r
                0x0000000001208488                __swbuf
 .text          0x00000000012084a4       0x5c c:/altera/15.0/nios2eds/bin/gnu/h-x86_64-mingw32/bin/../lib/gcc/nios2-elf/4.9.1/../../../../../H-x86_64-mingw32/nios2-elf/lib\libc.a(lib_a-writer.o)
                0x00000000012084a4                _write_r
 .text          0x0000000001208500       0x54 c:/altera/15.0/nios2eds/bin/gnu/h-x86_64-mingw32/bin/../lib/gcc/nios2-elf/4.9.1/../../../../../H-x86_64-mingw32/nios2-elf/lib\libc.a(closer.o)
                0x0000000001208500                _close_r
 .text          0x0000000001208554       0xc4 c:/altera/15.0/nios2eds/bin/gnu/h-x86_64-mingw32/bin/../lib/gcc/nios2-elf/4.9.1/../../../../../H-x86_64-mingw32/nios2-elf/lib\libc.a(lib_a-callocr.o)
                0x0000000001208554                _calloc_r
 .text          0x0000000001208618      0x114 c:/altera/15.0/nios2eds/bin/gnu/h-x86_64-mingw32/bin/../lib/gcc/nios2-elf/4.9.1/../../../../../H-x86_64-mingw32/nios2-elf/lib\libc.a(lib_a-fclose.o)
                0x0000000001208618                _fclose_r
                0x0000000001208718                fclose
 .text          0x000000000120872c      0x1dc c:/altera/15.0/nios2eds/bin/gnu/h-x86_64-mingw32/bin/../lib/gcc/nios2-elf/4.9.1/../../../../../H-x86_64-mingw32/nios2-elf/lib\libc.a(lib_a-fputwc.o)
                0x000000000120872c                _fputwc_r
                0x00000000012088b0                fputwc
 .text          0x0000000001208908       0x58 c:/altera/15.0/nios2eds/bin/gnu/h-x86_64-mingw32/bin/../lib/gcc/nios2-elf/4.9.1/../../../../../H-x86_64-mingw32/nios2-elf/lib\libc.a(lib_a-fstatr.o)
                0x0000000001208908                _fstat_r
 .text          0x0000000001208960      0x4a4 c:/altera/15.0/nios2eds/bin/gnu/h-x86_64-mingw32/bin/../lib/gcc/nios2-elf/4.9.1/../../../../../H-x86_64-mingw32/nios2-elf/lib\libc.a(lib_a-fvwrite.o)
                0x0000000001208960                __sfvwrite_r
 .text          0x0000000001208e04       0x54 c:/altera/15.0/nios2eds/bin/gnu/h-x86_64-mingw32/bin/../lib/gcc/nios2-elf/4.9.1/../../../../../H-x86_64-mingw32/nios2-elf/lib\libc.a(lib_a-isattyr.o)
                0x0000000001208e04                _isatty_r
 .text          0x0000000001208e58       0x5c c:/altera/15.0/nios2eds/bin/gnu/h-x86_64-mingw32/bin/../lib/gcc/nios2-elf/4.9.1/../../../../../H-x86_64-mingw32/nios2-elf/lib\libc.a(lib_a-lseekr.o)
                0x0000000001208e58                _lseek_r
 .text          0x0000000001208eb4      0x15c c:/altera/15.0/nios2eds/bin/gnu/h-x86_64-mingw32/bin/../lib/gcc/nios2-elf/4.9.1/../../../../../H-x86_64-mingw32/nios2-elf/lib\libc.a(lib_a-memmove.o)
                0x0000000001208eb4                memmove
 .text          0x0000000001209010       0x5c c:/altera/15.0/nios2eds/bin/gnu/h-x86_64-mingw32/bin/../lib/gcc/nios2-elf/4.9.1/../../../../../H-x86_64-mingw32/nios2-elf/lib\libc.a(lib_a-readr.o)
                0x0000000001209010                _read_r
 .text          0x000000000120906c      0x5a0 c:/altera/15.0/nios2eds/bin/gnu/h-x86_64-mingw32/bin/../lib/gcc/nios2-elf/4.9.1/../../../../../H-x86_64-mingw32/nios2-elf/lib\libc.a(lib_a-reallocr.o)
                0x000000000120906c                _realloc_r
 .text          0x000000000120960c      0x174 c:/altera/15.0/nios2eds/bin/gnu/h-x86_64-mingw32/bin/../lib/gcc/nios2-elf/4.9.1/../../../../../H-x86_64-mingw32/nios2-elf/lib\libc.a(lib_a-wcrtomb.o)
                0x000000000120960c                _wcrtomb_r
                0x00000000012096a8                wcrtomb
 .text          0x0000000001209780       0x8c c:/altera/15.0/nios2eds/bin/gnu/h-x86_64-mingw32/bin/../lib/gcc/nios2-elf/4.9.1/../../../../../H-x86_64-mingw32/nios2-elf/lib\libc.a(lib_a-wctomb_r.o)
                0x0000000001209780                __ascii_wctomb
                0x00000000012097b0                _wctomb_r
 .text          0x000000000120980c       0x60 c:/altera/15.0/nios2eds/bin/gnu/h-x86_64-mingw32/bin/../lib/gcc/nios2-elf/4.9.1\libgcc.a(_muldi3.o)
                0x000000000120980c                __muldi3
 .text          0x000000000120986c      0x5c0 c:/altera/15.0/nios2eds/bin/gnu/h-x86_64-mingw32/bin/../lib/gcc/nios2-elf/4.9.1\libgcc.a(_udivdi3.o)
                0x000000000120986c                __udivdi3
 .text          0x0000000001209e2c      0x590 c:/altera/15.0/nios2eds/bin/gnu/h-x86_64-mingw32/bin/../lib/gcc/nios2-elf/4.9.1\libgcc.a(_umoddi3.o)
                0x0000000001209e2c                __umoddi3
 .text          0x000000000120a3bc      0x89c c:/altera/15.0/nios2eds/bin/gnu/h-x86_64-mingw32/bin/../lib/gcc/nios2-elf/4.9.1\libgcc.a(adddf3.o)
                0x000000000120a3bc                __adddf3
 .text          0x000000000120ac58      0x8cc c:/altera/15.0/nios2eds/bin/gnu/h-x86_64-mingw32/bin/../lib/gcc/nios2-elf/4.9.1\libgcc.a(divdf3.o)
                0x000000000120ac58                __divdf3
 .text          0x000000000120b524       0x84 c:/altera/15.0/nios2eds/bin/gnu/h-x86_64-mingw32/bin/../lib/gcc/nios2-elf/4.9.1\libgcc.a(eqdf2.o)
                0x000000000120b524                __nedf2
                0x000000000120b524                __eqdf2
 .text          0x000000000120b5a8       0xe0 c:/altera/15.0/nios2eds/bin/gnu/h-x86_64-mingw32/bin/../lib/gcc/nios2-elf/4.9.1\libgcc.a(gedf2.o)
                0x000000000120b5a8                __gedf2
                0x000000000120b5a8                __gtdf2
 .text          0x000000000120b688       0xe0 c:/altera/15.0/nios2eds/bin/gnu/h-x86_64-mingw32/bin/../lib/gcc/nios2-elf/4.9.1\libgcc.a(ledf2.o)
                0x000000000120b688                __ledf2
                0x000000000120b688                __ltdf2
 .text          0x000000000120b768      0x724 c:/altera/15.0/nios2eds/bin/gnu/h-x86_64-mingw32/bin/../lib/gcc/nios2-elf/4.9.1\libgcc.a(muldf3.o)
                0x000000000120b768                __muldf3
 .text          0x000000000120be8c      0x8d0 c:/altera/15.0/nios2eds/bin/gnu/h-x86_64-mingw32/bin/../lib/gcc/nios2-elf/4.9.1\libgcc.a(subdf3.o)
                0x000000000120be8c                __subdf3
 .text          0x000000000120c75c       0x88 c:/altera/15.0/nios2eds/bin/gnu/h-x86_64-mingw32/bin/../lib/gcc/nios2-elf/4.9.1\libgcc.a(fixdfsi.o)
                0x000000000120c75c                __fixdfsi
 .text          0x000000000120c7e4       0xd0 c:/altera/15.0/nios2eds/bin/gnu/h-x86_64-mingw32/bin/../lib/gcc/nios2-elf/4.9.1\libgcc.a(floatsidf.o)
                0x000000000120c7e4                __floatsidf
 .text          0x000000000120c8b4       0xa4 c:/altera/15.0/nios2eds/bin/gnu/h-x86_64-mingw32/bin/../lib/gcc/nios2-elf/4.9.1\libgcc.a(floatunsidf.o)
                0x000000000120c8b4                __floatunsidf
 .text          0x000000000120c958        0x0 c:/altera/15.0/nios2eds/bin/gnu/h-x86_64-mingw32/bin/../lib/gcc/nios2-elf/4.9.1\libgcc.a(_clz.o)
 .text          0x000000000120c958       0x64 c:/altera/15.0/nios2eds/bin/gnu/h-x86_64-mingw32/bin/../lib/gcc/nios2-elf/4.9.1\libgcc.a(_clzsi2.o)
                0x000000000120c958                __clzsi2
 .text          0x000000000120c9bc      0x120 ../hello_bsp1/\libhal_bsp.a(alt_close.o)
                0x000000000120ca0c                close
 .text          0x000000000120cadc       0x2c ../hello_bsp1/\libhal_bsp.a(alt_dev.o)
 .text          0x000000000120cb08        0x0 ../hello_bsp1/\libhal_bsp.a(alt_errno.o)
 .text          0x000000000120cb08      0x100 ../hello_bsp1/\libhal_bsp.a(alt_fstat.o)
                0x000000000120cb58                fstat
 .text          0x000000000120cc08      0x214 ../hello_bsp1/\libhal_bsp.a(alt_gettod.o)
                0x000000000120cc08                gettimeofday
 .text          0x000000000120ce1c       0xf4 ../hello_bsp1/\libhal_bsp.a(alt_isatty.o)
                0x000000000120ce6c                isatty
 .text          0x000000000120cf10      0x124 ../hello_bsp1/\libhal_bsp.a(alt_lseek.o)
                0x000000000120cf60                lseek
 .text          0x000000000120d034       0x78 ../hello_bsp1/\libhal_bsp.a(alt_main.o)
                0x000000000120d034                alt_main
 .text          0x000000000120d0ac       0x40 ../hello_bsp1/\libhal_bsp.a(alt_malloc_lock.o)
                0x000000000120d0ac                __malloc_lock
                0x000000000120d0cc                __malloc_unlock
 .text          0x000000000120d0ec      0x14c ../hello_bsp1/\libhal_bsp.a(alt_read.o)
                0x000000000120d13c                read
 .text          0x000000000120d238       0x60 ../hello_bsp1/\libhal_bsp.a(alt_release_fd.o)
                0x000000000120d238                alt_release_fd
 .text          0x000000000120d298       0xb0 ../hello_bsp1/\libhal_bsp.a(alt_sbrk.o)
                0x000000000120d298                sbrk
 .text          0x000000000120d348      0x19c ../hello_bsp1/\libhal_bsp.a(alt_tick.o)
                0x000000000120d348                alt_alarm_stop
                0x000000000120d3e0                alt_tick
 .text          0x000000000120d4e4      0x148 ../hello_bsp1/\libhal_bsp.a(alt_write.o)
                0x000000000120d534                write
 .text          0x000000000120d62c       0xe8 ../hello_bsp1/\libhal_bsp.a(alt_sys_init.o)
                0x000000000120d664                alt_irq_init
                0x000000000120d698                alt_sys_init
 .text          0x000000000120d714      0x88c ../hello_bsp1/\libhal_bsp.a(altera_avalon_cfi_flash.o)
                0x000000000120d74c                alt_flash_cfi_init
                0x000000000120d7dc                alt_flash_cfi_write
                0x000000000120da84                alt_flash_cfi_get_info
                0x000000000120db10                alt_flash_cfi_read
                0x000000000120db74                alt_write_value_to_flash
                0x000000000120dccc                alt_flash_program_block
 .text          0x000000000120dfa0     0x1454 ../hello_bsp1/\libhal_bsp.a(altera_avalon_cfi_flash_table.o)
                0x000000000120dfa0                alt_read_query_entry_8bit
                0x000000000120dfdc                alt_read_query_entry_16bit
                0x000000000120e01c                alt_read_query_entry_32bit
                0x000000000120e05c                alt_write_flash_command_8bit_device_8bit_mode
                0x000000000120e0a0                alt_write_flash_command_16bit_device_8bit_mode
                0x000000000120e118                alt_write_flash_command_32bit_device_8bit_mode
                0x000000000120e168                alt_write_flash_command_16bit_device_16bit_mode
                0x000000000120e1b4                alt_write_flash_command_32bit_device_16bit_mode
                0x000000000120e204                alt_write_flash_command_32bit_device_32bit_mode
                0x000000000120e254                alt_write_native_8bit
                0x000000000120e28c                alt_write_native_16bit
                0x000000000120e2c4                alt_write_native_32bit
                0x000000000120e2f8                alt_set_flash_width_func
                0x000000000120e4b4                alt_set_flash_algorithm_func
                0x000000000120e5d0                alt_read_cfi_table
                0x000000000120eb98                alt_read_cfi_width
                0x000000000120f31c                alt_check_primary_table
 .text          0x000000000120f3f4      0x164 ../hello_bsp1/\libhal_bsp.a(altera_avalon_jtag_uart_fd.o)
                0x000000000120f3f4                altera_avalon_jtag_uart_read_fd
                0x000000000120f454                altera_avalon_jtag_uart_write_fd
                0x000000000120f4b4                altera_avalon_jtag_uart_close_fd
                0x000000000120f504                altera_avalon_jtag_uart_ioctl_fd
 .text          0x000000000120f558      0x3d8 ../hello_bsp1/\libhal_bsp.a(altera_avalon_jtag_uart_init.o)
                0x000000000120f558                altera_avalon_jtag_uart_init
                0x000000000120f8c8                altera_avalon_jtag_uart_close
 .text          0x000000000120f930       0xec ../hello_bsp1/\libhal_bsp.a(altera_avalon_jtag_uart_ioctl.o)
                0x000000000120f930                altera_avalon_jtag_uart_ioctl
 .text          0x000000000120fa1c      0x20c ../hello_bsp1/\libhal_bsp.a(altera_avalon_jtag_uart_read.o)
                0x000000000120fa1c                altera_avalon_jtag_uart_read
 .text          0x000000000120fc28      0x218 ../hello_bsp1/\libhal_bsp.a(altera_avalon_jtag_uart_write.o)
                0x000000000120fc28                altera_avalon_jtag_uart_write
 .text          0x000000000120fe40       0xfc ../hello_bsp1/\libhal_bsp.a(altera_avalon_timer_sc.o)
                0x000000000120feb4                alt_avalon_timer_sc_init
 .text          0x000000000120ff3c      0x280 ../hello_bsp1/\libhal_bsp.a(perf_print_formatted_report.o)
                0x000000000120ff3c                perf_print_formatted_report
 .text          0x00000000012101bc      0x140 ../hello_bsp1/\libhal_bsp.a(alt_alarm_start.o)
                0x00000000012101bc                alt_alarm_start
 .text          0x00000000012102fc       0x74 ../hello_bsp1/\libhal_bsp.a(alt_dcache_flush.o)
                0x00000000012102fc                alt_dcache_flush
 .text          0x0000000001210370       0xf4 ../hello_bsp1/\libhal_bsp.a(alt_dev_llist_insert.o)
                0x00000000012103c0                alt_dev_llist_insert
 .text          0x0000000001210464       0x5c ../hello_bsp1/\libhal_bsp.a(alt_do_ctors.o)
                0x0000000001210464                _do_ctors
 .text          0x00000000012104c0       0x5c ../hello_bsp1/\libhal_bsp.a(alt_do_dtors.o)
                0x00000000012104c0                _do_dtors
 .text          0x000000000121051c       0xb8 ../hello_bsp1/\libhal_bsp.a(alt_flash_dev.o)
                0x000000000121051c                alt_flash_open_dev
                0x0000000001210584                alt_flash_close_dev
 .text          0x00000000012105d4      0x1e0 ../hello_bsp1/\libhal_bsp.a(alt_iic.o)
                0x00000000012105d4                alt_ic_isr_register
                0x0000000001210624                alt_ic_irq_enable
                0x00000000012106c4                alt_ic_irq_disable
                0x0000000001210768                alt_ic_irq_enabled
 .text          0x00000000012107b4       0xf0 ../hello_bsp1/\libhal_bsp.a(alt_iic_isr_register.o)
                0x00000000012107b4                alt_iic_isr_register
 .text          0x00000000012108a4      0x138 ../hello_bsp1/\libhal_bsp.a(alt_io_redirect.o)
                0x0000000001210964                alt_io_redirect
 .text          0x00000000012109dc        0x0 ../hello_bsp1/\libhal_bsp.a(alt_irq_entry.o)
 .text          0x00000000012109dc        0x0 ../hello_bsp1/\libhal_bsp.a(alt_irq_handler.o)
 .text          0x00000000012109dc        0x0 ../hello_bsp1/\libhal_bsp.a(alt_irq_vars.o)
 .text          0x00000000012109dc      0x274 ../hello_bsp1/\libhal_bsp.a(alt_open.o)
                0x0000000001210af8                open
 .text          0x0000000001210c50       0x20 ../hello_bsp1/\libhal_bsp.a(altera_nios2_gen2_irq.o)
                0x0000000001210c50                altera_nios2_gen2_irq_init
 .text          0x0000000001210c70      0x460 ../hello_bsp1/\libhal_bsp.a(altera_avalon_cfi_flash_amd.o)
                0x0000000001210c70                alt_program_amd
                0x0000000001210cd8                alt_erase_block_amd
 .text          0x00000000012110d0      0x454 ../hello_bsp1/\libhal_bsp.a(altera_avalon_cfi_flash_intel.o)
                0x00000000012110d0                alt_program_intel
                0x0000000001211150                alt_erase_block_intel
 .text          0x0000000001211524      0x190 ../hello_bsp1/\libhal_bsp.a(altera_avalon_performance_counter.o)
                0x0000000001211524                perf_get_section_time
                0x00000000012115e0                perf_get_total_time
                0x000000000121162c                perf_get_num_starts
                0x000000000121166c                alt_get_performance_counter_base
                0x0000000001211690                alt_get_cpu_freq
 .text          0x00000000012116b4        0x0 ../hello_bsp1/\libhal_bsp.a(alt_exception_entry.o)
 .text          0x00000000012116b4       0x90 ../hello_bsp1/\libhal_bsp.a(alt_find_dev.o)
                0x00000000012116b4                alt_find_dev
 .text          0x0000000001211744      0x114 ../hello_bsp1/\libhal_bsp.a(alt_find_file.o)
                0x0000000001211744                alt_find_file
 .text          0x0000000001211858       0xb4 ../hello_bsp1/\libhal_bsp.a(alt_get_fd.o)
                0x0000000001211858                alt_get_fd
 .text          0x000000000121190c       0x9c ../hello_bsp1/\libhal_bsp.a(alt_instruction_exception_entry.o)
                0x000000000121190c                alt_exception_cause_generated_bad_addr
 .text          0x00000000012119a8       0x30 ../hello_bsp1/\libhal_bsp.a(alt_usleep.o)
                0x00000000012119a8                usleep
 .text          0x00000000012119d8      0x158 ../hello_bsp1/\libhal_bsp.a(alt_busy_sleep.o)
                0x00000000012119d8                alt_busy_sleep
 .text          0x0000000001211b30       0x14 c:/altera/15.0/nios2eds/bin/gnu/h-x86_64-mingw32/bin/../lib/gcc/nios2-elf/4.9.1/../../../../../H-x86_64-mingw32/nios2-elf/lib\libc.a(lib_a-atexit.o)
                0x0000000001211b30                atexit
 .text          0x0000000001211b44       0x38 c:/altera/15.0/nios2eds/bin/gnu/h-x86_64-mingw32/bin/../lib/gcc/nios2-elf/4.9.1/../../../../../H-x86_64-mingw32/nios2-elf/lib\libc.a(lib_a-exit.o)
                0x0000000001211b44                exit
 .text          0x0000000001211b7c       0x7c c:/altera/15.0/nios2eds/bin/gnu/h-x86_64-mingw32/bin/../lib/gcc/nios2-elf/4.9.1/../../../../../H-x86_64-mingw32/nios2-elf/lib\libc.a(lib_a-memcmp.o)
                0x0000000001211b7c                memcmp
 .text          0x0000000001211bf8      0x114 c:/altera/15.0/nios2eds/bin/gnu/h-x86_64-mingw32/bin/../lib/gcc/nios2-elf/4.9.1/../../../../../H-x86_64-mingw32/nios2-elf/lib\libc.a(lib_a-__atexit.o)
                0x0000000001211bf8                __register_exitproc
 .text          0x0000000001211d0c      0x194 c:/altera/15.0/nios2eds/bin/gnu/h-x86_64-mingw32/bin/../lib/gcc/nios2-elf/4.9.1/../../../../../H-x86_64-mingw32/nios2-elf/lib\libc.a(lib_a-__call_atexit.o)
                0x0000000001211d0c                __call_exitprocs
 .text          0x0000000001211ea0       0x70 c:/altera/15.0/nios2eds/bin/gnu/h-x86_64-mingw32/bin/../lib/gcc/nios2-elf/4.9.1\libgcc.a(_floatundidf.o)
                0x0000000001211ea0                __floatundidf
 .text          0x0000000001211f10       0x34 ../hello_bsp1/\libhal_bsp.a(alt_exit.o)
                0x0000000001211f10                _exit
 *(.gnu.warning.*)
 *(.fini)
                0x0000000001211f44                PROVIDE (__etext, ABSOLUTE (.))
                0x0000000001211f44                PROVIDE (_etext, ABSOLUTE (.))
                0x0000000001211f44                PROVIDE (etext, ABSOLUTE (.))
 *(.eh_frame_hdr)
                0x0000000001211f44                . = ALIGN (0x4)
                0x0000000001211f44                PROVIDE (__preinit_array_start, ABSOLUTE (.))
 *(.preinit_array)
                0x0000000001211f44                PROVIDE (__preinit_array_end, ABSOLUTE (.))
                0x0000000001211f44                PROVIDE (__init_array_start, ABSOLUTE (.))
 *(.init_array)
                0x0000000001211f44                PROVIDE (__init_array_end, ABSOLUTE (.))
                0x0000000001211f44                PROVIDE (__fini_array_start, ABSOLUTE (.))
 *(.fini_array)
                0x0000000001211f44                PROVIDE (__fini_array_end, ABSOLUTE (.))
 *(.eh_frame)
 *(.gcc_except_table .gcc_except_table.*)
 *(.dynamic)
                0x0000000001211f44                PROVIDE (__CTOR_LIST__, ABSOLUTE (.))
 *(.ctors)
 *(SORT(.ctors.*))
                0x0000000001211f44                PROVIDE (__CTOR_END__, ABSOLUTE (.))
                0x0000000001211f44                PROVIDE (__DTOR_LIST__, ABSOLUTE (.))
 *(.dtors)
 *(SORT(.dtors.*))
                0x0000000001211f44                PROVIDE (__DTOR_END__, ABSOLUTE (.))
 *(.jcr)
                0x0000000001211f44                . = ALIGN (0x4)

.rodata         0x0000000001211f44      0x418
                0x0000000001211f44                PROVIDE (__ram_rodata_start, ABSOLUTE (.))
                0x0000000001211f44                . = ALIGN (0x4)
 *(.rodata .rodata.* .gnu.linkonce.r.*)
 .rodata.str1.4
                0x0000000001211f44       0x10 obj/default/hello_world.o
 .rodata.str1.4
                0x0000000001211f54       0x42 c:/altera/15.0/nios2eds/bin/gnu/h-x86_64-mingw32/bin/../lib/gcc/nios2-elf/4.9.1/../../../../../H-x86_64-mingw32/nios2-elf/lib\libc.a(lib_a-vfprintf.o)
                                         0x44 (size before relaxing)
 .rodata        0x0000000001211f96       0x20 c:/altera/15.0/nios2eds/bin/gnu/h-x86_64-mingw32/bin/../lib/gcc/nios2-elf/4.9.1/../../../../../H-x86_64-mingw32/nios2-elf/lib\libc.a(lib_a-vfprintf.o)
 *fill*         0x0000000001211fb6        0x2 
 .rodata.str1.4
                0x0000000001211fb8       0x10 c:/altera/15.0/nios2eds/bin/gnu/h-x86_64-mingw32/bin/../lib/gcc/nios2-elf/4.9.1/../../../../../H-x86_64-mingw32/nios2-elf/lib\libc.a(lib_a-dtoa.o)
                                         0x14 (size before relaxing)
 .rodata.str1.4
                0x0000000001211fc8        0x2 c:/altera/15.0/nios2eds/bin/gnu/h-x86_64-mingw32/bin/../lib/gcc/nios2-elf/4.9.1/../../../../../H-x86_64-mingw32/nios2-elf/lib\libc.a(lib_a-impure.o)
                                          0x4 (size before relaxing)
 *fill*         0x0000000001211fca        0x2 
 .rodata.str1.4
                0x0000000001211fcc        0xc c:/altera/15.0/nios2eds/bin/gnu/h-x86_64-mingw32/bin/../lib/gcc/nios2-elf/4.9.1/../../../../../H-x86_64-mingw32/nios2-elf/lib\libc.a(lib_a-locale.o)
                                         0x14 (size before relaxing)
 .rodata        0x0000000001211fd8      0x124 c:/altera/15.0/nios2eds/bin/gnu/h-x86_64-mingw32/bin/../lib/gcc/nios2-elf/4.9.1/../../../../../H-x86_64-mingw32/nios2-elf/lib\libc.a(lib_a-mprec.o)
                0x0000000001211fe4                __mprec_tinytens
                0x000000000121200c                __mprec_bigtens
                0x0000000001212034                __mprec_tens
 .rodata.str1.4
                0x0000000000000000       0x30 c:/altera/15.0/nios2eds/bin/gnu/h-x86_64-mingw32/bin/../lib/gcc/nios2-elf/4.9.1/../../../../../H-x86_64-mingw32/nios2-elf/lib\libc.a(lib_a-vfiprintf.o)
 .rodata        0x00000000012120fc       0x20 c:/altera/15.0/nios2eds/bin/gnu/h-x86_64-mingw32/bin/../lib/gcc/nios2-elf/4.9.1/../../../../../H-x86_64-mingw32/nios2-elf/lib\libc.a(lib_a-vfiprintf.o)
 .rodata        0x000000000121211c      0x100 c:/altera/15.0/nios2eds/bin/gnu/h-x86_64-mingw32/bin/../lib/gcc/nios2-elf/4.9.1\libgcc.a(_clz.o)
                0x000000000121211c                __clz_tab
 .rodata        0x000000000121221c        0xc ../hello_bsp1/\libhal_bsp.a(alt_dev.o)
 .rodata        0x0000000001212228       0x10 ../hello_bsp1/\libhal_bsp.a(alt_main.o)
 .rodata        0x0000000001212238       0x24 ../hello_bsp1/\libhal_bsp.a(alt_sys_init.o)
 .rodata        0x000000000121225c      0x100 ../hello_bsp1/\libhal_bsp.a(perf_print_formatted_report.o)
 *(.rodata1)
                0x000000000121235c                . = ALIGN (0x4)
                0x000000000121235c                PROVIDE (__ram_rodata_end, ABSOLUTE (.))
                0x0000000001211f44                PROVIDE (__flash_rodata_start, LOADADDR (.rodata))

.rwdata         0x000000000121235c     0x1cd0
                0x000000000121235c                PROVIDE (__ram_rwdata_start, ABSOLUTE (.))
                0x000000000121235c                . = ALIGN (0x4)
 *(.got.plt)
 *(.got)
 *(.data1)
 *(.data .data.* .gnu.linkonce.d.*)
 .data          0x000000000121235c        0x0 ../hello_bsp1//obj/HAL/src/crt0.o
 .data          0x000000000121235c        0x0 obj/default/hello_world.o
 .data          0x000000000121235c        0x0 c:/altera/15.0/nios2eds/bin/gnu/h-x86_64-mingw32/bin/../lib/gcc/nios2-elf/4.9.1\libgcc.a(lib2-divmod.o)
 .data          0x000000000121235c      0x100 c:/altera/15.0/nios2eds/bin/gnu/h-x86_64-mingw32/bin/../lib/gcc/nios2-elf/4.9.1\libgcc.a(lib2-divtable.o)
                0x000000000121235c                __divsi3_table
 .data          0x000000000121245c        0x0 c:/altera/15.0/nios2eds/bin/gnu/h-x86_64-mingw32/bin/../lib/gcc/nios2-elf/4.9.1/../../../../../H-x86_64-mingw32/nios2-elf/lib\libc.a(lib_a-printf.o)
 .data          0x000000000121245c        0x0 c:/altera/15.0/nios2eds/bin/gnu/h-x86_64-mingw32/bin/../lib/gcc/nios2-elf/4.9.1/../../../../../H-x86_64-mingw32/nios2-elf/lib\libc.a(lib_a-putchar.o)
 .data          0x000000000121245c        0x0 c:/altera/15.0/nios2eds/bin/gnu/h-x86_64-mingw32/bin/../lib/gcc/nios2-elf/4.9.1/../../../../../H-x86_64-mingw32/nios2-elf/lib\libc.a(lib_a-rand.o)
 .data          0x000000000121245c        0x0 c:/altera/15.0/nios2eds/bin/gnu/h-x86_64-mingw32/bin/../lib/gcc/nios2-elf/4.9.1/../../../../../H-x86_64-mingw32/nios2-elf/lib\libc.a(lib_a-time.o)
 .data          0x000000000121245c        0x0 c:/altera/15.0/nios2eds/bin/gnu/h-x86_64-mingw32/bin/../lib/gcc/nios2-elf/4.9.1/../../../../../H-x86_64-mingw32/nios2-elf/lib\libc.a(lib_a-vfprintf.o)
 .data          0x000000000121245c        0x0 c:/altera/15.0/nios2eds/bin/gnu/h-x86_64-mingw32/bin/../lib/gcc/nios2-elf/4.9.1/../../../../../H-x86_64-mingw32/nios2-elf/lib\libc.a(lib_a-wsetup.o)
 .data          0x000000000121245c        0x0 c:/altera/15.0/nios2eds/bin/gnu/h-x86_64-mingw32/bin/../lib/gcc/nios2-elf/4.9.1/../../../../../H-x86_64-mingw32/nios2-elf/lib\libc.a(lib_a-dtoa.o)
 .data          0x000000000121245c        0x0 c:/altera/15.0/nios2eds/bin/gnu/h-x86_64-mingw32/bin/../lib/gcc/nios2-elf/4.9.1/../../../../../H-x86_64-mingw32/nios2-elf/lib\libc.a(lib_a-fflush.o)
 .data          0x000000000121245c        0x0 c:/altera/15.0/nios2eds/bin/gnu/h-x86_64-mingw32/bin/../lib/gcc/nios2-elf/4.9.1/../../../../../H-x86_64-mingw32/nios2-elf/lib\libc.a(lib_a-findfp.o)
 .data          0x000000000121245c        0x0 c:/altera/15.0/nios2eds/bin/gnu/h-x86_64-mingw32/bin/../lib/gcc/nios2-elf/4.9.1/../../../../../H-x86_64-mingw32/nios2-elf/lib\libc.a(lib_a-freer.o)
 .data          0x000000000121245c        0x0 c:/altera/15.0/nios2eds/bin/gnu/h-x86_64-mingw32/bin/../lib/gcc/nios2-elf/4.9.1/../../../../../H-x86_64-mingw32/nios2-elf/lib\libc.a(lib_a-fwalk.o)
 .data          0x000000000121245c        0x0 c:/altera/15.0/nios2eds/bin/gnu/h-x86_64-mingw32/bin/../lib/gcc/nios2-elf/4.9.1/../../../../../H-x86_64-mingw32/nios2-elf/lib\libc.a(lib_a-gettimeofdayr.o)
 .data          0x000000000121245c      0x424 c:/altera/15.0/nios2eds/bin/gnu/h-x86_64-mingw32/bin/../lib/gcc/nios2-elf/4.9.1/../../../../../H-x86_64-mingw32/nios2-elf/lib\libc.a(lib_a-impure.o)
 .data          0x0000000001212880        0x0 c:/altera/15.0/nios2eds/bin/gnu/h-x86_64-mingw32/bin/../lib/gcc/nios2-elf/4.9.1/../../../../../H-x86_64-mingw32/nios2-elf/lib\libc.a(lib_a-int_errno.o)
 .data          0x0000000001212880       0x78 c:/altera/15.0/nios2eds/bin/gnu/h-x86_64-mingw32/bin/../lib/gcc/nios2-elf/4.9.1/../../../../../H-x86_64-mingw32/nios2-elf/lib\libc.a(lib_a-locale.o)
 .data          0x00000000012128f8        0x0 c:/altera/15.0/nios2eds/bin/gnu/h-x86_64-mingw32/bin/../lib/gcc/nios2-elf/4.9.1/../../../../../H-x86_64-mingw32/nios2-elf/lib\libc.a(lib_a-makebuf.o)
 .data          0x00000000012128f8      0x408 c:/altera/15.0/nios2eds/bin/gnu/h-x86_64-mingw32/bin/../lib/gcc/nios2-elf/4.9.1/../../../../../H-x86_64-mingw32/nios2-elf/lib\libc.a(lib_a-mallocr.o)
                0x00000000012128f8                __malloc_av_
 .data          0x0000000001212d00        0x0 c:/altera/15.0/nios2eds/bin/gnu/h-x86_64-mingw32/bin/../lib/gcc/nios2-elf/4.9.1/../../../../../H-x86_64-mingw32/nios2-elf/lib\libc.a(lib_a-memchr.o)
 .data          0x0000000001212d00        0x0 c:/altera/15.0/nios2eds/bin/gnu/h-x86_64-mingw32/bin/../lib/gcc/nios2-elf/4.9.1/../../../../../H-x86_64-mingw32/nios2-elf/lib\libc.a(lib_a-memcpy.o)
 .data          0x0000000001212d00        0x0 c:/altera/15.0/nios2eds/bin/gnu/h-x86_64-mingw32/bin/../lib/gcc/nios2-elf/4.9.1/../../../../../H-x86_64-mingw32/nios2-elf/lib\libc.a(lib_a-memset.o)
 .data          0x0000000001212d00        0x0 c:/altera/15.0/nios2eds/bin/gnu/h-x86_64-mingw32/bin/../lib/gcc/nios2-elf/4.9.1/../../../../../H-x86_64-mingw32/nios2-elf/lib\libc.a(lib_a-mprec.o)
 .data          0x0000000001212d00        0x0 c:/altera/15.0/nios2eds/bin/gnu/h-x86_64-mingw32/bin/../lib/gcc/nios2-elf/4.9.1/../../../../../H-x86_64-mingw32/nios2-elf/lib\libc.a(lib_a-putc.o)
 .data          0x0000000001212d00        0x0 c:/altera/15.0/nios2eds/bin/gnu/h-x86_64-mingw32/bin/../lib/gcc/nios2-elf/4.9.1/../../../../../H-x86_64-mingw32/nios2-elf/lib\libc.a(lib_a-s_fpclassify.o)
 .data          0x0000000001212d00        0x0 c:/altera/15.0/nios2eds/bin/gnu/h-x86_64-mingw32/bin/../lib/gcc/nios2-elf/4.9.1/../../../../../H-x86_64-mingw32/nios2-elf/lib\libc.a(lib_a-sbrkr.o)
 .data          0x0000000001212d00        0x0 c:/altera/15.0/nios2eds/bin/gnu/h-x86_64-mingw32/bin/../lib/gcc/nios2-elf/4.9.1/../../../../../H-x86_64-mingw32/nios2-elf/lib\libc.a(lib_a-stdio.o)
 .data          0x0000000001212d00        0x0 c:/altera/15.0/nios2eds/bin/gnu/h-x86_64-mingw32/bin/../lib/gcc/nios2-elf/4.9.1/../../../../../H-x86_64-mingw32/nios2-elf/lib\libc.a(lib_a-strcmp.o)
 .data          0x0000000001212d00        0x0 c:/altera/15.0/nios2eds/bin/gnu/h-x86_64-mingw32/bin/../lib/gcc/nios2-elf/4.9.1/../../../../../H-x86_64-mingw32/nios2-elf/lib\libc.a(lib_a-strlen.o)
 .data          0x0000000001212d00        0x0 c:/altera/15.0/nios2eds/bin/gnu/h-x86_64-mingw32/bin/../lib/gcc/nios2-elf/4.9.1/../../../../../H-x86_64-mingw32/nios2-elf/lib\libc.a(lib_a-vfiprintf.o)
 .data          0x0000000001212d00        0x0 c:/altera/15.0/nios2eds/bin/gnu/h-x86_64-mingw32/bin/../lib/gcc/nios2-elf/4.9.1/../../../../../H-x86_64-mingw32/nios2-elf/lib\libc.a(lib_a-wbuf.o)
 .data          0x0000000001212d00        0x0 c:/altera/15.0/nios2eds/bin/gnu/h-x86_64-mingw32/bin/../lib/gcc/nios2-elf/4.9.1/../../../../../H-x86_64-mingw32/nios2-elf/lib\libc.a(lib_a-writer.o)
 .data          0x0000000001212d00        0x0 c:/altera/15.0/nios2eds/bin/gnu/h-x86_64-mingw32/bin/../lib/gcc/nios2-elf/4.9.1/../../../../../H-x86_64-mingw32/nios2-elf/lib\libc.a(closer.o)
 .data          0x0000000001212d00        0x0 c:/altera/15.0/nios2eds/bin/gnu/h-x86_64-mingw32/bin/../lib/gcc/nios2-elf/4.9.1/../../../../../H-x86_64-mingw32/nios2-elf/lib\libc.a(lib_a-callocr.o)
 .data          0x0000000001212d00        0x0 c:/altera/15.0/nios2eds/bin/gnu/h-x86_64-mingw32/bin/../lib/gcc/nios2-elf/4.9.1/../../../../../H-x86_64-mingw32/nios2-elf/lib\libc.a(lib_a-fclose.o)
 .data          0x0000000001212d00        0x0 c:/altera/15.0/nios2eds/bin/gnu/h-x86_64-mingw32/bin/../lib/gcc/nios2-elf/4.9.1/../../../../../H-x86_64-mingw32/nios2-elf/lib\libc.a(lib_a-fputwc.o)
 .data          0x0000000001212d00        0x0 c:/altera/15.0/nios2eds/bin/gnu/h-x86_64-mingw32/bin/../lib/gcc/nios2-elf/4.9.1/../../../../../H-x86_64-mingw32/nios2-elf/lib\libc.a(lib_a-fstatr.o)
 .data          0x0000000001212d00        0x0 c:/altera/15.0/nios2eds/bin/gnu/h-x86_64-mingw32/bin/../lib/gcc/nios2-elf/4.9.1/../../../../../H-x86_64-mingw32/nios2-elf/lib\libc.a(lib_a-fvwrite.o)
 .data          0x0000000001212d00        0x0 c:/altera/15.0/nios2eds/bin/gnu/h-x86_64-mingw32/bin/../lib/gcc/nios2-elf/4.9.1/../../../../../H-x86_64-mingw32/nios2-elf/lib\libc.a(lib_a-isattyr.o)
 .data          0x0000000001212d00        0x0 c:/altera/15.0/nios2eds/bin/gnu/h-x86_64-mingw32/bin/../lib/gcc/nios2-elf/4.9.1/../../../../../H-x86_64-mingw32/nios2-elf/lib\libc.a(lib_a-lseekr.o)
 .data          0x0000000001212d00        0x0 c:/altera/15.0/nios2eds/bin/gnu/h-x86_64-mingw32/bin/../lib/gcc/nios2-elf/4.9.1/../../../../../H-x86_64-mingw32/nios2-elf/lib\libc.a(lib_a-memmove.o)
 .data          0x0000000001212d00        0x0 c:/altera/15.0/nios2eds/bin/gnu/h-x86_64-mingw32/bin/../lib/gcc/nios2-elf/4.9.1/../../../../../H-x86_64-mingw32/nios2-elf/lib\libc.a(lib_a-readr.o)
 .data          0x0000000001212d00        0x0 c:/altera/15.0/nios2eds/bin/gnu/h-x86_64-mingw32/bin/../lib/gcc/nios2-elf/4.9.1/../../../../../H-x86_64-mingw32/nios2-elf/lib\libc.a(lib_a-reallocr.o)
 .data          0x0000000001212d00        0x0 c:/altera/15.0/nios2eds/bin/gnu/h-x86_64-mingw32/bin/../lib/gcc/nios2-elf/4.9.1/../../../../../H-x86_64-mingw32/nios2-elf/lib\libc.a(lib_a-wcrtomb.o)
 .data          0x0000000001212d00        0x0 c:/altera/15.0/nios2eds/bin/gnu/h-x86_64-mingw32/bin/../lib/gcc/nios2-elf/4.9.1/../../../../../H-x86_64-mingw32/nios2-elf/lib\libc.a(lib_a-wctomb_r.o)
 .data          0x0000000001212d00        0x0 c:/altera/15.0/nios2eds/bin/gnu/h-x86_64-mingw32/bin/../lib/gcc/nios2-elf/4.9.1\libgcc.a(_muldi3.o)
 .data          0x0000000001212d00        0x0 c:/altera/15.0/nios2eds/bin/gnu/h-x86_64-mingw32/bin/../lib/gcc/nios2-elf/4.9.1\libgcc.a(_udivdi3.o)
 .data          0x0000000001212d00        0x0 c:/altera/15.0/nios2eds/bin/gnu/h-x86_64-mingw32/bin/../lib/gcc/nios2-elf/4.9.1\libgcc.a(_umoddi3.o)
 .data          0x0000000001212d00        0x0 c:/altera/15.0/nios2eds/bin/gnu/h-x86_64-mingw32/bin/../lib/gcc/nios2-elf/4.9.1\libgcc.a(adddf3.o)
 .data          0x0000000001212d00        0x0 c:/altera/15.0/nios2eds/bin/gnu/h-x86_64-mingw32/bin/../lib/gcc/nios2-elf/4.9.1\libgcc.a(divdf3.o)
 .data          0x0000000001212d00        0x0 c:/altera/15.0/nios2eds/bin/gnu/h-x86_64-mingw32/bin/../lib/gcc/nios2-elf/4.9.1\libgcc.a(eqdf2.o)
 .data          0x0000000001212d00        0x0 c:/altera/15.0/nios2eds/bin/gnu/h-x86_64-mingw32/bin/../lib/gcc/nios2-elf/4.9.1\libgcc.a(gedf2.o)
 .data          0x0000000001212d00        0x0 c:/altera/15.0/nios2eds/bin/gnu/h-x86_64-mingw32/bin/../lib/gcc/nios2-elf/4.9.1\libgcc.a(ledf2.o)
 .data          0x0000000001212d00        0x0 c:/altera/15.0/nios2eds/bin/gnu/h-x86_64-mingw32/bin/../lib/gcc/nios2-elf/4.9.1\libgcc.a(muldf3.o)
 .data          0x0000000001212d00        0x0 c:/altera/15.0/nios2eds/bin/gnu/h-x86_64-mingw32/bin/../lib/gcc/nios2-elf/4.9.1\libgcc.a(subdf3.o)
 .data          0x0000000001212d00        0x0 c:/altera/15.0/nios2eds/bin/gnu/h-x86_64-mingw32/bin/../lib/gcc/nios2-elf/4.9.1\libgcc.a(fixdfsi.o)
 .data          0x0000000001212d00        0x0 c:/altera/15.0/nios2eds/bin/gnu/h-x86_64-mingw32/bin/../lib/gcc/nios2-elf/4.9.1\libgcc.a(floatsidf.o)
 .data          0x0000000001212d00        0x0 c:/altera/15.0/nios2eds/bin/gnu/h-x86_64-mingw32/bin/../lib/gcc/nios2-elf/4.9.1\libgcc.a(floatunsidf.o)
 .data          0x0000000001212d00        0x0 c:/altera/15.0/nios2eds/bin/gnu/h-x86_64-mingw32/bin/../lib/gcc/nios2-elf/4.9.1\libgcc.a(_clz.o)
 .data          0x0000000001212d00        0x0 c:/altera/15.0/nios2eds/bin/gnu/h-x86_64-mingw32/bin/../lib/gcc/nios2-elf/4.9.1\libgcc.a(_clzsi2.o)
 .data          0x0000000001212d00        0x0 ../hello_bsp1/\libhal_bsp.a(alt_close.o)
 .data          0x0000000001212d00      0x1a8 ../hello_bsp1/\libhal_bsp.a(alt_dev.o)
                0x0000000001212d00                alt_dev_null
                0x0000000001212d28                alt_fd_list
 .data          0x0000000001212ea8        0x0 ../hello_bsp1/\libhal_bsp.a(alt_errno.o)
 .data          0x0000000001212ea8        0x0 ../hello_bsp1/\libhal_bsp.a(alt_fstat.o)
 .data          0x0000000001212ea8        0x0 ../hello_bsp1/\libhal_bsp.a(alt_gettod.o)
 .data          0x0000000001212ea8        0x0 ../hello_bsp1/\libhal_bsp.a(alt_isatty.o)
 .data          0x0000000001212ea8        0x0 ../hello_bsp1/\libhal_bsp.a(alt_lseek.o)
 .data          0x0000000001212ea8        0x0 ../hello_bsp1/\libhal_bsp.a(alt_main.o)
 .data          0x0000000001212ea8        0x0 ../hello_bsp1/\libhal_bsp.a(alt_malloc_lock.o)
 .data          0x0000000001212ea8        0x0 ../hello_bsp1/\libhal_bsp.a(alt_read.o)
 .data          0x0000000001212ea8        0x0 ../hello_bsp1/\libhal_bsp.a(alt_release_fd.o)
 .data          0x0000000001212ea8        0x0 ../hello_bsp1/\libhal_bsp.a(alt_sbrk.o)
 .data          0x0000000001212ea8        0x0 ../hello_bsp1/\libhal_bsp.a(alt_tick.o)
 .data          0x0000000001212ea8        0x0 ../hello_bsp1/\libhal_bsp.a(alt_write.o)
 .data          0x0000000001212ea8     0x113c ../hello_bsp1/\libhal_bsp.a(alt_sys_init.o)
 .data          0x0000000001213fe4        0x0 ../hello_bsp1/\libhal_bsp.a(altera_avalon_cfi_flash.o)
 .data          0x0000000001213fe4        0x0 ../hello_bsp1/\libhal_bsp.a(altera_avalon_cfi_flash_table.o)
 .data          0x0000000001213fe4        0x0 ../hello_bsp1/\libhal_bsp.a(altera_avalon_jtag_uart_fd.o)
 .data          0x0000000001213fe4        0x0 ../hello_bsp1/\libhal_bsp.a(altera_avalon_jtag_uart_init.o)
 .data          0x0000000001213fe4        0x0 ../hello_bsp1/\libhal_bsp.a(altera_avalon_jtag_uart_ioctl.o)
 .data          0x0000000001213fe4        0x0 ../hello_bsp1/\libhal_bsp.a(altera_avalon_jtag_uart_read.o)
 .data          0x0000000001213fe4        0x0 ../hello_bsp1/\libhal_bsp.a(altera_avalon_jtag_uart_write.o)
 .data          0x0000000001213fe4        0x0 ../hello_bsp1/\libhal_bsp.a(altera_avalon_timer_sc.o)
 .data          0x0000000001213fe4        0x0 ../hello_bsp1/\libhal_bsp.a(perf_print_formatted_report.o)
 .data          0x0000000001213fe4        0x0 ../hello_bsp1/\libhal_bsp.a(alt_alarm_start.o)
 .data          0x0000000001213fe4        0x0 ../hello_bsp1/\libhal_bsp.a(alt_dcache_flush.o)
 .data          0x0000000001213fe4        0x0 ../hello_bsp1/\libhal_bsp.a(alt_dev_llist_insert.o)
 .data          0x0000000001213fe4        0x0 ../hello_bsp1/\libhal_bsp.a(alt_do_ctors.o)
 .data          0x0000000001213fe4        0x0 ../hello_bsp1/\libhal_bsp.a(alt_do_dtors.o)
 .data          0x0000000001213fe4        0x0 ../hello_bsp1/\libhal_bsp.a(alt_flash_dev.o)
 .data          0x0000000001213fe4        0x0 ../hello_bsp1/\libhal_bsp.a(alt_iic.o)
 .data          0x0000000001213fe4        0x0 ../hello_bsp1/\libhal_bsp.a(alt_iic_isr_register.o)
 .data          0x0000000001213fe4        0x0 ../hello_bsp1/\libhal_bsp.a(alt_io_redirect.o)
 .data          0x0000000001213fe4        0x0 ../hello_bsp1/\libhal_bsp.a(alt_irq_entry.o)
 .data          0x0000000001213fe4        0x0 ../hello_bsp1/\libhal_bsp.a(alt_irq_handler.o)
 .data          0x0000000001213fe4        0x0 ../hello_bsp1/\libhal_bsp.a(alt_irq_vars.o)
 .data          0x0000000001213fe4        0x0 ../hello_bsp1/\libhal_bsp.a(alt_open.o)
 .data          0x0000000001213fe4        0x0 ../hello_bsp1/\libhal_bsp.a(altera_nios2_gen2_irq.o)
 .data          0x0000000001213fe4        0x0 ../hello_bsp1/\libhal_bsp.a(altera_avalon_cfi_flash_amd.o)
 .data          0x0000000001213fe4        0x0 ../hello_bsp1/\libhal_bsp.a(altera_avalon_cfi_flash_intel.o)
 .data          0x0000000001213fe4        0x0 ../hello_bsp1/\libhal_bsp.a(altera_avalon_performance_counter.o)
 .data          0x0000000001213fe4        0x0 ../hello_bsp1/\libhal_bsp.a(alt_exception_entry.o)
 .data          0x0000000001213fe4        0x0 ../hello_bsp1/\libhal_bsp.a(alt_find_dev.o)
 .data          0x0000000001213fe4        0x0 ../hello_bsp1/\libhal_bsp.a(alt_find_file.o)
 .data          0x0000000001213fe4        0x0 ../hello_bsp1/\libhal_bsp.a(alt_get_fd.o)
 .data          0x0000000001213fe4        0x0 ../hello_bsp1/\libhal_bsp.a(alt_instruction_exception_entry.o)
 .data          0x0000000001213fe4        0x0 ../hello_bsp1/\libhal_bsp.a(alt_usleep.o)
 .data          0x0000000001213fe4        0x0 ../hello_bsp1/\libhal_bsp.a(alt_busy_sleep.o)
 .data          0x0000000001213fe4        0x0 c:/altera/15.0/nios2eds/bin/gnu/h-x86_64-mingw32/bin/../lib/gcc/nios2-elf/4.9.1/../../../../../H-x86_64-mingw32/nios2-elf/lib\libc.a(lib_a-atexit.o)
 .data          0x0000000001213fe4        0x0 c:/altera/15.0/nios2eds/bin/gnu/h-x86_64-mingw32/bin/../lib/gcc/nios2-elf/4.9.1/../../../../../H-x86_64-mingw32/nios2-elf/lib\libc.a(lib_a-exit.o)
 .data          0x0000000001213fe4        0x0 c:/altera/15.0/nios2eds/bin/gnu/h-x86_64-mingw32/bin/../lib/gcc/nios2-elf/4.9.1/../../../../../H-x86_64-mingw32/nios2-elf/lib\libc.a(lib_a-memcmp.o)
 .data          0x0000000001213fe4        0x0 c:/altera/15.0/nios2eds/bin/gnu/h-x86_64-mingw32/bin/../lib/gcc/nios2-elf/4.9.1/../../../../../H-x86_64-mingw32/nios2-elf/lib\libc.a(lib_a-__atexit.o)
 .data          0x0000000001213fe4        0x0 c:/altera/15.0/nios2eds/bin/gnu/h-x86_64-mingw32/bin/../lib/gcc/nios2-elf/4.9.1/../../../../../H-x86_64-mingw32/nios2-elf/lib\libc.a(lib_a-__call_atexit.o)
 .data          0x0000000001213fe4        0x0 c:/altera/15.0/nios2eds/bin/gnu/h-x86_64-mingw32/bin/../lib/gcc/nios2-elf/4.9.1\libgcc.a(_floatundidf.o)
 .data          0x0000000001213fe4        0x0 ../hello_bsp1/\libhal_bsp.a(alt_exit.o)
                0x000000000121bfe4                _gp = ABSOLUTE ((. + 0x8000))
                0x000000000121bfe4                PROVIDE (gp, _gp)
 *(.rwdata .rwdata.*)
 *(.sdata .sdata.* .gnu.linkonce.s.*)
 .sdata         0x0000000001213fe4        0x8 c:/altera/15.0/nios2eds/bin/gnu/h-x86_64-mingw32/bin/../lib/gcc/nios2-elf/4.9.1/../../../../../H-x86_64-mingw32/nios2-elf/lib\libc.a(lib_a-impure.o)
                0x0000000001213fe4                _global_impure_ptr
                0x0000000001213fe8                _impure_ptr
 .sdata         0x0000000001213fec        0x4 c:/altera/15.0/nios2eds/bin/gnu/h-x86_64-mingw32/bin/../lib/gcc/nios2-elf/4.9.1/../../../../../H-x86_64-mingw32/nios2-elf/lib\libc.a(lib_a-locale.o)
                0x0000000001213fec                __mb_cur_max
 .sdata         0x0000000001213ff0        0x8 c:/altera/15.0/nios2eds/bin/gnu/h-x86_64-mingw32/bin/../lib/gcc/nios2-elf/4.9.1/../../../../../H-x86_64-mingw32/nios2-elf/lib\libc.a(lib_a-mallocr.o)
                0x0000000001213ff0                __malloc_sbrk_base
                0x0000000001213ff4                __malloc_trim_threshold
 .sdata         0x0000000001213ff8        0x4 c:/altera/15.0/nios2eds/bin/gnu/h-x86_64-mingw32/bin/../lib/gcc/nios2-elf/4.9.1/../../../../../H-x86_64-mingw32/nios2-elf/lib\libc.a(lib_a-wctomb_r.o)
                0x0000000001213ff8                __wctomb
 .sdata         0x0000000001213ffc       0x14 ../hello_bsp1/\libhal_bsp.a(alt_dev.o)
                0x0000000001213ffc                alt_fs_list
                0x0000000001214004                alt_dev_list
                0x000000000121400c                alt_max_fd
 .sdata         0x0000000001214010        0x4 ../hello_bsp1/\libhal_bsp.a(alt_errno.o)
                0x0000000001214010                alt_errno
 .sdata         0x0000000001214014        0x4 ../hello_bsp1/\libhal_bsp.a(alt_sbrk.o)
 .sdata         0x0000000001214018        0x8 ../hello_bsp1/\libhal_bsp.a(alt_tick.o)
                0x0000000001214018                alt_alarm_list
 .sdata         0x0000000001214020        0x8 ../hello_bsp1/\libhal_bsp.a(alt_flash_dev.o)
                0x0000000001214020                alt_flash_dev_list
 .sdata         0x0000000001214028        0x4 ../hello_bsp1/\libhal_bsp.a(alt_irq_vars.o)
                0x0000000001214028                alt_priority_mask
 *(.sdata2 .sdata2.* .gnu.linkonce.s2.*)
                0x000000000121402c                . = ALIGN (0x4)
                0x000000000121402c                _edata = ABSOLUTE (.)
                0x000000000121402c                PROVIDE (edata, ABSOLUTE (.))
                0x000000000121402c                PROVIDE (__ram_rwdata_end, ABSOLUTE (.))
                0x000000000121235c                PROVIDE (__flash_rwdata_start, LOADADDR (.rwdata))

.bss            0x000000000121402c      0x178
                0x000000000121402c                __bss_start = ABSOLUTE (.)
                0x000000000121402c                PROVIDE (__sbss_start, ABSOLUTE (.))
                0x000000000121402c                PROVIDE (___sbss_start, ABSOLUTE (.))
 *(.dynsbss)
 *(.sbss .sbss.* .gnu.linkonce.sb.*)
 .sbss          0x000000000121402c        0x4 obj/default/hello_world.o
                0x000000000121402c                interrupt_exit_flag
 .sbss          0x0000000001214030        0x4 obj/default/hello_world.o
                0x0000000001214030                edge_capture
 .sbss          0x0000000001214034        0x4 c:/altera/15.0/nios2eds/bin/gnu/h-x86_64-mingw32/bin/../lib/gcc/nios2-elf/4.9.1/../../../../../H-x86_64-mingw32/nios2-elf/lib\libc.a(lib_a-int_errno.o)
                0x0000000001214034                errno
 .sbss          0x0000000001214038        0xc c:/altera/15.0/nios2eds/bin/gnu/h-x86_64-mingw32/bin/../lib/gcc/nios2-elf/4.9.1/../../../../../H-x86_64-mingw32/nios2-elf/lib\libc.a(lib_a-locale.o)
                0x0000000001214038                _PathLocale
                0x000000000121403c                __mlocale_changed
                0x0000000001214040                __nlocale_changed
 .sbss          0x0000000001214044        0xc c:/altera/15.0/nios2eds/bin/gnu/h-x86_64-mingw32/bin/../lib/gcc/nios2-elf/4.9.1/../../../../../H-x86_64-mingw32/nios2-elf/lib\libc.a(lib_a-mallocr.o)
                0x0000000001214044                __malloc_max_total_mem
                0x0000000001214048                __malloc_max_sbrked_mem
                0x000000000121404c                __malloc_top_pad
 .sbss          0x0000000001214050       0x10 ../hello_bsp1/\libhal_bsp.a(alt_gettod.o)
                0x0000000001214050                alt_timezone
                0x0000000001214058                alt_resettime
 .sbss          0x0000000001214060        0xc ../hello_bsp1/\libhal_bsp.a(alt_main.o)
                0x0000000001214060                alt_argc
                0x0000000001214064                alt_argv
                0x0000000001214068                alt_envp
 .sbss          0x000000000121406c        0x8 ../hello_bsp1/\libhal_bsp.a(alt_tick.o)
                0x000000000121406c                _alt_tick_rate
                0x0000000001214070                _alt_nticks
 .sbss          0x0000000001214074        0x4 ../hello_bsp1/\libhal_bsp.a(alt_irq_vars.o)
                0x0000000001214074                alt_irq_active
 .sbss          0x0000000001214078        0x4 ../hello_bsp1/\libhal_bsp.a(alt_instruction_exception_entry.o)
                0x0000000001214078                alt_instruction_exception_handler
 *(.sbss2 .sbss2.* .gnu.linkonce.sb2.*)
 *(.scommon)
                0x000000000121407c                PROVIDE (__sbss_end, ABSOLUTE (.))
                0x000000000121407c                PROVIDE (___sbss_end, ABSOLUTE (.))
 *(.dynbss)
 *(.bss .bss.* .gnu.linkonce.b.*)
 .bss           0x000000000121407c        0x0 ../hello_bsp1//obj/HAL/src/crt0.o
 .bss           0x000000000121407c        0x0 obj/default/hello_world.o
 .bss           0x000000000121407c        0x0 c:/altera/15.0/nios2eds/bin/gnu/h-x86_64-mingw32/bin/../lib/gcc/nios2-elf/4.9.1\libgcc.a(lib2-divmod.o)
 .bss           0x000000000121407c        0x0 c:/altera/15.0/nios2eds/bin/gnu/h-x86_64-mingw32/bin/../lib/gcc/nios2-elf/4.9.1\libgcc.a(lib2-divtable.o)
 .bss           0x000000000121407c        0x0 c:/altera/15.0/nios2eds/bin/gnu/h-x86_64-mingw32/bin/../lib/gcc/nios2-elf/4.9.1/../../../../../H-x86_64-mingw32/nios2-elf/lib\libc.a(lib_a-printf.o)
 .bss           0x000000000121407c        0x0 c:/altera/15.0/nios2eds/bin/gnu/h-x86_64-mingw32/bin/../lib/gcc/nios2-elf/4.9.1/../../../../../H-x86_64-mingw32/nios2-elf/lib\libc.a(lib_a-putchar.o)
 .bss           0x000000000121407c        0x0 c:/altera/15.0/nios2eds/bin/gnu/h-x86_64-mingw32/bin/../lib/gcc/nios2-elf/4.9.1/../../../../../H-x86_64-mingw32/nios2-elf/lib\libc.a(lib_a-rand.o)
 .bss           0x000000000121407c        0x0 c:/altera/15.0/nios2eds/bin/gnu/h-x86_64-mingw32/bin/../lib/gcc/nios2-elf/4.9.1/../../../../../H-x86_64-mingw32/nios2-elf/lib\libc.a(lib_a-time.o)
 .bss           0x000000000121407c        0x0 c:/altera/15.0/nios2eds/bin/gnu/h-x86_64-mingw32/bin/../lib/gcc/nios2-elf/4.9.1/../../../../../H-x86_64-mingw32/nios2-elf/lib\libc.a(lib_a-vfprintf.o)
 .bss           0x000000000121407c        0x0 c:/altera/15.0/nios2eds/bin/gnu/h-x86_64-mingw32/bin/../lib/gcc/nios2-elf/4.9.1/../../../../../H-x86_64-mingw32/nios2-elf/lib\libc.a(lib_a-wsetup.o)
 .bss           0x000000000121407c        0x0 c:/altera/15.0/nios2eds/bin/gnu/h-x86_64-mingw32/bin/../lib/gcc/nios2-elf/4.9.1/../../../../../H-x86_64-mingw32/nios2-elf/lib\libc.a(lib_a-dtoa.o)
 .bss           0x000000000121407c        0x0 c:/altera/15.0/nios2eds/bin/gnu/h-x86_64-mingw32/bin/../lib/gcc/nios2-elf/4.9.1/../../../../../H-x86_64-mingw32/nios2-elf/lib\libc.a(lib_a-fflush.o)
 .bss           0x000000000121407c        0x0 c:/altera/15.0/nios2eds/bin/gnu/h-x86_64-mingw32/bin/../lib/gcc/nios2-elf/4.9.1/../../../../../H-x86_64-mingw32/nios2-elf/lib\libc.a(lib_a-findfp.o)
 .bss           0x000000000121407c        0x0 c:/altera/15.0/nios2eds/bin/gnu/h-x86_64-mingw32/bin/../lib/gcc/nios2-elf/4.9.1/../../../../../H-x86_64-mingw32/nios2-elf/lib\libc.a(lib_a-freer.o)
 .bss           0x000000000121407c        0x0 c:/altera/15.0/nios2eds/bin/gnu/h-x86_64-mingw32/bin/../lib/gcc/nios2-elf/4.9.1/../../../../../H-x86_64-mingw32/nios2-elf/lib\libc.a(lib_a-fwalk.o)
 .bss           0x000000000121407c        0x0 c:/altera/15.0/nios2eds/bin/gnu/h-x86_64-mingw32/bin/../lib/gcc/nios2-elf/4.9.1/../../../../../H-x86_64-mingw32/nios2-elf/lib\libc.a(lib_a-gettimeofdayr.o)
 .bss           0x000000000121407c        0x0 c:/altera/15.0/nios2eds/bin/gnu/h-x86_64-mingw32/bin/../lib/gcc/nios2-elf/4.9.1/../../../../../H-x86_64-mingw32/nios2-elf/lib\libc.a(lib_a-impure.o)
 .bss           0x000000000121407c        0x0 c:/altera/15.0/nios2eds/bin/gnu/h-x86_64-mingw32/bin/../lib/gcc/nios2-elf/4.9.1/../../../../../H-x86_64-mingw32/nios2-elf/lib\libc.a(lib_a-int_errno.o)
 .bss           0x000000000121407c        0x0 c:/altera/15.0/nios2eds/bin/gnu/h-x86_64-mingw32/bin/../lib/gcc/nios2-elf/4.9.1/../../../../../H-x86_64-mingw32/nios2-elf/lib\libc.a(lib_a-locale.o)
 .bss           0x000000000121407c        0x0 c:/altera/15.0/nios2eds/bin/gnu/h-x86_64-mingw32/bin/../lib/gcc/nios2-elf/4.9.1/../../../../../H-x86_64-mingw32/nios2-elf/lib\libc.a(lib_a-makebuf.o)
 .bss           0x000000000121407c       0x28 c:/altera/15.0/nios2eds/bin/gnu/h-x86_64-mingw32/bin/../lib/gcc/nios2-elf/4.9.1/../../../../../H-x86_64-mingw32/nios2-elf/lib\libc.a(lib_a-mallocr.o)
                0x000000000121407c                __malloc_current_mallinfo
 .bss           0x00000000012140a4        0x0 c:/altera/15.0/nios2eds/bin/gnu/h-x86_64-mingw32/bin/../lib/gcc/nios2-elf/4.9.1/../../../../../H-x86_64-mingw32/nios2-elf/lib\libc.a(lib_a-memchr.o)
 .bss           0x00000000012140a4        0x0 c:/altera/15.0/nios2eds/bin/gnu/h-x86_64-mingw32/bin/../lib/gcc/nios2-elf/4.9.1/../../../../../H-x86_64-mingw32/nios2-elf/lib\libc.a(lib_a-memcpy.o)
 .bss           0x00000000012140a4        0x0 c:/altera/15.0/nios2eds/bin/gnu/h-x86_64-mingw32/bin/../lib/gcc/nios2-elf/4.9.1/../../../../../H-x86_64-mingw32/nios2-elf/lib\libc.a(lib_a-memset.o)
 .bss           0x00000000012140a4        0x0 c:/altera/15.0/nios2eds/bin/gnu/h-x86_64-mingw32/bin/../lib/gcc/nios2-elf/4.9.1/../../../../../H-x86_64-mingw32/nios2-elf/lib\libc.a(lib_a-mprec.o)
 .bss           0x00000000012140a4        0x0 c:/altera/15.0/nios2eds/bin/gnu/h-x86_64-mingw32/bin/../lib/gcc/nios2-elf/4.9.1/../../../../../H-x86_64-mingw32/nios2-elf/lib\libc.a(lib_a-putc.o)
 .bss           0x00000000012140a4        0x0 c:/altera/15.0/nios2eds/bin/gnu/h-x86_64-mingw32/bin/../lib/gcc/nios2-elf/4.9.1/../../../../../H-x86_64-mingw32/nios2-elf/lib\libc.a(lib_a-s_fpclassify.o)
 .bss           0x00000000012140a4        0x0 c:/altera/15.0/nios2eds/bin/gnu/h-x86_64-mingw32/bin/../lib/gcc/nios2-elf/4.9.1/../../../../../H-x86_64-mingw32/nios2-elf/lib\libc.a(lib_a-sbrkr.o)
 .bss           0x00000000012140a4        0x0 c:/altera/15.0/nios2eds/bin/gnu/h-x86_64-mingw32/bin/../lib/gcc/nios2-elf/4.9.1/../../../../../H-x86_64-mingw32/nios2-elf/lib\libc.a(lib_a-stdio.o)
 .bss           0x00000000012140a4        0x0 c:/altera/15.0/nios2eds/bin/gnu/h-x86_64-mingw32/bin/../lib/gcc/nios2-elf/4.9.1/../../../../../H-x86_64-mingw32/nios2-elf/lib\libc.a(lib_a-strcmp.o)
 .bss           0x00000000012140a4        0x0 c:/altera/15.0/nios2eds/bin/gnu/h-x86_64-mingw32/bin/../lib/gcc/nios2-elf/4.9.1/../../../../../H-x86_64-mingw32/nios2-elf/lib\libc.a(lib_a-strlen.o)
 .bss           0x00000000012140a4        0x0 c:/altera/15.0/nios2eds/bin/gnu/h-x86_64-mingw32/bin/../lib/gcc/nios2-elf/4.9.1/../../../../../H-x86_64-mingw32/nios2-elf/lib\libc.a(lib_a-vfiprintf.o)
 .bss           0x00000000012140a4        0x0 c:/altera/15.0/nios2eds/bin/gnu/h-x86_64-mingw32/bin/../lib/gcc/nios2-elf/4.9.1/../../../../../H-x86_64-mingw32/nios2-elf/lib\libc.a(lib_a-wbuf.o)
 .bss           0x00000000012140a4        0x0 c:/altera/15.0/nios2eds/bin/gnu/h-x86_64-mingw32/bin/../lib/gcc/nios2-elf/4.9.1/../../../../../H-x86_64-mingw32/nios2-elf/lib\libc.a(lib_a-writer.o)
 .bss           0x00000000012140a4        0x0 c:/altera/15.0/nios2eds/bin/gnu/h-x86_64-mingw32/bin/../lib/gcc/nios2-elf/4.9.1/../../../../../H-x86_64-mingw32/nios2-elf/lib\libc.a(closer.o)
 .bss           0x00000000012140a4        0x0 c:/altera/15.0/nios2eds/bin/gnu/h-x86_64-mingw32/bin/../lib/gcc/nios2-elf/4.9.1/../../../../../H-x86_64-mingw32/nios2-elf/lib\libc.a(lib_a-callocr.o)
 .bss           0x00000000012140a4        0x0 c:/altera/15.0/nios2eds/bin/gnu/h-x86_64-mingw32/bin/../lib/gcc/nios2-elf/4.9.1/../../../../../H-x86_64-mingw32/nios2-elf/lib\libc.a(lib_a-fclose.o)
 .bss           0x00000000012140a4        0x0 c:/altera/15.0/nios2eds/bin/gnu/h-x86_64-mingw32/bin/../lib/gcc/nios2-elf/4.9.1/../../../../../H-x86_64-mingw32/nios2-elf/lib\libc.a(lib_a-fputwc.o)
 .bss           0x00000000012140a4        0x0 c:/altera/15.0/nios2eds/bin/gnu/h-x86_64-mingw32/bin/../lib/gcc/nios2-elf/4.9.1/../../../../../H-x86_64-mingw32/nios2-elf/lib\libc.a(lib_a-fstatr.o)
 .bss           0x00000000012140a4        0x0 c:/altera/15.0/nios2eds/bin/gnu/h-x86_64-mingw32/bin/../lib/gcc/nios2-elf/4.9.1/../../../../../H-x86_64-mingw32/nios2-elf/lib\libc.a(lib_a-fvwrite.o)
 .bss           0x00000000012140a4        0x0 c:/altera/15.0/nios2eds/bin/gnu/h-x86_64-mingw32/bin/../lib/gcc/nios2-elf/4.9.1/../../../../../H-x86_64-mingw32/nios2-elf/lib\libc.a(lib_a-isattyr.o)
 .bss           0x00000000012140a4        0x0 c:/altera/15.0/nios2eds/bin/gnu/h-x86_64-mingw32/bin/../lib/gcc/nios2-elf/4.9.1/../../../../../H-x86_64-mingw32/nios2-elf/lib\libc.a(lib_a-lseekr.o)
 .bss           0x00000000012140a4        0x0 c:/altera/15.0/nios2eds/bin/gnu/h-x86_64-mingw32/bin/../lib/gcc/nios2-elf/4.9.1/../../../../../H-x86_64-mingw32/nios2-elf/lib\libc.a(lib_a-memmove.o)
 .bss           0x00000000012140a4        0x0 c:/altera/15.0/nios2eds/bin/gnu/h-x86_64-mingw32/bin/../lib/gcc/nios2-elf/4.9.1/../../../../../H-x86_64-mingw32/nios2-elf/lib\libc.a(lib_a-readr.o)
 .bss           0x00000000012140a4        0x0 c:/altera/15.0/nios2eds/bin/gnu/h-x86_64-mingw32/bin/../lib/gcc/nios2-elf/4.9.1/../../../../../H-x86_64-mingw32/nios2-elf/lib\libc.a(lib_a-reallocr.o)
 .bss           0x00000000012140a4        0x0 c:/altera/15.0/nios2eds/bin/gnu/h-x86_64-mingw32/bin/../lib/gcc/nios2-elf/4.9.1/../../../../../H-x86_64-mingw32/nios2-elf/lib\libc.a(lib_a-wcrtomb.o)
 .bss           0x00000000012140a4        0x0 c:/altera/15.0/nios2eds/bin/gnu/h-x86_64-mingw32/bin/../lib/gcc/nios2-elf/4.9.1/../../../../../H-x86_64-mingw32/nios2-elf/lib\libc.a(lib_a-wctomb_r.o)
 .bss           0x00000000012140a4        0x0 c:/altera/15.0/nios2eds/bin/gnu/h-x86_64-mingw32/bin/../lib/gcc/nios2-elf/4.9.1\libgcc.a(_muldi3.o)
 .bss           0x00000000012140a4        0x0 c:/altera/15.0/nios2eds/bin/gnu/h-x86_64-mingw32/bin/../lib/gcc/nios2-elf/4.9.1\libgcc.a(_udivdi3.o)
 .bss           0x00000000012140a4        0x0 c:/altera/15.0/nios2eds/bin/gnu/h-x86_64-mingw32/bin/../lib/gcc/nios2-elf/4.9.1\libgcc.a(_umoddi3.o)
 .bss           0x00000000012140a4        0x0 c:/altera/15.0/nios2eds/bin/gnu/h-x86_64-mingw32/bin/../lib/gcc/nios2-elf/4.9.1\libgcc.a(adddf3.o)
 .bss           0x00000000012140a4        0x0 c:/altera/15.0/nios2eds/bin/gnu/h-x86_64-mingw32/bin/../lib/gcc/nios2-elf/4.9.1\libgcc.a(divdf3.o)
 .bss           0x00000000012140a4        0x0 c:/altera/15.0/nios2eds/bin/gnu/h-x86_64-mingw32/bin/../lib/gcc/nios2-elf/4.9.1\libgcc.a(eqdf2.o)
 .bss           0x00000000012140a4        0x0 c:/altera/15.0/nios2eds/bin/gnu/h-x86_64-mingw32/bin/../lib/gcc/nios2-elf/4.9.1\libgcc.a(gedf2.o)
 .bss           0x00000000012140a4        0x0 c:/altera/15.0/nios2eds/bin/gnu/h-x86_64-mingw32/bin/../lib/gcc/nios2-elf/4.9.1\libgcc.a(ledf2.o)
 .bss           0x00000000012140a4        0x0 c:/altera/15.0/nios2eds/bin/gnu/h-x86_64-mingw32/bin/../lib/gcc/nios2-elf/4.9.1\libgcc.a(muldf3.o)
 .bss           0x00000000012140a4        0x0 c:/altera/15.0/nios2eds/bin/gnu/h-x86_64-mingw32/bin/../lib/gcc/nios2-elf/4.9.1\libgcc.a(subdf3.o)
 .bss           0x00000000012140a4        0x0 c:/altera/15.0/nios2eds/bin/gnu/h-x86_64-mingw32/bin/../lib/gcc/nios2-elf/4.9.1\libgcc.a(fixdfsi.o)
 .bss           0x00000000012140a4        0x0 c:/altera/15.0/nios2eds/bin/gnu/h-x86_64-mingw32/bin/../lib/gcc/nios2-elf/4.9.1\libgcc.a(floatsidf.o)
 .bss           0x00000000012140a4        0x0 c:/altera/15.0/nios2eds/bin/gnu/h-x86_64-mingw32/bin/../lib/gcc/nios2-elf/4.9.1\libgcc.a(floatunsidf.o)
 .bss           0x00000000012140a4        0x0 c:/altera/15.0/nios2eds/bin/gnu/h-x86_64-mingw32/bin/../lib/gcc/nios2-elf/4.9.1\libgcc.a(_clz.o)
 .bss           0x00000000012140a4        0x0 c:/altera/15.0/nios2eds/bin/gnu/h-x86_64-mingw32/bin/../lib/gcc/nios2-elf/4.9.1\libgcc.a(_clzsi2.o)
 .bss           0x00000000012140a4        0x0 ../hello_bsp1/\libhal_bsp.a(alt_close.o)
 .bss           0x00000000012140a4        0x0 ../hello_bsp1/\libhal_bsp.a(alt_dev.o)
 .bss           0x00000000012140a4        0x0 ../hello_bsp1/\libhal_bsp.a(alt_errno.o)
 .bss           0x00000000012140a4        0x0 ../hello_bsp1/\libhal_bsp.a(alt_fstat.o)
 .bss           0x00000000012140a4        0x0 ../hello_bsp1/\libhal_bsp.a(alt_gettod.o)
 .bss           0x00000000012140a4        0x0 ../hello_bsp1/\libhal_bsp.a(alt_isatty.o)
 .bss           0x00000000012140a4        0x0 ../hello_bsp1/\libhal_bsp.a(alt_lseek.o)
 .bss           0x00000000012140a4        0x0 ../hello_bsp1/\libhal_bsp.a(alt_main.o)
 .bss           0x00000000012140a4        0x0 ../hello_bsp1/\libhal_bsp.a(alt_malloc_lock.o)
 .bss           0x00000000012140a4        0x0 ../hello_bsp1/\libhal_bsp.a(alt_read.o)
 .bss           0x00000000012140a4        0x0 ../hello_bsp1/\libhal_bsp.a(alt_release_fd.o)
 .bss           0x00000000012140a4        0x0 ../hello_bsp1/\libhal_bsp.a(alt_sbrk.o)
 .bss           0x00000000012140a4        0x0 ../hello_bsp1/\libhal_bsp.a(alt_tick.o)
 .bss           0x00000000012140a4        0x0 ../hello_bsp1/\libhal_bsp.a(alt_write.o)
 .bss           0x00000000012140a4        0x0 ../hello_bsp1/\libhal_bsp.a(alt_sys_init.o)
 .bss           0x00000000012140a4        0x0 ../hello_bsp1/\libhal_bsp.a(altera_avalon_cfi_flash.o)
 .bss           0x00000000012140a4        0x0 ../hello_bsp1/\libhal_bsp.a(altera_avalon_cfi_flash_table.o)
 .bss           0x00000000012140a4        0x0 ../hello_bsp1/\libhal_bsp.a(altera_avalon_jtag_uart_fd.o)
 .bss           0x00000000012140a4        0x0 ../hello_bsp1/\libhal_bsp.a(altera_avalon_jtag_uart_init.o)
 .bss           0x00000000012140a4        0x0 ../hello_bsp1/\libhal_bsp.a(altera_avalon_jtag_uart_ioctl.o)
 .bss           0x00000000012140a4        0x0 ../hello_bsp1/\libhal_bsp.a(altera_avalon_jtag_uart_read.o)
 .bss           0x00000000012140a4        0x0 ../hello_bsp1/\libhal_bsp.a(altera_avalon_jtag_uart_write.o)
 .bss           0x00000000012140a4        0x0 ../hello_bsp1/\libhal_bsp.a(altera_avalon_timer_sc.o)
 .bss           0x00000000012140a4        0x0 ../hello_bsp1/\libhal_bsp.a(perf_print_formatted_report.o)
 .bss           0x00000000012140a4        0x0 ../hello_bsp1/\libhal_bsp.a(alt_alarm_start.o)
 .bss           0x00000000012140a4        0x0 ../hello_bsp1/\libhal_bsp.a(alt_dcache_flush.o)
 .bss           0x00000000012140a4        0x0 ../hello_bsp1/\libhal_bsp.a(alt_dev_llist_insert.o)
 .bss           0x00000000012140a4        0x0 ../hello_bsp1/\libhal_bsp.a(alt_do_ctors.o)
 .bss           0x00000000012140a4        0x0 ../hello_bsp1/\libhal_bsp.a(alt_do_dtors.o)
 .bss           0x00000000012140a4        0x0 ../hello_bsp1/\libhal_bsp.a(alt_flash_dev.o)
 .bss           0x00000000012140a4        0x0 ../hello_bsp1/\libhal_bsp.a(alt_iic.o)
 .bss           0x00000000012140a4        0x0 ../hello_bsp1/\libhal_bsp.a(alt_iic_isr_register.o)
 .bss           0x00000000012140a4        0x0 ../hello_bsp1/\libhal_bsp.a(alt_io_redirect.o)
 .bss           0x00000000012140a4        0x0 ../hello_bsp1/\libhal_bsp.a(alt_irq_entry.o)
 .bss           0x00000000012140a4        0x0 ../hello_bsp1/\libhal_bsp.a(alt_irq_handler.o)
 .bss           0x00000000012140a4        0x0 ../hello_bsp1/\libhal_bsp.a(alt_irq_vars.o)
 .bss           0x00000000012140a4        0x0 ../hello_bsp1/\libhal_bsp.a(alt_open.o)
 .bss           0x00000000012140a4        0x0 ../hello_bsp1/\libhal_bsp.a(altera_nios2_gen2_irq.o)
 .bss           0x00000000012140a4        0x0 ../hello_bsp1/\libhal_bsp.a(altera_avalon_cfi_flash_amd.o)
 .bss           0x00000000012140a4        0x0 ../hello_bsp1/\libhal_bsp.a(altera_avalon_cfi_flash_intel.o)
 .bss           0x00000000012140a4        0x0 ../hello_bsp1/\libhal_bsp.a(altera_avalon_performance_counter.o)
 .bss           0x00000000012140a4        0x0 ../hello_bsp1/\libhal_bsp.a(alt_exception_entry.o)
 .bss           0x00000000012140a4        0x0 ../hello_bsp1/\libhal_bsp.a(alt_find_dev.o)
 .bss           0x00000000012140a4        0x0 ../hello_bsp1/\libhal_bsp.a(alt_find_file.o)
 .bss           0x00000000012140a4        0x0 ../hello_bsp1/\libhal_bsp.a(alt_get_fd.o)
 .bss           0x00000000012140a4        0x0 ../hello_bsp1/\libhal_bsp.a(alt_instruction_exception_entry.o)
 .bss           0x00000000012140a4        0x0 ../hello_bsp1/\libhal_bsp.a(alt_usleep.o)
 .bss           0x00000000012140a4        0x0 ../hello_bsp1/\libhal_bsp.a(alt_busy_sleep.o)
 .bss           0x00000000012140a4        0x0 c:/altera/15.0/nios2eds/bin/gnu/h-x86_64-mingw32/bin/../lib/gcc/nios2-elf/4.9.1/../../../../../H-x86_64-mingw32/nios2-elf/lib\libc.a(lib_a-atexit.o)
 .bss           0x00000000012140a4        0x0 c:/altera/15.0/nios2eds/bin/gnu/h-x86_64-mingw32/bin/../lib/gcc/nios2-elf/4.9.1/../../../../../H-x86_64-mingw32/nios2-elf/lib\libc.a(lib_a-exit.o)
 .bss           0x00000000012140a4        0x0 c:/altera/15.0/nios2eds/bin/gnu/h-x86_64-mingw32/bin/../lib/gcc/nios2-elf/4.9.1/../../../../../H-x86_64-mingw32/nios2-elf/lib\libc.a(lib_a-memcmp.o)
 .bss           0x00000000012140a4        0x0 c:/altera/15.0/nios2eds/bin/gnu/h-x86_64-mingw32/bin/../lib/gcc/nios2-elf/4.9.1/../../../../../H-x86_64-mingw32/nios2-elf/lib\libc.a(lib_a-__atexit.o)
 .bss           0x00000000012140a4        0x0 c:/altera/15.0/nios2eds/bin/gnu/h-x86_64-mingw32/bin/../lib/gcc/nios2-elf/4.9.1/../../../../../H-x86_64-mingw32/nios2-elf/lib\libc.a(lib_a-__call_atexit.o)
 .bss           0x00000000012140a4        0x0 c:/altera/15.0/nios2eds/bin/gnu/h-x86_64-mingw32/bin/../lib/gcc/nios2-elf/4.9.1\libgcc.a(_floatundidf.o)
 .bss           0x00000000012140a4        0x0 ../hello_bsp1/\libhal_bsp.a(alt_exit.o)
 *(COMMON)
 COMMON         0x00000000012140a4      0x100 ../hello_bsp1/\libhal_bsp.a(alt_irq_handler.o)
                0x00000000012140a4                alt_irq
                0x00000000012141a4                . = ALIGN (0x4)
                0x00000000012141a4                __bss_end = ABSOLUTE (.)

.ext_flash_ctl  0x0000000000800020        0x0
                0x0000000000800020                PROVIDE (_alt_partition_ext_flash_ctl_start, ABSOLUTE (.))
 *(.ext_flash_ctl .ext_flash_ctl. ext_flash_ctl.*)
                0x0000000000800020                . = ALIGN (0x4)
                0x0000000000800020                PROVIDE (_alt_partition_ext_flash_ctl_end, ABSOLUTE (.))
                0x0000000000800020                PROVIDE (_alt_partition_ext_flash_ctl_load_addr, LOADADDR (.ext_flash_ctl))

.ext_ram_ctl    0x00000000012141a4        0x0
                0x00000000012141a4                PROVIDE (_alt_partition_ext_ram_ctl_start, ABSOLUTE (.))
 *(.ext_ram_ctl .ext_ram_ctl. ext_ram_ctl.*)
                0x00000000012141a4                . = ALIGN (0x4)
                0x00000000012141a4                PROVIDE (_alt_partition_ext_ram_ctl_end, ABSOLUTE (.))
                0x00000000012141a4                _end = ABSOLUTE (.)
                0x00000000012141a4                end = ABSOLUTE (.)
                0x00000000012141a4                __alt_stack_base = ABSOLUTE (.)
                0x00000000012141a4                PROVIDE (_alt_partition_ext_ram_ctl_load_addr, LOADADDR (.ext_ram_ctl))

.instruction_tcm
                0x0000000002000000        0x0
                0x0000000002000000                PROVIDE (_alt_partition_instruction_tcm_start, ABSOLUTE (.))
 *(.instruction_tcm .instruction_tcm. instruction_tcm.*)
                0x0000000002000000                . = ALIGN (0x4)
                0x0000000002000000                PROVIDE (_alt_partition_instruction_tcm_end, ABSOLUTE (.))
                0x0000000002000000                PROVIDE (_alt_partition_instruction_tcm_load_addr, LOADADDR (.instruction_tcm))

.stab
 *(.stab)

.stabstr
 *(.stabstr)

.stab.excl
 *(.stab.excl)

.stab.exclstr
 *(.stab.exclstr)

.stab.index
 *(.stab.index)

.stab.indexstr
 *(.stab.indexstr)

.comment        0x0000000000000000       0x23
 *(.comment)
 .comment       0x0000000000000000       0x23 obj/default/hello_world.o
                                         0x24 (size before relaxing)
 .comment       0x0000000000000000       0x24 c:/altera/15.0/nios2eds/bin/gnu/h-x86_64-mingw32/bin/../lib/gcc/nios2-elf/4.9.1\libgcc.a(lib2-divmod.o)
 .comment       0x0000000000000000       0x24 c:/altera/15.0/nios2eds/bin/gnu/h-x86_64-mingw32/bin/../lib/gcc/nios2-elf/4.9.1\libgcc.a(lib2-divtable.o)
 .comment       0x0000000000000000       0x24 c:/altera/15.0/nios2eds/bin/gnu/h-x86_64-mingw32/bin/../lib/gcc/nios2-elf/4.9.1/../../../../../H-x86_64-mingw32/nios2-elf/lib\libc.a(lib_a-printf.o)
 .comment       0x0000000000000000       0x24 c:/altera/15.0/nios2eds/bin/gnu/h-x86_64-mingw32/bin/../lib/gcc/nios2-elf/4.9.1/../../../../../H-x86_64-mingw32/nios2-elf/lib\libc.a(lib_a-putchar.o)
 .comment       0x0000000000000000       0x24 c:/altera/15.0/nios2eds/bin/gnu/h-x86_64-mingw32/bin/../lib/gcc/nios2-elf/4.9.1/../../../../../H-x86_64-mingw32/nios2-elf/lib\libc.a(lib_a-rand.o)
 .comment       0x0000000000000000       0x24 c:/altera/15.0/nios2eds/bin/gnu/h-x86_64-mingw32/bin/../lib/gcc/nios2-elf/4.9.1/../../../../../H-x86_64-mingw32/nios2-elf/lib\libc.a(lib_a-time.o)
 .comment       0x0000000000000000       0x24 c:/altera/15.0/nios2eds/bin/gnu/h-x86_64-mingw32/bin/../lib/gcc/nios2-elf/4.9.1/../../../../../H-x86_64-mingw32/nios2-elf/lib\libc.a(lib_a-vfprintf.o)
 .comment       0x0000000000000000       0x24 c:/altera/15.0/nios2eds/bin/gnu/h-x86_64-mingw32/bin/../lib/gcc/nios2-elf/4.9.1/../../../../../H-x86_64-mingw32/nios2-elf/lib\libc.a(lib_a-wsetup.o)
 .comment       0x0000000000000000       0x24 c:/altera/15.0/nios2eds/bin/gnu/h-x86_64-mingw32/bin/../lib/gcc/nios2-elf/4.9.1/../../../../../H-x86_64-mingw32/nios2-elf/lib\libc.a(lib_a-dtoa.o)
 .comment       0x0000000000000000       0x24 c:/altera/15.0/nios2eds/bin/gnu/h-x86_64-mingw32/bin/../lib/gcc/nios2-elf/4.9.1/../../../../../H-x86_64-mingw32/nios2-elf/lib\libc.a(lib_a-fflush.o)
 .comment       0x0000000000000000       0x24 c:/altera/15.0/nios2eds/bin/gnu/h-x86_64-mingw32/bin/../lib/gcc/nios2-elf/4.9.1/../../../../../H-x86_64-mingw32/nios2-elf/lib\libc.a(lib_a-findfp.o)
 .comment       0x0000000000000000       0x24 c:/altera/15.0/nios2eds/bin/gnu/h-x86_64-mingw32/bin/../lib/gcc/nios2-elf/4.9.1/../../../../../H-x86_64-mingw32/nios2-elf/lib\libc.a(lib_a-freer.o)
 .comment       0x0000000000000000       0x24 c:/altera/15.0/nios2eds/bin/gnu/h-x86_64-mingw32/bin/../lib/gcc/nios2-elf/4.9.1/../../../../../H-x86_64-mingw32/nios2-elf/lib\libc.a(lib_a-fwalk.o)
 .comment       0x0000000000000000       0x24 c:/altera/15.0/nios2eds/bin/gnu/h-x86_64-mingw32/bin/../lib/gcc/nios2-elf/4.9.1/../../../../../H-x86_64-mingw32/nios2-elf/lib\libc.a(lib_a-gettimeofdayr.o)
 .comment       0x0000000000000000       0x24 c:/altera/15.0/nios2eds/bin/gnu/h-x86_64-mingw32/bin/../lib/gcc/nios2-elf/4.9.1/../../../../../H-x86_64-mingw32/nios2-elf/lib\libc.a(lib_a-impure.o)
 .comment       0x0000000000000000       0x24 c:/altera/15.0/nios2eds/bin/gnu/h-x86_64-mingw32/bin/../lib/gcc/nios2-elf/4.9.1/../../../../../H-x86_64-mingw32/nios2-elf/lib\libc.a(lib_a-int_errno.o)
 .comment       0x0000000000000000       0x24 c:/altera/15.0/nios2eds/bin/gnu/h-x86_64-mingw32/bin/../lib/gcc/nios2-elf/4.9.1/../../../../../H-x86_64-mingw32/nios2-elf/lib\libc.a(lib_a-locale.o)
 .comment       0x0000000000000000       0x24 c:/altera/15.0/nios2eds/bin/gnu/h-x86_64-mingw32/bin/../lib/gcc/nios2-elf/4.9.1/../../../../../H-x86_64-mingw32/nios2-elf/lib\libc.a(lib_a-makebuf.o)
 .comment       0x0000000000000000       0x24 c:/altera/15.0/nios2eds/bin/gnu/h-x86_64-mingw32/bin/../lib/gcc/nios2-elf/4.9.1/../../../../../H-x86_64-mingw32/nios2-elf/lib\libc.a(lib_a-mallocr.o)
 .comment       0x0000000000000000       0x24 c:/altera/15.0/nios2eds/bin/gnu/h-x86_64-mingw32/bin/../lib/gcc/nios2-elf/4.9.1/../../../../../H-x86_64-mingw32/nios2-elf/lib\libc.a(lib_a-memchr.o)
 .comment       0x0000000000000000       0x24 c:/altera/15.0/nios2eds/bin/gnu/h-x86_64-mingw32/bin/../lib/gcc/nios2-elf/4.9.1/../../../../../H-x86_64-mingw32/nios2-elf/lib\libc.a(lib_a-memcpy.o)
 .comment       0x0000000000000000       0x24 c:/altera/15.0/nios2eds/bin/gnu/h-x86_64-mingw32/bin/../lib/gcc/nios2-elf/4.9.1/../../../../../H-x86_64-mingw32/nios2-elf/lib\libc.a(lib_a-memset.o)
 .comment       0x0000000000000000       0x24 c:/altera/15.0/nios2eds/bin/gnu/h-x86_64-mingw32/bin/../lib/gcc/nios2-elf/4.9.1/../../../../../H-x86_64-mingw32/nios2-elf/lib\libc.a(lib_a-mprec.o)
 .comment       0x0000000000000000       0x24 c:/altera/15.0/nios2eds/bin/gnu/h-x86_64-mingw32/bin/../lib/gcc/nios2-elf/4.9.1/../../../../../H-x86_64-mingw32/nios2-elf/lib\libc.a(lib_a-putc.o)
 .comment       0x0000000000000000       0x24 c:/altera/15.0/nios2eds/bin/gnu/h-x86_64-mingw32/bin/../lib/gcc/nios2-elf/4.9.1/../../../../../H-x86_64-mingw32/nios2-elf/lib\libc.a(lib_a-s_fpclassify.o)
 .comment       0x0000000000000000       0x24 c:/altera/15.0/nios2eds/bin/gnu/h-x86_64-mingw32/bin/../lib/gcc/nios2-elf/4.9.1/../../../../../H-x86_64-mingw32/nios2-elf/lib\libc.a(lib_a-sbrkr.o)
 .comment       0x0000000000000000       0x24 c:/altera/15.0/nios2eds/bin/gnu/h-x86_64-mingw32/bin/../lib/gcc/nios2-elf/4.9.1/../../../../../H-x86_64-mingw32/nios2-elf/lib\libc.a(lib_a-stdio.o)
 .comment       0x0000000000000000       0x24 c:/altera/15.0/nios2eds/bin/gnu/h-x86_64-mingw32/bin/../lib/gcc/nios2-elf/4.9.1/../../../../../H-x86_64-mingw32/nios2-elf/lib\libc.a(lib_a-strcmp.o)
 .comment       0x0000000000000000       0x24 c:/altera/15.0/nios2eds/bin/gnu/h-x86_64-mingw32/bin/../lib/gcc/nios2-elf/4.9.1/../../../../../H-x86_64-mingw32/nios2-elf/lib\libc.a(lib_a-strlen.o)
 .comment       0x0000000000000000       0x24 c:/altera/15.0/nios2eds/bin/gnu/h-x86_64-mingw32/bin/../lib/gcc/nios2-elf/4.9.1/../../../../../H-x86_64-mingw32/nios2-elf/lib\libc.a(lib_a-vfiprintf.o)
 .comment       0x0000000000000000       0x24 c:/altera/15.0/nios2eds/bin/gnu/h-x86_64-mingw32/bin/../lib/gcc/nios2-elf/4.9.1/../../../../../H-x86_64-mingw32/nios2-elf/lib\libc.a(lib_a-wbuf.o)
 .comment       0x0000000000000000       0x24 c:/altera/15.0/nios2eds/bin/gnu/h-x86_64-mingw32/bin/../lib/gcc/nios2-elf/4.9.1/../../../../../H-x86_64-mingw32/nios2-elf/lib\libc.a(lib_a-writer.o)
 .comment       0x0000000000000000       0x24 c:/altera/15.0/nios2eds/bin/gnu/h-x86_64-mingw32/bin/../lib/gcc/nios2-elf/4.9.1/../../../../../H-x86_64-mingw32/nios2-elf/lib\libc.a(closer.o)
 .comment       0x0000000000000000       0x24 c:/altera/15.0/nios2eds/bin/gnu/h-x86_64-mingw32/bin/../lib/gcc/nios2-elf/4.9.1/../../../../../H-x86_64-mingw32/nios2-elf/lib\libc.a(lib_a-callocr.o)
 .comment       0x0000000000000000       0x24 c:/altera/15.0/nios2eds/bin/gnu/h-x86_64-mingw32/bin/../lib/gcc/nios2-elf/4.9.1/../../../../../H-x86_64-mingw32/nios2-elf/lib\libc.a(lib_a-fclose.o)
 .comment       0x0000000000000000       0x24 c:/altera/15.0/nios2eds/bin/gnu/h-x86_64-mingw32/bin/../lib/gcc/nios2-elf/4.9.1/../../../../../H-x86_64-mingw32/nios2-elf/lib\libc.a(lib_a-fputwc.o)
 .comment       0x0000000000000000       0x24 c:/altera/15.0/nios2eds/bin/gnu/h-x86_64-mingw32/bin/../lib/gcc/nios2-elf/4.9.1/../../../../../H-x86_64-mingw32/nios2-elf/lib\libc.a(lib_a-fstatr.o)
 .comment       0x0000000000000000       0x24 c:/altera/15.0/nios2eds/bin/gnu/h-x86_64-mingw32/bin/../lib/gcc/nios2-elf/4.9.1/../../../../../H-x86_64-mingw32/nios2-elf/lib\libc.a(lib_a-fvwrite.o)
 .comment       0x0000000000000000       0x24 c:/altera/15.0/nios2eds/bin/gnu/h-x86_64-mingw32/bin/../lib/gcc/nios2-elf/4.9.1/../../../../../H-x86_64-mingw32/nios2-elf/lib\libc.a(lib_a-isattyr.o)
 .comment       0x0000000000000000       0x24 c:/altera/15.0/nios2eds/bin/gnu/h-x86_64-mingw32/bin/../lib/gcc/nios2-elf/4.9.1/../../../../../H-x86_64-mingw32/nios2-elf/lib\libc.a(lib_a-lseekr.o)
 .comment       0x0000000000000000       0x24 c:/altera/15.0/nios2eds/bin/gnu/h-x86_64-mingw32/bin/../lib/gcc/nios2-elf/4.9.1/../../../../../H-x86_64-mingw32/nios2-elf/lib\libc.a(lib_a-memmove.o)
 .comment       0x0000000000000000       0x24 c:/altera/15.0/nios2eds/bin/gnu/h-x86_64-mingw32/bin/../lib/gcc/nios2-elf/4.9.1/../../../../../H-x86_64-mingw32/nios2-elf/lib\libc.a(lib_a-readr.o)
 .comment       0x0000000000000000       0x24 c:/altera/15.0/nios2eds/bin/gnu/h-x86_64-mingw32/bin/../lib/gcc/nios2-elf/4.9.1/../../../../../H-x86_64-mingw32/nios2-elf/lib\libc.a(lib_a-reallocr.o)
 .comment       0x0000000000000000       0x24 c:/altera/15.0/nios2eds/bin/gnu/h-x86_64-mingw32/bin/../lib/gcc/nios2-elf/4.9.1/../../../../../H-x86_64-mingw32/nios2-elf/lib\libc.a(lib_a-wcrtomb.o)
 .comment       0x0000000000000000       0x24 c:/altera/15.0/nios2eds/bin/gnu/h-x86_64-mingw32/bin/../lib/gcc/nios2-elf/4.9.1/../../../../../H-x86_64-mingw32/nios2-elf/lib\libc.a(lib_a-wctomb_r.o)
 .comment       0x0000000000000000       0x24 c:/altera/15.0/nios2eds/bin/gnu/h-x86_64-mingw32/bin/../lib/gcc/nios2-elf/4.9.1\libgcc.a(_muldi3.o)
 .comment       0x0000000000000000       0x24 c:/altera/15.0/nios2eds/bin/gnu/h-x86_64-mingw32/bin/../lib/gcc/nios2-elf/4.9.1\libgcc.a(_udivdi3.o)
 .comment       0x0000000000000000       0x24 c:/altera/15.0/nios2eds/bin/gnu/h-x86_64-mingw32/bin/../lib/gcc/nios2-elf/4.9.1\libgcc.a(_umoddi3.o)
 .comment       0x0000000000000000       0x24 c:/altera/15.0/nios2eds/bin/gnu/h-x86_64-mingw32/bin/../lib/gcc/nios2-elf/4.9.1\libgcc.a(adddf3.o)
 .comment       0x0000000000000000       0x24 c:/altera/15.0/nios2eds/bin/gnu/h-x86_64-mingw32/bin/../lib/gcc/nios2-elf/4.9.1\libgcc.a(divdf3.o)
 .comment       0x0000000000000000       0x24 c:/altera/15.0/nios2eds/bin/gnu/h-x86_64-mingw32/bin/../lib/gcc/nios2-elf/4.9.1\libgcc.a(eqdf2.o)
 .comment       0x0000000000000000       0x24 c:/altera/15.0/nios2eds/bin/gnu/h-x86_64-mingw32/bin/../lib/gcc/nios2-elf/4.9.1\libgcc.a(gedf2.o)
 .comment       0x0000000000000000       0x24 c:/altera/15.0/nios2eds/bin/gnu/h-x86_64-mingw32/bin/../lib/gcc/nios2-elf/4.9.1\libgcc.a(ledf2.o)
 .comment       0x0000000000000000       0x24 c:/altera/15.0/nios2eds/bin/gnu/h-x86_64-mingw32/bin/../lib/gcc/nios2-elf/4.9.1\libgcc.a(muldf3.o)
 .comment       0x0000000000000000       0x24 c:/altera/15.0/nios2eds/bin/gnu/h-x86_64-mingw32/bin/../lib/gcc/nios2-elf/4.9.1\libgcc.a(subdf3.o)
 .comment       0x0000000000000000       0x24 c:/altera/15.0/nios2eds/bin/gnu/h-x86_64-mingw32/bin/../lib/gcc/nios2-elf/4.9.1\libgcc.a(fixdfsi.o)